[2025-09-25T06:19:25.322+0000][gc,init] CardTable entry size: 512
[2025-09-25T06:19:25.322+0000][gc     ] Using G1
[2025-09-25T06:19:25.339+0000][gc,init] Version: 21.0.8+9-Ubuntu-0ubuntu124.04.1 (release)
[2025-09-25T06:19:25.339+0000][gc,init] CPUs: 8 total, 8 available
[2025-09-25T06:19:25.339+0000][gc,init] Memory: 15638M
[2025-09-25T06:19:25.339+0000][gc,init] Large Page Support: Disabled
[2025-09-25T06:19:25.339+0000][gc,init] NUMA Support: Disabled
[2025-09-25T06:19:25.339+0000][gc,init] Compressed Oops: Enabled (32-bit)
[2025-09-25T06:19:25.339+0000][gc,init] Heap Region Size: 1M
[2025-09-25T06:19:25.339+0000][gc,init] Heap Min Capacity: 1G
[2025-09-25T06:19:25.339+0000][gc,init] Heap Initial Capacity: 1G
[2025-09-25T06:19:25.339+0000][gc,init] Heap Max Capacity: 1G
[2025-09-25T06:19:25.339+0000][gc,init] Pre-touch: Disabled
[2025-09-25T06:19:25.339+0000][gc,init] Parallel Workers: 8
[2025-09-25T06:19:25.339+0000][gc,init] Concurrent Workers: 2
[2025-09-25T06:19:25.339+0000][gc,init] Concurrent Refinement Workers: 8
[2025-09-25T06:19:25.339+0000][gc,init] Periodic GC: Disabled
[2025-09-25T06:19:25.350+0000][gc,metaspace] CDS archive(s) mapped at: [0x00007a31c3000000-0x00007a31c3ca0000-0x00007a31c3ca0000), size 13238272, SharedBaseAddress: 0x00007a31c3000000, ArchiveRelocationMode: 1.
[2025-09-25T06:19:25.350+0000][gc,metaspace] Compressed class space mapped at: 0x00007a31c4000000-0x00007a3204000000, reserved size: 1073741824
[2025-09-25T06:19:25.350+0000][gc,metaspace] Narrow klass base: 0x00007a31c3000000, Narrow klass shift: 0, Narrow klass range: 0x100000000
[2025-09-25T06:19:27.269+0000][gc,start    ] GC(0) Pause Young (Normal) (G1 Evacuation Pause)
[2025-09-25T06:19:27.273+0000][gc,task     ] GC(0) Using 8 workers of 8 for evacuation
[2025-09-25T06:19:27.290+0000][gc,phases   ] GC(0)   Pre Evacuate Collection Set: 0.2ms
[2025-09-25T06:19:27.290+0000][gc,phases   ] GC(0)   Merge Heap Roots: 0.1ms
[2025-09-25T06:19:27.290+0000][gc,phases   ] GC(0)   Evacuate Collection Set: 11.5ms
[2025-09-25T06:19:27.290+0000][gc,phases   ] GC(0)   Post Evacuate Collection Set: 5.3ms
[2025-09-25T06:19:27.290+0000][gc,phases   ] GC(0)   Other: 3.9ms
[2025-09-25T06:19:27.290+0000][gc,heap     ] GC(0) Eden regions: 51->0(44)
[2025-09-25T06:19:27.290+0000][gc,heap     ] GC(0) Survivor regions: 0->7(7)
[2025-09-25T06:19:27.290+0000][gc,heap     ] GC(0) Old regions: 2->4
[2025-09-25T06:19:27.290+0000][gc,heap     ] GC(0) Humongous regions: 0->0
[2025-09-25T06:19:27.290+0000][gc,metaspace] GC(0) Metaspace: 17724K(17920K)->17724K(17920K) NonClass: 15657K(15744K)->15657K(15744K) Class: 2067K(2176K)->2067K(2176K)
[2025-09-25T06:19:27.290+0000][gc          ] GC(0) Pause Young (Normal) (G1 Evacuation Pause) 52M->9M(1024M) 21.151ms
[2025-09-25T06:19:27.290+0000][gc,cpu      ] GC(0) User=0.02s Sys=0.01s Real=0.02s
[2025-09-25T06:19:27.591+0000][gc,start    ] GC(1) Pause Young (Concurrent Start) (Metadata GC Threshold)
[2025-09-25T06:19:27.591+0000][gc,task     ] GC(1) Using 8 workers of 8 for evacuation
[2025-09-25T06:19:27.609+0000][gc,phases   ] GC(1)   Pre Evacuate Collection Set: 0.3ms
[2025-09-25T06:19:27.609+0000][gc,phases   ] GC(1)   Merge Heap Roots: 0.1ms
[2025-09-25T06:19:27.609+0000][gc,phases   ] GC(1)   Evacuate Collection Set: 16.5ms
[2025-09-25T06:19:27.609+0000][gc,phases   ] GC(1)   Post Evacuate Collection Set: 0.8ms
[2025-09-25T06:19:27.609+0000][gc,phases   ] GC(1)   Other: 0.1ms
[2025-09-25T06:19:27.609+0000][gc,heap     ] GC(1) Eden regions: 13->0(49)
[2025-09-25T06:19:27.609+0000][gc,heap     ] GC(1) Survivor regions: 7->2(7)
[2025-09-25T06:19:27.609+0000][gc,heap     ] GC(1) Old regions: 4->11
[2025-09-25T06:19:27.609+0000][gc,heap     ] GC(1) Humongous regions: 0->0
[2025-09-25T06:19:27.609+0000][gc,metaspace] GC(1) Metaspace: 21254K(21504K)->21254K(21504K) NonClass: 18762K(18880K)->18762K(18880K) Class: 2492K(2624K)->2492K(2624K)
[2025-09-25T06:19:27.609+0000][gc          ] GC(1) Pause Young (Concurrent Start) (Metadata GC Threshold) 21M->10M(1024M) 17.965ms
[2025-09-25T06:19:27.609+0000][gc          ] GC(2) Concurrent Mark Cycle
[2025-09-25T06:19:27.609+0000][gc,marking  ] GC(2) Concurrent Scan Root Regions
[2025-09-25T06:19:27.609+0000][gc,cpu      ] GC(1) User=0.01s Sys=0.00s Real=0.02s
[2025-09-25T06:19:27.624+0000][gc,marking  ] GC(2) Concurrent Scan Root Regions 14.972ms
[2025-09-25T06:19:27.624+0000][gc,marking  ] GC(2) Concurrent Mark
[2025-09-25T06:19:27.624+0000][gc,marking  ] GC(2) Concurrent Mark From Roots
[2025-09-25T06:19:27.624+0000][gc,task     ] GC(2) Using 2 workers of 2 for marking
[2025-09-25T06:19:27.631+0000][gc,marking  ] GC(2) Concurrent Mark From Roots 7.428ms
[2025-09-25T06:19:27.631+0000][gc,marking  ] GC(2) Concurrent Preclean
[2025-09-25T06:19:27.632+0000][gc,marking  ] GC(2) Concurrent Preclean 0.008ms
[2025-09-25T06:19:27.632+0000][gc,start    ] GC(2) Pause Remark
[2025-09-25T06:19:27.638+0000][gc          ] GC(2) Pause Remark 11M->11M(1024M) 6.175ms
[2025-09-25T06:19:27.638+0000][gc,cpu      ] GC(2) User=0.01s Sys=0.00s Real=0.01s
[2025-09-25T06:19:27.638+0000][gc,marking  ] GC(2) Concurrent Mark 13.785ms
[2025-09-25T06:19:27.638+0000][gc,marking  ] GC(2) Concurrent Rebuild Remembered Sets and Scrub Regions
[2025-09-25T06:19:27.642+0000][gc,marking  ] GC(2) Concurrent Rebuild Remembered Sets and Scrub Regions 3.896ms
[2025-09-25T06:19:27.642+0000][gc,start    ] GC(2) Pause Cleanup
[2025-09-25T06:19:27.642+0000][gc          ] GC(2) Pause Cleanup 11M->11M(1024M) 0.278ms
[2025-09-25T06:19:27.642+0000][gc,cpu      ] GC(2) User=0.00s Sys=0.00s Real=0.00s
[2025-09-25T06:19:27.642+0000][gc,marking  ] GC(2) Concurrent Clear Claimed Marks
[2025-09-25T06:19:27.642+0000][gc,marking  ] GC(2) Concurrent Clear Claimed Marks 0.027ms
[2025-09-25T06:19:27.642+0000][gc,marking  ] GC(2) Concurrent Cleanup for Next Mark
[2025-09-25T06:19:27.652+0000][gc,marking  ] GC(2) Concurrent Cleanup for Next Mark 9.760ms
[2025-09-25T06:19:27.652+0000][gc          ] GC(2) Concurrent Mark Cycle 42.988ms
[2025-09-25T06:19:29.240+0000][gc,start    ] GC(3) Pause Young (Prepare Mixed) (G1 Evacuation Pause)
[2025-09-25T06:19:29.240+0000][gc,task     ] GC(3) Using 8 workers of 8 for evacuation
[2025-09-25T06:19:29.249+0000][gc,phases   ] GC(3)   Pre Evacuate Collection Set: 0.3ms
[2025-09-25T06:19:29.249+0000][gc,phases   ] GC(3)   Merge Heap Roots: 0.1ms
[2025-09-25T06:19:29.249+0000][gc,phases   ] GC(3)   Evacuate Collection Set: 7.9ms
[2025-09-25T06:19:29.249+0000][gc,phases   ] GC(3)   Post Evacuate Collection Set: 0.8ms
[2025-09-25T06:19:29.249+0000][gc,phases   ] GC(3)   Other: 0.1ms
[2025-09-25T06:19:29.249+0000][gc,heap     ] GC(3) Eden regions: 49->0(45)
[2025-09-25T06:19:29.249+0000][gc,heap     ] GC(3) Survivor regions: 2->6(7)
[2025-09-25T06:19:29.249+0000][gc,heap     ] GC(3) Old regions: 11->11
[2025-09-25T06:19:29.249+0000][gc,heap     ] GC(3) Humongous regions: 129->129
[2025-09-25T06:19:29.249+0000][gc,metaspace] GC(3) Metaspace: 31358K(31680K)->31358K(31680K) NonClass: 27871K(28032K)->27871K(28032K) Class: 3486K(3648K)->3486K(3648K)
[2025-09-25T06:19:29.249+0000][gc          ] GC(3) Pause Young (Prepare Mixed) (G1 Evacuation Pause) 188M->143M(1024M) 9.314ms
[2025-09-25T06:19:29.249+0000][gc,cpu      ] GC(3) User=0.01s Sys=0.00s Real=0.01s
[2025-09-25T06:19:30.073+0000][gc,start    ] GC(4) Pause Young (Mixed) (Metadata GC Threshold)
[2025-09-25T06:19:30.073+0000][gc,task     ] GC(4) Using 8 workers of 8 for evacuation
[2025-09-25T06:19:30.089+0000][gc,phases   ] GC(4)   Pre Evacuate Collection Set: 0.3ms
[2025-09-25T06:19:30.090+0000][gc,phases   ] GC(4)   Merge Heap Roots: 0.1ms
[2025-09-25T06:19:30.090+0000][gc,phases   ] GC(4)   Evacuate Collection Set: 15.5ms
[2025-09-25T06:19:30.090+0000][gc,phases   ] GC(4)   Post Evacuate Collection Set: 0.6ms
[2025-09-25T06:19:30.090+0000][gc,phases   ] GC(4)   Other: 0.1ms
[2025-09-25T06:19:30.090+0000][gc,heap     ] GC(4) Eden regions: 18->0(49)
[2025-09-25T06:19:30.090+0000][gc,heap     ] GC(4) Survivor regions: 6->2(7)
[2025-09-25T06:19:30.090+0000][gc,heap     ] GC(4) Old regions: 11->15
[2025-09-25T06:19:30.090+0000][gc,heap     ] GC(4) Humongous regions: 129->129
[2025-09-25T06:19:30.090+0000][gc,metaspace] GC(4) Metaspace: 35667K(35968K)->35667K(35968K) NonClass: 31772K(31936K)->31772K(31936K) Class: 3894K(4032K)->3894K(4032K)
[2025-09-25T06:19:30.090+0000][gc          ] GC(4) Pause Young (Mixed) (Metadata GC Threshold) 160M->145M(1024M) 16.738ms
[2025-09-25T06:19:30.090+0000][gc,cpu      ] GC(4) User=0.03s Sys=0.00s Real=0.02s
[2025-09-25T06:19:30.117+0000][gc,start    ] GC(5) Pause Young (Concurrent Start) (Metadata GC Threshold)
[2025-09-25T06:19:30.117+0000][gc,task     ] GC(5) Using 8 workers of 8 for evacuation
[2025-09-25T06:19:30.123+0000][gc,phases   ] GC(5)   Pre Evacuate Collection Set: 0.3ms
[2025-09-25T06:19:30.123+0000][gc,phases   ] GC(5)   Merge Heap Roots: 0.1ms
[2025-09-25T06:19:30.123+0000][gc,phases   ] GC(5)   Evacuate Collection Set: 5.4ms
[2025-09-25T06:19:30.123+0000][gc,phases   ] GC(5)   Post Evacuate Collection Set: 0.4ms
[2025-09-25T06:19:30.123+0000][gc,phases   ] GC(5)   Other: 0.1ms
[2025-09-25T06:19:30.123+0000][gc,heap     ] GC(5) Eden regions: 3->0(48)
[2025-09-25T06:19:30.123+0000][gc,heap     ] GC(5) Survivor regions: 2->3(7)
[2025-09-25T06:19:30.123+0000][gc,heap     ] GC(5) Old regions: 15->15
[2025-09-25T06:19:30.123+0000][gc,heap     ] GC(5) Humongous regions: 129->129
[2025-09-25T06:19:30.123+0000][gc,metaspace] GC(5) Metaspace: 35958K(36288K)->35958K(36288K) NonClass: 32035K(32192K)->32035K(32192K) Class: 3922K(4096K)->3922K(4096K)
[2025-09-25T06:19:30.123+0000][gc          ] GC(5) Pause Young (Concurrent Start) (Metadata GC Threshold) 147M->145M(1024M) 6.440ms
[2025-09-25T06:19:30.123+0000][gc          ] GC(6) Concurrent Mark Cycle
[2025-09-25T06:19:30.123+0000][gc,marking  ] GC(6) Concurrent Scan Root Regions
[2025-09-25T06:19:30.125+0000][gc,marking  ] GC(6) Concurrent Scan Root Regions 1.698ms
[2025-09-25T06:19:30.125+0000][gc,marking  ] GC(6) Concurrent Mark
[2025-09-25T06:19:30.125+0000][gc,marking  ] GC(6) Concurrent Mark From Roots
[2025-09-25T06:19:30.125+0000][gc,task     ] GC(6) Using 2 workers of 2 for marking
[2025-09-25T06:19:30.125+0000][gc,cpu      ] GC(5) User=0.01s Sys=0.00s Real=0.01s
[2025-09-25T06:19:30.157+0000][gc,marking  ] GC(6) Concurrent Mark From Roots 32.326ms
[2025-09-25T06:19:30.157+0000][gc,marking  ] GC(6) Concurrent Preclean
[2025-09-25T06:19:30.157+0000][gc,marking  ] GC(6) Concurrent Preclean 0.084ms
[2025-09-25T06:19:30.160+0000][gc,start    ] GC(6) Pause Remark
[2025-09-25T06:19:30.170+0000][gc          ] GC(6) Pause Remark 146M->146M(1024M) 9.392ms
[2025-09-25T06:19:30.170+0000][gc,cpu      ] GC(6) User=0.02s Sys=0.00s Real=0.01s
[2025-09-25T06:19:30.172+0000][gc,marking  ] GC(6) Concurrent Mark 47.069ms
[2025-09-25T06:19:30.172+0000][gc,marking  ] GC(6) Concurrent Rebuild Remembered Sets and Scrub Regions
[2025-09-25T06:19:30.187+0000][gc,marking  ] GC(6) Concurrent Rebuild Remembered Sets and Scrub Regions 15.192ms
[2025-09-25T06:19:30.189+0000][gc,start    ] GC(6) Pause Cleanup
[2025-09-25T06:19:30.189+0000][gc          ] GC(6) Pause Cleanup 147M->147M(1024M) 0.256ms
[2025-09-25T06:19:30.189+0000][gc,cpu      ] GC(6) User=0.00s Sys=0.00s Real=0.00s
[2025-09-25T06:19:30.196+0000][gc,marking  ] GC(6) Concurrent Clear Claimed Marks
[2025-09-25T06:19:30.196+0000][gc,marking  ] GC(6) Concurrent Clear Claimed Marks 0.081ms
[2025-09-25T06:19:30.196+0000][gc,marking  ] GC(6) Concurrent Cleanup for Next Mark
[2025-09-25T06:19:30.198+0000][gc,marking  ] GC(6) Concurrent Cleanup for Next Mark 1.562ms
[2025-09-25T06:19:30.198+0000][gc          ] GC(6) Concurrent Mark Cycle 74.802ms
[2025-09-25T06:20:58.563+0000][gc,start    ] GC(7) Pause Young (Prepare Mixed) (G1 Evacuation Pause)
[2025-09-25T06:20:58.563+0000][gc,task     ] GC(7) Using 8 workers of 8 for evacuation
[2025-09-25T06:20:58.570+0000][gc,phases   ] GC(7)   Pre Evacuate Collection Set: 0.3ms
[2025-09-25T06:20:58.570+0000][gc,phases   ] GC(7)   Merge Heap Roots: 0.1ms
[2025-09-25T06:20:58.570+0000][gc,phases   ] GC(7)   Evacuate Collection Set: 5.7ms
[2025-09-25T06:20:58.570+0000][gc,phases   ] GC(7)   Post Evacuate Collection Set: 1.2ms
[2025-09-25T06:20:58.570+0000][gc,phases   ] GC(7)   Other: 0.1ms
[2025-09-25T06:20:58.570+0000][gc,heap     ] GC(7) Eden regions: 48->0(45)
[2025-09-25T06:20:58.570+0000][gc,heap     ] GC(7) Survivor regions: 3->6(7)
[2025-09-25T06:20:58.570+0000][gc,heap     ] GC(7) Old regions: 15->15
[2025-09-25T06:20:58.570+0000][gc,heap     ] GC(7) Humongous regions: 141->129
[2025-09-25T06:20:58.570+0000][gc,metaspace] GC(7) Metaspace: 43873K(44480K)->43873K(44480K) NonClass: 38789K(39168K)->38789K(39168K) Class: 5084K(5312K)->5084K(5312K)
[2025-09-25T06:20:58.570+0000][gc          ] GC(7) Pause Young (Prepare Mixed) (G1 Evacuation Pause) 205M->148M(1024M) 7.804ms
[2025-09-25T06:20:58.570+0000][gc,cpu      ] GC(7) User=0.05s Sys=0.00s Real=0.01s
[2025-09-25T06:25:37.210+0000][gc,start    ] GC(8) Pause Young (Mixed) (G1 Evacuation Pause)
[2025-09-25T06:25:37.211+0000][gc,task     ] GC(8) Using 8 workers of 8 for evacuation
[2025-09-25T06:25:37.222+0000][gc,phases   ] GC(8)   Pre Evacuate Collection Set: 0.7ms
[2025-09-25T06:25:37.222+0000][gc,phases   ] GC(8)   Merge Heap Roots: 0.2ms
[2025-09-25T06:25:37.222+0000][gc,phases   ] GC(8)   Evacuate Collection Set: 9.1ms
[2025-09-25T06:25:37.222+0000][gc,phases   ] GC(8)   Post Evacuate Collection Set: 1.1ms
[2025-09-25T06:25:37.222+0000][gc,phases   ] GC(8)   Other: 0.2ms
[2025-09-25T06:25:37.222+0000][gc,heap     ] GC(8) Eden regions: 45->0(48)
[2025-09-25T06:25:37.222+0000][gc,heap     ] GC(8) Survivor regions: 6->3(7)
[2025-09-25T06:25:37.222+0000][gc,heap     ] GC(8) Old regions: 15->19
[2025-09-25T06:25:37.222+0000][gc,heap     ] GC(8) Humongous regions: 129->129
[2025-09-25T06:25:37.222+0000][gc,metaspace] GC(8) Metaspace: 44515K(45184K)->44515K(45184K) NonClass: 39333K(39744K)->39333K(39744K) Class: 5182K(5440K)->5182K(5440K)
[2025-09-25T06:25:37.222+0000][gc          ] GC(8) Pause Young (Mixed) (G1 Evacuation Pause) 193M->149M(1024M) 11.657ms
[2025-09-25T06:25:37.222+0000][gc,cpu      ] GC(8) User=0.06s Sys=0.00s Real=0.01s
[2025-09-25T06:31:09.659+0000][gc,start    ] GC(9) Pause Young (Normal) (G1 Evacuation Pause)
[2025-09-25T06:31:09.659+0000][gc,task     ] GC(9) Using 8 workers of 8 for evacuation
[2025-09-25T06:31:09.667+0000][gc,phases   ] GC(9)   Pre Evacuate Collection Set: 0.5ms
[2025-09-25T06:31:09.667+0000][gc,phases   ] GC(9)   Merge Heap Roots: 0.1ms
[2025-09-25T06:31:09.667+0000][gc,phases   ] GC(9)   Evacuate Collection Set: 6.8ms
[2025-09-25T06:31:09.667+0000][gc,phases   ] GC(9)   Post Evacuate Collection Set: 0.6ms
[2025-09-25T06:31:09.667+0000][gc,phases   ] GC(9)   Other: 0.1ms
[2025-09-25T06:31:09.667+0000][gc,heap     ] GC(9) Eden regions: 48->0(45)
[2025-09-25T06:31:09.667+0000][gc,heap     ] GC(9) Survivor regions: 3->6(7)
[2025-09-25T06:31:09.667+0000][gc,heap     ] GC(9) Old regions: 19->19
[2025-09-25T06:31:09.667+0000][gc,heap     ] GC(9) Humongous regions: 129->129
[2025-09-25T06:31:09.667+0000][gc,metaspace] GC(9) Metaspace: 44909K(45568K)->44909K(45568K) NonClass: 39647K(40064K)->39647K(40064K) Class: 5262K(5504K)->5262K(5504K)
[2025-09-25T06:31:09.667+0000][gc          ] GC(9) Pause Young (Normal) (G1 Evacuation Pause) 197M->152M(1024M) 8.350ms
[2025-09-25T06:31:09.667+0000][gc,cpu      ] GC(9) User=0.05s Sys=0.00s Real=0.01s
[2025-09-25T06:31:10.014+0000][gc,heap,exit] Heap
[2025-09-25T06:31:10.014+0000][gc,heap,exit]  garbage-first heap   total 1048576K, used 164238K [0x00000000c0000000, 0x0000000100000000)
[2025-09-25T06:31:10.014+0000][gc,heap,exit]   region size 1024K, 14 young (14336K), 6 survivors (6144K)
[2025-09-25T06:31:10.014+0000][gc,heap,exit]  Metaspace       used 45641K, committed 46400K, reserved 1114112K
[2025-09-25T06:31:10.014+0000][gc,heap,exit]   class space    used 5408K, committed 5760K, reserved 1048576K
