[2025-09-24T14:27:34.513+0000][gc,init] CardTable entry size: 512
[2025-09-24T14:27:34.513+0000][gc     ] Using G1
[2025-09-24T14:27:34.527+0000][gc,init] Version: 21.0.8+9-Ubuntu-0ubuntu124.04.1 (release)
[2025-09-24T14:27:34.527+0000][gc,init] CPUs: 8 total, 8 available
[2025-09-24T14:27:34.527+0000][gc,init] Memory: 15638M
[2025-09-24T14:27:34.527+0000][gc,init] Large Page Support: Disabled
[2025-09-24T14:27:34.527+0000][gc,init] NUMA Support: Disabled
[2025-09-24T14:27:34.527+0000][gc,init] Compressed Oops: Enabled (32-bit)
[2025-09-24T14:27:34.527+0000][gc,init] Heap Region Size: 1M
[2025-09-24T14:27:34.527+0000][gc,init] Heap Min Capacity: 1G
[2025-09-24T14:27:34.527+0000][gc,init] Heap Initial Capacity: 1G
[2025-09-24T14:27:34.527+0000][gc,init] Heap Max Capacity: 1G
[2025-09-24T14:27:34.527+0000][gc,init] Pre-touch: Disabled
[2025-09-24T14:27:34.527+0000][gc,init] Parallel Workers: 8
[2025-09-24T14:27:34.527+0000][gc,init] Concurrent Workers: 2
[2025-09-24T14:27:34.527+0000][gc,init] Concurrent Refinement Workers: 8
[2025-09-24T14:27:34.527+0000][gc,init] Periodic GC: Disabled
[2025-09-24T14:27:34.536+0000][gc,metaspace] CDS archive(s) mapped at: [0x000078a77b000000-0x000078a77bca0000-0x000078a77bca0000), size 13238272, SharedBaseAddress: 0x000078a77b000000, ArchiveRelocationMode: 1.
[2025-09-24T14:27:34.536+0000][gc,metaspace] Compressed class space mapped at: 0x000078a77c000000-0x000078a7bc000000, reserved size: 1073741824
[2025-09-24T14:27:34.536+0000][gc,metaspace] Narrow klass base: 0x000078a77b000000, Narrow klass shift: 0, Narrow klass range: 0x100000000
[2025-09-24T14:27:37.057+0000][gc,start    ] GC(0) Pause Young (Normal) (G1 Evacuation Pause)
[2025-09-24T14:27:37.059+0000][gc,task     ] GC(0) Using 8 workers of 8 for evacuation
[2025-09-24T14:27:37.078+0000][gc,phases   ] GC(0)   Pre Evacuate Collection Set: 0.2ms
[2025-09-24T14:27:37.078+0000][gc,phases   ] GC(0)   Merge Heap Roots: 1.8ms
[2025-09-24T14:27:37.078+0000][gc,phases   ] GC(0)   Evacuate Collection Set: 15.0ms
[2025-09-24T14:27:37.078+0000][gc,phases   ] GC(0)   Post Evacuate Collection Set: 1.5ms
[2025-09-24T14:27:37.078+0000][gc,phases   ] GC(0)   Other: 2.4ms
[2025-09-24T14:27:37.078+0000][gc,heap     ] GC(0) Eden regions: 51->0(44)
[2025-09-24T14:27:37.078+0000][gc,heap     ] GC(0) Survivor regions: 0->7(7)
[2025-09-24T14:27:37.078+0000][gc,heap     ] GC(0) Old regions: 2->4
[2025-09-24T14:27:37.078+0000][gc,heap     ] GC(0) Humongous regions: 0->0
[2025-09-24T14:27:37.078+0000][gc,metaspace] GC(0) Metaspace: 17540K(17792K)->17540K(17792K) NonClass: 15483K(15616K)->15483K(15616K) Class: 2057K(2176K)->2057K(2176K)
[2025-09-24T14:27:37.078+0000][gc          ] GC(0) Pause Young (Normal) (G1 Evacuation Pause) 52M->9M(1024M) 21.093ms
[2025-09-24T14:27:37.078+0000][gc,cpu      ] GC(0) User=0.02s Sys=0.01s Real=0.02s
[2025-09-24T14:27:37.901+0000][gc,start    ] GC(1) Pause Young (Concurrent Start) (Metadata GC Threshold)
[2025-09-24T14:27:37.901+0000][gc,task     ] GC(1) Using 8 workers of 8 for evacuation
[2025-09-24T14:27:37.947+0000][gc,mmu      ] GC(1) MMU target violated: 21.0ms (20.0ms/21.0ms)
[2025-09-24T14:27:37.947+0000][gc,phases   ] GC(1)   Pre Evacuate Collection Set: 17.4ms
[2025-09-24T14:27:37.948+0000][gc,phases   ] GC(1)   Merge Heap Roots: 0.1ms
[2025-09-24T14:27:37.948+0000][gc,phases   ] GC(1)   Evacuate Collection Set: 27.6ms
[2025-09-24T14:27:37.948+0000][gc,phases   ] GC(1)   Post Evacuate Collection Set: 0.8ms
[2025-09-24T14:27:37.948+0000][gc,phases   ] GC(1)   Other: 0.3ms
[2025-09-24T14:27:37.948+0000][gc,heap     ] GC(1) Eden regions: 15->0(50)
[2025-09-24T14:27:37.948+0000][gc,heap     ] GC(1) Survivor regions: 7->1(7)
[2025-09-24T14:27:37.948+0000][gc,heap     ] GC(1) Old regions: 4->10
[2025-09-24T14:27:37.948+0000][gc,heap     ] GC(1) Humongous regions: 0->0
[2025-09-24T14:27:37.948+0000][gc,metaspace] GC(1) Metaspace: 21293K(21504K)->21293K(21504K) NonClass: 18785K(18880K)->18785K(18880K) Class: 2507K(2624K)->2507K(2624K)
[2025-09-24T14:27:37.948+0000][gc          ] GC(1) Pause Young (Concurrent Start) (Metadata GC Threshold) 23M->9M(1024M) 46.258ms
[2025-09-24T14:27:37.948+0000][gc          ] GC(2) Concurrent Mark Cycle
[2025-09-24T14:27:37.948+0000][gc,marking  ] GC(2) Concurrent Scan Root Regions
[2025-09-24T14:27:37.948+0000][gc,cpu      ] GC(1) User=0.02s Sys=0.00s Real=0.04s
[2025-09-24T14:27:37.959+0000][gc,marking  ] GC(2) Concurrent Scan Root Regions 11.502ms
[2025-09-24T14:27:37.959+0000][gc,marking  ] GC(2) Concurrent Mark
[2025-09-24T14:27:37.959+0000][gc,marking  ] GC(2) Concurrent Mark From Roots
[2025-09-24T14:27:37.959+0000][gc,task     ] GC(2) Using 2 workers of 2 for marking
[2025-09-24T14:27:37.963+0000][gc,marking  ] GC(2) Concurrent Mark From Roots 4.163ms
[2025-09-24T14:27:37.963+0000][gc,marking  ] GC(2) Concurrent Preclean
[2025-09-24T14:27:37.963+0000][gc,marking  ] GC(2) Concurrent Preclean 0.012ms
[2025-09-24T14:27:37.963+0000][gc,start    ] GC(2) Pause Remark
[2025-09-24T14:27:37.968+0000][gc          ] GC(2) Pause Remark 10M->10M(1024M) 4.559ms
[2025-09-24T14:27:37.968+0000][gc,cpu      ] GC(2) User=0.00s Sys=0.00s Real=0.00s
[2025-09-24T14:27:37.968+0000][gc,marking  ] GC(2) Concurrent Mark 8.981ms
[2025-09-24T14:27:37.968+0000][gc,marking  ] GC(2) Concurrent Rebuild Remembered Sets and Scrub Regions
[2025-09-24T14:27:37.972+0000][gc,marking  ] GC(2) Concurrent Rebuild Remembered Sets and Scrub Regions 3.772ms
[2025-09-24T14:27:37.975+0000][gc,start    ] GC(2) Pause Cleanup
[2025-09-24T14:27:37.975+0000][gc          ] GC(2) Pause Cleanup 10M->10M(1024M) 0.263ms
[2025-09-24T14:27:37.975+0000][gc,cpu      ] GC(2) User=0.00s Sys=0.00s Real=0.00s
[2025-09-24T14:27:37.975+0000][gc,marking  ] GC(2) Concurrent Clear Claimed Marks
[2025-09-24T14:27:37.975+0000][gc,marking  ] GC(2) Concurrent Clear Claimed Marks 0.023ms
[2025-09-24T14:27:37.975+0000][gc,marking  ] GC(2) Concurrent Cleanup for Next Mark
[2025-09-24T14:27:37.984+0000][gc,marking  ] GC(2) Concurrent Cleanup for Next Mark 8.723ms
[2025-09-24T14:27:37.984+0000][gc          ] GC(2) Concurrent Mark Cycle 36.662ms
[2025-09-24T14:27:39.775+0000][gc,start    ] GC(3) Pause Young (Prepare Mixed) (G1 Evacuation Pause)
[2025-09-24T14:27:39.775+0000][gc,task     ] GC(3) Using 8 workers of 8 for evacuation
[2025-09-24T14:27:39.799+0000][gc,mmu      ] GC(3) MMU target violated: 21.0ms (20.0ms/21.0ms)
[2025-09-24T14:27:39.799+0000][gc,phases   ] GC(3)   Pre Evacuate Collection Set: 4.2ms
[2025-09-24T14:27:39.799+0000][gc,phases   ] GC(3)   Merge Heap Roots: 0.1ms
[2025-09-24T14:27:39.799+0000][gc,phases   ] GC(3)   Evacuate Collection Set: 18.8ms
[2025-09-24T14:27:39.799+0000][gc,phases   ] GC(3)   Post Evacuate Collection Set: 0.9ms
[2025-09-24T14:27:39.799+0000][gc,phases   ] GC(3)   Other: 0.1ms
[2025-09-24T14:27:39.799+0000][gc,heap     ] GC(3) Eden regions: 50->0(44)
[2025-09-24T14:27:39.799+0000][gc,heap     ] GC(3) Survivor regions: 1->7(7)
[2025-09-24T14:27:39.799+0000][gc,heap     ] GC(3) Old regions: 10->10
[2025-09-24T14:27:39.799+0000][gc,heap     ] GC(3) Humongous regions: 129->129
[2025-09-24T14:27:39.799+0000][gc,metaspace] GC(3) Metaspace: 32989K(33344K)->32989K(33344K) NonClass: 29413K(29632K)->29413K(29632K) Class: 3575K(3712K)->3575K(3712K)
[2025-09-24T14:27:39.799+0000][gc          ] GC(3) Pause Young (Prepare Mixed) (G1 Evacuation Pause) 188M->144M(1024M) 24.234ms
[2025-09-24T14:27:39.799+0000][gc,cpu      ] GC(3) User=0.02s Sys=0.00s Real=0.02s
[2025-09-24T14:27:40.212+0000][gc,start    ] GC(4) Pause Young (Mixed) (Metadata GC Threshold)
[2025-09-24T14:27:40.212+0000][gc,task     ] GC(4) Using 8 workers of 8 for evacuation
[2025-09-24T14:27:40.233+0000][gc,mmu      ] GC(4) MMU target violated: 20.4ms (20.0ms/21.0ms)
[2025-09-24T14:27:40.233+0000][gc,phases   ] GC(4)   Pre Evacuate Collection Set: 0.7ms
[2025-09-24T14:27:40.233+0000][gc,phases   ] GC(4)   Merge Heap Roots: 0.1ms
[2025-09-24T14:27:40.233+0000][gc,phases   ] GC(4)   Evacuate Collection Set: 18.9ms
[2025-09-24T14:27:40.233+0000][gc,phases   ] GC(4)   Post Evacuate Collection Set: 0.7ms
[2025-09-24T14:27:40.233+0000][gc,phases   ] GC(4)   Other: 0.1ms
[2025-09-24T14:27:40.233+0000][gc,heap     ] GC(4) Eden regions: 11->0(50)
[2025-09-24T14:27:40.233+0000][gc,heap     ] GC(4) Survivor regions: 7->1(7)
[2025-09-24T14:27:40.233+0000][gc,heap     ] GC(4) Old regions: 10->16
[2025-09-24T14:27:40.233+0000][gc,heap     ] GC(4) Humongous regions: 129->129
[2025-09-24T14:27:40.233+0000][gc,metaspace] GC(4) Metaspace: 35716K(35968K)->35716K(35968K) NonClass: 31806K(31936K)->31806K(31936K) Class: 3910K(4032K)->3910K(4032K)
[2025-09-24T14:27:40.233+0000][gc          ] GC(4) Pause Young (Mixed) (Metadata GC Threshold) 154M->145M(1024M) 20.566ms
[2025-09-24T14:27:40.233+0000][gc,cpu      ] GC(4) User=0.02s Sys=0.00s Real=0.02s
[2025-09-24T14:27:40.289+0000][gc,start    ] GC(5) Pause Young (Concurrent Start) (Metadata GC Threshold)
[2025-09-24T14:27:40.289+0000][gc,task     ] GC(5) Using 8 workers of 8 for evacuation
[2025-09-24T14:27:40.294+0000][gc,phases   ] GC(5)   Pre Evacuate Collection Set: 0.3ms
[2025-09-24T14:27:40.294+0000][gc,phases   ] GC(5)   Merge Heap Roots: 0.1ms
[2025-09-24T14:27:40.294+0000][gc,phases   ] GC(5)   Evacuate Collection Set: 3.4ms
[2025-09-24T14:27:40.294+0000][gc,phases   ] GC(5)   Post Evacuate Collection Set: 0.5ms
[2025-09-24T14:27:40.294+0000][gc,phases   ] GC(5)   Other: 0.1ms
[2025-09-24T14:27:40.294+0000][gc,heap     ] GC(5) Eden regions: 3->0(50)
[2025-09-24T14:27:40.294+0000][gc,heap     ] GC(5) Survivor regions: 1->1(7)
[2025-09-24T14:27:40.294+0000][gc,heap     ] GC(5) Old regions: 16->16
[2025-09-24T14:27:40.294+0000][gc,heap     ] GC(5) Humongous regions: 129->129
[2025-09-24T14:27:40.294+0000][gc,metaspace] GC(5) Metaspace: 36045K(36288K)->36045K(36288K) NonClass: 32099K(32256K)->32099K(32256K) Class: 3945K(4032K)->3945K(4032K)
[2025-09-24T14:27:40.294+0000][gc          ] GC(5) Pause Young (Concurrent Start) (Metadata GC Threshold) 147M->144M(1024M) 4.655ms
[2025-09-24T14:27:40.294+0000][gc          ] GC(6) Concurrent Mark Cycle
[2025-09-24T14:27:40.294+0000][gc,marking  ] GC(6) Concurrent Scan Root Regions
[2025-09-24T14:27:40.294+0000][gc,cpu      ] GC(5) User=0.01s Sys=0.00s Real=0.01s
[2025-09-24T14:27:40.297+0000][gc,marking  ] GC(6) Concurrent Scan Root Regions 3.200ms
[2025-09-24T14:27:40.297+0000][gc,marking  ] GC(6) Concurrent Mark
[2025-09-24T14:27:40.297+0000][gc,marking  ] GC(6) Concurrent Mark From Roots
[2025-09-24T14:27:40.297+0000][gc,task     ] GC(6) Using 2 workers of 2 for marking
[2025-09-24T14:27:40.499+0000][gc,marking  ] GC(6) Concurrent Mark From Roots 201.395ms
[2025-09-24T14:27:40.499+0000][gc,marking  ] GC(6) Concurrent Preclean
[2025-09-24T14:27:40.499+0000][gc,marking  ] GC(6) Concurrent Preclean 0.110ms
[2025-09-24T14:27:40.499+0000][gc,start    ] GC(6) Pause Remark
[2025-09-24T14:27:40.508+0000][gc          ] GC(6) Pause Remark 146M->146M(1024M) 8.897ms
[2025-09-24T14:27:40.508+0000][gc,cpu      ] GC(6) User=0.00s Sys=0.01s Real=0.01s
[2025-09-24T14:27:40.511+0000][gc,marking  ] GC(6) Concurrent Mark 213.281ms
[2025-09-24T14:27:40.511+0000][gc,marking  ] GC(6) Concurrent Rebuild Remembered Sets and Scrub Regions
[2025-09-24T14:27:40.524+0000][gc,marking  ] GC(6) Concurrent Rebuild Remembered Sets and Scrub Regions 13.466ms
[2025-09-24T14:27:40.524+0000][gc,start    ] GC(6) Pause Cleanup
[2025-09-24T14:27:40.524+0000][gc          ] GC(6) Pause Cleanup 147M->147M(1024M) 0.189ms
[2025-09-24T14:27:40.524+0000][gc,cpu      ] GC(6) User=0.00s Sys=0.00s Real=0.00s
[2025-09-24T14:27:40.526+0000][gc,marking  ] GC(6) Concurrent Clear Claimed Marks
[2025-09-24T14:27:40.526+0000][gc,marking  ] GC(6) Concurrent Clear Claimed Marks 0.058ms
[2025-09-24T14:27:40.526+0000][gc,marking  ] GC(6) Concurrent Cleanup for Next Mark
[2025-09-24T14:27:40.531+0000][gc,marking  ] GC(6) Concurrent Cleanup for Next Mark 4.525ms
[2025-09-24T14:27:40.531+0000][gc          ] GC(6) Concurrent Mark Cycle 236.839ms
[2025-09-24T14:28:23.325+0000][gc,start    ] GC(7) Pause Young (Prepare Mixed) (G1 Evacuation Pause)
[2025-09-24T14:28:23.325+0000][gc,task     ] GC(7) Using 8 workers of 8 for evacuation
[2025-09-24T14:28:23.334+0000][gc,phases   ] GC(7)   Pre Evacuate Collection Set: 0.5ms
[2025-09-24T14:28:23.334+0000][gc,phases   ] GC(7)   Merge Heap Roots: 0.1ms
[2025-09-24T14:28:23.334+0000][gc,phases   ] GC(7)   Evacuate Collection Set: 5.7ms
[2025-09-24T14:28:23.334+0000][gc,phases   ] GC(7)   Post Evacuate Collection Set: 1.8ms
[2025-09-24T14:28:23.334+0000][gc,phases   ] GC(7)   Other: 0.1ms
[2025-09-24T14:28:23.334+0000][gc,heap     ] GC(7) Eden regions: 50->0(46)
[2025-09-24T14:28:23.334+0000][gc,heap     ] GC(7) Survivor regions: 1->5(7)
[2025-09-24T14:28:23.334+0000][gc,heap     ] GC(7) Old regions: 16->16
[2025-09-24T14:28:23.334+0000][gc,heap     ] GC(7) Humongous regions: 129->129
[2025-09-24T14:28:23.334+0000][gc,metaspace] GC(7) Metaspace: 43884K(44544K)->43884K(44544K) NonClass: 38666K(39040K)->38666K(39040K) Class: 5218K(5504K)->5218K(5504K)
[2025-09-24T14:28:23.334+0000][gc          ] GC(7) Pause Young (Prepare Mixed) (G1 Evacuation Pause) 194M->148M(1024M) 8.478ms
[2025-09-24T14:28:23.334+0000][gc,cpu      ] GC(7) User=0.04s Sys=0.01s Real=0.01s
[2025-09-24T14:33:33.295+0000][gc,start    ] GC(8) Pause Young (Mixed) (G1 Evacuation Pause)
[2025-09-24T14:33:33.295+0000][gc,task     ] GC(8) Using 8 workers of 8 for evacuation
[2025-09-24T14:33:33.305+0000][gc,phases   ] GC(8)   Pre Evacuate Collection Set: 0.4ms
[2025-09-24T14:33:33.305+0000][gc,phases   ] GC(8)   Merge Heap Roots: 0.2ms
[2025-09-24T14:33:33.305+0000][gc,phases   ] GC(8)   Evacuate Collection Set: 8.8ms
[2025-09-24T14:33:33.305+0000][gc,phases   ] GC(8)   Post Evacuate Collection Set: 0.6ms
[2025-09-24T14:33:33.305+0000][gc,phases   ] GC(8)   Other: 0.1ms
[2025-09-24T14:33:33.305+0000][gc,heap     ] GC(8) Eden regions: 46->0(47)
[2025-09-24T14:33:33.305+0000][gc,heap     ] GC(8) Survivor regions: 5->4(7)
[2025-09-24T14:33:33.305+0000][gc,heap     ] GC(8) Old regions: 16->20
[2025-09-24T14:33:33.305+0000][gc,heap     ] GC(8) Humongous regions: 129->129
[2025-09-24T14:33:33.305+0000][gc,metaspace] GC(8) Metaspace: 44791K(45440K)->44791K(45440K) NonClass: 39561K(39936K)->39561K(39936K) Class: 5230K(5504K)->5230K(5504K)
[2025-09-24T14:33:33.305+0000][gc          ] GC(8) Pause Young (Mixed) (G1 Evacuation Pause) 194M->151M(1024M) 10.620ms
[2025-09-24T14:33:33.305+0000][gc,cpu      ] GC(8) User=0.05s Sys=0.01s Real=0.01s
[2025-09-24T14:39:20.073+0000][gc,start    ] GC(9) Pause Young (Normal) (G1 Evacuation Pause)
[2025-09-24T14:39:20.074+0000][gc,task     ] GC(9) Using 8 workers of 8 for evacuation
[2025-09-24T14:39:20.080+0000][gc,phases   ] GC(9)   Pre Evacuate Collection Set: 0.5ms
[2025-09-24T14:39:20.080+0000][gc,phases   ] GC(9)   Merge Heap Roots: 0.2ms
[2025-09-24T14:39:20.080+0000][gc,phases   ] GC(9)   Evacuate Collection Set: 5.3ms
[2025-09-24T14:39:20.080+0000][gc,phases   ] GC(9)   Post Evacuate Collection Set: 0.7ms
[2025-09-24T14:39:20.080+0000][gc,phases   ] GC(9)   Other: 0.1ms
[2025-09-24T14:39:20.080+0000][gc,heap     ] GC(9) Eden regions: 47->0(46)
[2025-09-24T14:39:20.080+0000][gc,heap     ] GC(9) Survivor regions: 4->5(7)
[2025-09-24T14:39:20.080+0000][gc,heap     ] GC(9) Old regions: 20->20
[2025-09-24T14:39:20.080+0000][gc,heap     ] GC(9) Humongous regions: 129->129
[2025-09-24T14:39:20.080+0000][gc,metaspace] GC(9) Metaspace: 44921K(45568K)->44921K(45568K) NonClass: 39675K(40064K)->39675K(40064K) Class: 5246K(5504K)->5246K(5504K)
[2025-09-24T14:39:20.081+0000][gc          ] GC(9) Pause Young (Normal) (G1 Evacuation Pause) 198M->152M(1024M) 7.109ms
[2025-09-24T14:39:20.081+0000][gc,cpu      ] GC(9) User=0.04s Sys=0.01s Real=0.01s
[2025-09-24T14:45:28.301+0000][gc,start    ] GC(10) Pause Young (Normal) (G1 Evacuation Pause)
[2025-09-24T14:45:28.301+0000][gc,task     ] GC(10) Using 8 workers of 8 for evacuation
[2025-09-24T14:45:28.312+0000][gc,phases   ] GC(10)   Pre Evacuate Collection Set: 0.6ms
[2025-09-24T14:45:28.312+0000][gc,phases   ] GC(10)   Merge Heap Roots: 0.2ms
[2025-09-24T14:45:28.312+0000][gc,phases   ] GC(10)   Evacuate Collection Set: 9.3ms
[2025-09-24T14:45:28.312+0000][gc,phases   ] GC(10)   Post Evacuate Collection Set: 0.9ms
[2025-09-24T14:45:28.312+0000][gc,phases   ] GC(10)   Other: 0.1ms
[2025-09-24T14:45:28.312+0000][gc,heap     ] GC(10) Eden regions: 46->0(44)
[2025-09-24T14:45:28.312+0000][gc,heap     ] GC(10) Survivor regions: 5->7(7)
[2025-09-24T14:45:28.312+0000][gc,heap     ] GC(10) Old regions: 20->21
[2025-09-24T14:45:28.312+0000][gc,heap     ] GC(10) Humongous regions: 129->129
[2025-09-24T14:45:28.312+0000][gc,metaspace] GC(10) Metaspace: 44945K(45568K)->44945K(45568K) NonClass: 39698K(40064K)->39698K(40064K) Class: 5246K(5504K)->5246K(5504K)
[2025-09-24T14:45:28.312+0000][gc          ] GC(10) Pause Young (Normal) (G1 Evacuation Pause) 198M->156M(1024M) 11.631ms
[2025-09-24T14:45:28.313+0000][gc,cpu      ] GC(10) User=0.06s Sys=0.00s Real=0.01s
[2025-09-24T14:51:36.796+0000][gc,start    ] GC(11) Pause Young (Normal) (G1 Evacuation Pause)
[2025-09-24T14:51:36.796+0000][gc,task     ] GC(11) Using 8 workers of 8 for evacuation
[2025-09-24T14:51:36.812+0000][gc,phases   ] GC(11)   Pre Evacuate Collection Set: 0.9ms
[2025-09-24T14:51:36.812+0000][gc,phases   ] GC(11)   Merge Heap Roots: 0.4ms
[2025-09-24T14:51:36.812+0000][gc,phases   ] GC(11)   Evacuate Collection Set: 13.6ms
[2025-09-24T14:51:36.812+0000][gc,phases   ] GC(11)   Post Evacuate Collection Set: 0.7ms
[2025-09-24T14:51:36.812+0000][gc,phases   ] GC(11)   Other: 0.1ms
[2025-09-24T14:51:36.812+0000][gc,heap     ] GC(11) Eden regions: 44->0(46)
[2025-09-24T14:51:36.812+0000][gc,heap     ] GC(11) Survivor regions: 7->5(7)
[2025-09-24T14:51:36.812+0000][gc,heap     ] GC(11) Old regions: 21->27
[2025-09-24T14:51:36.812+0000][gc,heap     ] GC(11) Humongous regions: 129->129
[2025-09-24T14:51:36.812+0000][gc,metaspace] GC(11) Metaspace: 45004K(45632K)->45004K(45632K) NonClass: 39757K(40128K)->39757K(40128K) Class: 5246K(5504K)->5246K(5504K)
[2025-09-24T14:51:36.812+0000][gc          ] GC(11) Pause Young (Normal) (G1 Evacuation Pause) 200M->159M(1024M) 16.084ms
[2025-09-24T14:51:36.812+0000][gc,cpu      ] GC(11) User=0.08s Sys=0.01s Real=0.02s
[2025-09-24T14:58:04.077+0000][gc,start    ] GC(12) Pause Young (Normal) (G1 Evacuation Pause)
[2025-09-24T14:58:04.077+0000][gc,task     ] GC(12) Using 8 workers of 8 for evacuation
[2025-09-24T14:58:04.089+0000][gc,phases   ] GC(12)   Pre Evacuate Collection Set: 0.5ms
[2025-09-24T14:58:04.089+0000][gc,phases   ] GC(12)   Merge Heap Roots: 0.2ms
[2025-09-24T14:58:04.089+0000][gc,phases   ] GC(12)   Evacuate Collection Set: 10.2ms
[2025-09-24T14:58:04.089+0000][gc,phases   ] GC(12)   Post Evacuate Collection Set: 0.8ms
[2025-09-24T14:58:04.089+0000][gc,phases   ] GC(12)   Other: 0.2ms
[2025-09-24T14:58:04.089+0000][gc,heap     ] GC(12) Eden regions: 46->0(45)
[2025-09-24T14:58:04.089+0000][gc,heap     ] GC(12) Survivor regions: 5->6(7)
[2025-09-24T14:58:04.089+0000][gc,heap     ] GC(12) Old regions: 27->30
[2025-09-24T14:58:04.089+0000][gc,heap     ] GC(12) Humongous regions: 129->129
[2025-09-24T14:58:04.089+0000][gc,metaspace] GC(12) Metaspace: 45034K(45632K)->45034K(45632K) NonClass: 39787K(40128K)->39787K(40128K) Class: 5246K(5504K)->5246K(5504K)
[2025-09-24T14:58:04.089+0000][gc          ] GC(12) Pause Young (Normal) (G1 Evacuation Pause) 205M->164M(1024M) 12.154ms
[2025-09-24T14:58:04.089+0000][gc,cpu      ] GC(12) User=0.06s Sys=0.01s Real=0.01s
[2025-09-24T15:04:21.607+0000][gc,start    ] GC(13) Pause Young (Normal) (G1 Evacuation Pause)
[2025-09-24T15:04:21.607+0000][gc,task     ] GC(13) Using 8 workers of 8 for evacuation
[2025-09-24T15:04:21.618+0000][gc,phases   ] GC(13)   Pre Evacuate Collection Set: 0.6ms
[2025-09-24T15:04:21.618+0000][gc,phases   ] GC(13)   Merge Heap Roots: 0.2ms
[2025-09-24T15:04:21.618+0000][gc,phases   ] GC(13)   Evacuate Collection Set: 8.9ms
[2025-09-24T15:04:21.618+0000][gc,phases   ] GC(13)   Post Evacuate Collection Set: 0.6ms
[2025-09-24T15:04:21.618+0000][gc,phases   ] GC(13)   Other: 0.1ms
[2025-09-24T15:04:21.618+0000][gc,heap     ] GC(13) Eden regions: 45->0(45)
[2025-09-24T15:04:21.618+0000][gc,heap     ] GC(13) Survivor regions: 6->6(7)
[2025-09-24T15:04:21.618+0000][gc,heap     ] GC(13) Old regions: 30->34
[2025-09-24T15:04:21.618+0000][gc,heap     ] GC(13) Humongous regions: 129->129
[2025-09-24T15:04:21.618+0000][gc,metaspace] GC(13) Metaspace: 45059K(45696K)->45059K(45696K) NonClass: 39812K(40192K)->39812K(40192K) Class: 5246K(5504K)->5246K(5504K)
[2025-09-24T15:04:21.618+0000][gc          ] GC(13) Pause Young (Normal) (G1 Evacuation Pause) 209M->168M(1024M) 10.660ms
[2025-09-24T15:04:21.618+0000][gc,cpu      ] GC(13) User=0.07s Sys=0.01s Real=0.01s
[2025-09-24T15:10:38.651+0000][gc,start    ] GC(14) Pause Young (Normal) (G1 Evacuation Pause)
[2025-09-24T15:10:38.651+0000][gc,task     ] GC(14) Using 8 workers of 8 for evacuation
[2025-09-24T15:10:38.662+0000][gc,phases   ] GC(14)   Pre Evacuate Collection Set: 1.1ms
[2025-09-24T15:10:38.662+0000][gc,phases   ] GC(14)   Merge Heap Roots: 0.1ms
[2025-09-24T15:10:38.662+0000][gc,phases   ] GC(14)   Evacuate Collection Set: 8.3ms
[2025-09-24T15:10:38.662+0000][gc,phases   ] GC(14)   Post Evacuate Collection Set: 0.8ms
[2025-09-24T15:10:38.662+0000][gc,phases   ] GC(14)   Other: 0.1ms
[2025-09-24T15:10:38.662+0000][gc,heap     ] GC(14) Eden regions: 45->0(46)
[2025-09-24T15:10:38.662+0000][gc,heap     ] GC(14) Survivor regions: 6->5(7)
[2025-09-24T15:10:38.662+0000][gc,heap     ] GC(14) Old regions: 34->38
[2025-09-24T15:10:38.662+0000][gc,heap     ] GC(14) Humongous regions: 129->129
[2025-09-24T15:10:38.662+0000][gc,metaspace] GC(14) Metaspace: 45125K(45760K)->45125K(45760K) NonClass: 39878K(40256K)->39878K(40256K) Class: 5246K(5504K)->5246K(5504K)
[2025-09-24T15:10:38.662+0000][gc          ] GC(14) Pause Young (Normal) (G1 Evacuation Pause) 213M->171M(1024M) 10.713ms
[2025-09-24T15:10:38.662+0000][gc,cpu      ] GC(14) User=0.05s Sys=0.01s Real=0.01s
[2025-09-24T15:16:46.577+0000][gc,start    ] GC(15) Pause Young (Normal) (G1 Evacuation Pause)
[2025-09-24T15:16:46.577+0000][gc,task     ] GC(15) Using 8 workers of 8 for evacuation
[2025-09-24T15:16:46.591+0000][gc,phases   ] GC(15)   Pre Evacuate Collection Set: 0.6ms
[2025-09-24T15:16:46.591+0000][gc,phases   ] GC(15)   Merge Heap Roots: 0.2ms
[2025-09-24T15:16:46.591+0000][gc,phases   ] GC(15)   Evacuate Collection Set: 11.4ms
[2025-09-24T15:16:46.591+0000][gc,phases   ] GC(15)   Post Evacuate Collection Set: 1.0ms
[2025-09-24T15:16:46.591+0000][gc,phases   ] GC(15)   Other: 0.1ms
[2025-09-24T15:16:46.591+0000][gc,heap     ] GC(15) Eden regions: 46->0(46)
[2025-09-24T15:16:46.591+0000][gc,heap     ] GC(15) Survivor regions: 5->5(7)
[2025-09-24T15:16:46.591+0000][gc,heap     ] GC(15) Old regions: 38->42
[2025-09-24T15:16:46.591+0000][gc,heap     ] GC(15) Humongous regions: 129->129
[2025-09-24T15:16:46.591+0000][gc,metaspace] GC(15) Metaspace: 45443K(46080K)->45443K(46080K) NonClass: 40139K(40512K)->40139K(40512K) Class: 5303K(5568K)->5303K(5568K)
[2025-09-24T15:16:46.591+0000][gc          ] GC(15) Pause Young (Normal) (G1 Evacuation Pause) 217M->175M(1024M) 13.733ms
[2025-09-24T15:16:46.591+0000][gc,cpu      ] GC(15) User=0.08s Sys=0.00s Real=0.02s
[2025-09-24T15:22:46.981+0000][gc,start    ] GC(16) Pause Young (Normal) (G1 Evacuation Pause)
[2025-09-24T15:22:46.981+0000][gc,task     ] GC(16) Using 8 workers of 8 for evacuation
[2025-09-24T15:22:46.992+0000][gc,phases   ] GC(16)   Pre Evacuate Collection Set: 0.6ms
[2025-09-24T15:22:46.992+0000][gc,phases   ] GC(16)   Merge Heap Roots: 0.2ms
[2025-09-24T15:22:46.992+0000][gc,phases   ] GC(16)   Evacuate Collection Set: 8.9ms
[2025-09-24T15:22:46.992+0000][gc,phases   ] GC(16)   Post Evacuate Collection Set: 0.9ms
[2025-09-24T15:22:46.992+0000][gc,phases   ] GC(16)   Other: 0.1ms
[2025-09-24T15:22:46.992+0000][gc,heap     ] GC(16) Eden regions: 46->0(58)
[2025-09-24T15:22:46.992+0000][gc,heap     ] GC(16) Survivor regions: 5->5(7)
[2025-09-24T15:22:46.992+0000][gc,heap     ] GC(16) Old regions: 42->46
[2025-09-24T15:22:46.992+0000][gc,heap     ] GC(16) Humongous regions: 129->129
[2025-09-24T15:22:46.992+0000][gc,metaspace] GC(16) Metaspace: 45488K(46144K)->45488K(46144K) NonClass: 40184K(40576K)->40184K(40576K) Class: 5303K(5568K)->5303K(5568K)
[2025-09-24T15:22:46.992+0000][gc          ] GC(16) Pause Young (Normal) (G1 Evacuation Pause) 221M->178M(1024M) 10.972ms
[2025-09-24T15:22:46.992+0000][gc,cpu      ] GC(16) User=0.08s Sys=0.01s Real=0.01s
[2025-09-24T15:30:05.621+0000][gc,start    ] GC(17) Pause Young (Normal) (G1 Evacuation Pause)
[2025-09-24T15:30:05.621+0000][gc,task     ] GC(17) Using 8 workers of 8 for evacuation
[2025-09-24T15:30:05.638+0000][gc,phases   ] GC(17)   Pre Evacuate Collection Set: 0.7ms
[2025-09-24T15:30:05.638+0000][gc,phases   ] GC(17)   Merge Heap Roots: 0.2ms
[2025-09-24T15:30:05.638+0000][gc,phases   ] GC(17)   Evacuate Collection Set: 14.9ms
[2025-09-24T15:30:05.638+0000][gc,phases   ] GC(17)   Post Evacuate Collection Set: 0.8ms
[2025-09-24T15:30:05.638+0000][gc,phases   ] GC(17)   Other: 0.2ms
[2025-09-24T15:30:05.638+0000][gc,heap     ] GC(17) Eden regions: 56->0(47)
[2025-09-24T15:30:05.638+0000][gc,heap     ] GC(17) Survivor regions: 5->6(8)
[2025-09-24T15:30:05.638+0000][gc,heap     ] GC(17) Old regions: 46->49
[2025-09-24T15:30:05.638+0000][gc,heap     ] GC(17) Humongous regions: 129->129
[2025-09-24T15:30:05.638+0000][gc,metaspace] GC(17) Metaspace: 45521K(46144K)->45521K(46144K) NonClass: 40212K(40576K)->40212K(40576K) Class: 5308K(5568K)->5308K(5568K)
[2025-09-24T15:30:05.638+0000][gc          ] GC(17) Pause Young (Normal) (G1 Evacuation Pause) 234M->183M(1024M) 17.173ms
[2025-09-24T15:30:05.638+0000][gc,cpu      ] GC(17) User=0.06s Sys=0.01s Real=0.01s
[2025-09-24T15:36:15.314+0000][gc,start    ] GC(18) Pause Young (Normal) (G1 Evacuation Pause)
[2025-09-24T15:36:15.314+0000][gc,task     ] GC(18) Using 8 workers of 8 for evacuation
[2025-09-24T15:36:15.318+0000][gc,phases   ] GC(18)   Pre Evacuate Collection Set: 0.3ms
[2025-09-24T15:36:15.318+0000][gc,phases   ] GC(18)   Merge Heap Roots: 0.1ms
[2025-09-24T15:36:15.318+0000][gc,phases   ] GC(18)   Evacuate Collection Set: 3.0ms
[2025-09-24T15:36:15.318+0000][gc,phases   ] GC(18)   Post Evacuate Collection Set: 0.3ms
[2025-09-24T15:36:15.318+0000][gc,phases   ] GC(18)   Other: 0.1ms
[2025-09-24T15:36:15.318+0000][gc,heap     ] GC(18) Eden regions: 45->0(111)
[2025-09-24T15:36:15.318+0000][gc,heap     ] GC(18) Survivor regions: 6->3(7)
[2025-09-24T15:36:15.318+0000][gc,heap     ] GC(18) Old regions: 49->53
[2025-09-24T15:36:15.318+0000][gc,heap     ] GC(18) Humongous regions: 129->129
[2025-09-24T15:36:15.318+0000][gc,metaspace] GC(18) Metaspace: 45537K(46144K)->45537K(46144K) NonClass: 40228K(40576K)->40228K(40576K) Class: 5308K(5568K)->5308K(5568K)
[2025-09-24T15:36:15.318+0000][gc          ] GC(18) Pause Young (Normal) (G1 Evacuation Pause) 228M->184M(1024M) 3.873ms
[2025-09-24T15:36:15.318+0000][gc,cpu      ] GC(18) User=0.01s Sys=0.00s Real=0.00s
[2025-09-24T15:43:23.828+0000][gc,heap,exit] Heap
[2025-09-24T15:43:23.828+0000][gc,heap,exit]  garbage-first heap   total 1048576K, used 252726K [0x00000000c0000000, 0x0000000100000000)
[2025-09-24T15:43:23.828+0000][gc,heap,exit]   region size 1024K, 65 young (66560K), 3 survivors (3072K)
[2025-09-24T15:43:23.828+0000][gc,heap,exit]  Metaspace       used 46534K, committed 47168K, reserved 1114112K
[2025-09-24T15:43:23.828+0000][gc,heap,exit]   class space    used 5511K, committed 5760K, reserved 1048576K
