[2025-09-25T11:26:04.147+0000][gc,init] CardTable entry size: 512
[2025-09-25T11:26:04.148+0000][gc     ] Using G1
[2025-09-25T11:26:04.159+0000][gc,init] Version: 21.0.8+9-Ubuntu-0ubuntu124.04.1 (release)
[2025-09-25T11:26:04.159+0000][gc,init] CPUs: 8 total, 8 available
[2025-09-25T11:26:04.159+0000][gc,init] Memory: 15638M
[2025-09-25T11:26:04.159+0000][gc,init] Large Page Support: Disabled
[2025-09-25T11:26:04.159+0000][gc,init] NUMA Support: Disabled
[2025-09-25T11:26:04.159+0000][gc,init] Compressed Oops: Enabled (32-bit)
[2025-09-25T11:26:04.159+0000][gc,init] Heap Region Size: 1M
[2025-09-25T11:26:04.159+0000][gc,init] Heap Min Capacity: 1G
[2025-09-25T11:26:04.159+0000][gc,init] Heap Initial Capacity: 1G
[2025-09-25T11:26:04.159+0000][gc,init] Heap Max Capacity: 1G
[2025-09-25T11:26:04.159+0000][gc,init] Pre-touch: Disabled
[2025-09-25T11:26:04.159+0000][gc,init] Parallel Workers: 8
[2025-09-25T11:26:04.159+0000][gc,init] Concurrent Workers: 2
[2025-09-25T11:26:04.159+0000][gc,init] Concurrent Refinement Workers: 8
[2025-09-25T11:26:04.159+0000][gc,init] Periodic GC: Disabled
[2025-09-25T11:26:04.167+0000][gc,metaspace] CDS archive(s) mapped at: [0x000079aa53000000-0x000079aa53ca0000-0x000079aa53ca0000), size 13238272, SharedBaseAddress: 0x000079aa53000000, ArchiveRelocationMode: 1.
[2025-09-25T11:26:04.167+0000][gc,metaspace] Compressed class space mapped at: 0x000079aa54000000-0x000079aa94000000, reserved size: 1073741824
[2025-09-25T11:26:04.167+0000][gc,metaspace] Narrow klass base: 0x000079aa53000000, Narrow klass shift: 0, Narrow klass range: 0x100000000
[2025-09-25T11:26:06.712+0000][gc,start    ] GC(0) Pause Young (Normal) (G1 Evacuation Pause)
[2025-09-25T11:26:06.717+0000][gc,task     ] GC(0) Using 8 workers of 8 for evacuation
[2025-09-25T11:26:06.726+0000][gc,phases   ] GC(0)   Pre Evacuate Collection Set: 0.2ms
[2025-09-25T11:26:06.727+0000][gc,phases   ] GC(0)   Merge Heap Roots: 0.1ms
[2025-09-25T11:26:06.727+0000][gc,phases   ] GC(0)   Evacuate Collection Set: 7.7ms
[2025-09-25T11:26:06.727+0000][gc,phases   ] GC(0)   Post Evacuate Collection Set: 1.2ms
[2025-09-25T11:26:06.727+0000][gc,phases   ] GC(0)   Other: 5.0ms
[2025-09-25T11:26:06.727+0000][gc,heap     ] GC(0) Eden regions: 51->0(44)
[2025-09-25T11:26:06.727+0000][gc,heap     ] GC(0) Survivor regions: 0->7(7)
[2025-09-25T11:26:06.727+0000][gc,heap     ] GC(0) Old regions: 2->3
[2025-09-25T11:26:06.727+0000][gc,heap     ] GC(0) Humongous regions: 0->0
[2025-09-25T11:26:06.727+0000][gc,metaspace] GC(0) Metaspace: 17582K(17792K)->17582K(17792K) NonClass: 15529K(15680K)->15529K(15680K) Class: 2052K(2112K)->2052K(2112K)
[2025-09-25T11:26:06.727+0000][gc          ] GC(0) Pause Young (Normal) (G1 Evacuation Pause) 52M->8M(1024M) 14.361ms
[2025-09-25T11:26:06.727+0000][gc,cpu      ] GC(0) User=0.01s Sys=0.00s Real=0.01s
[2025-09-25T11:26:07.315+0000][gc,start    ] GC(1) Pause Young (Concurrent Start) (Metadata GC Threshold)
[2025-09-25T11:26:07.315+0000][gc,task     ] GC(1) Using 8 workers of 8 for evacuation
[2025-09-25T11:26:07.332+0000][gc,phases   ] GC(1)   Pre Evacuate Collection Set: 0.3ms
[2025-09-25T11:26:07.332+0000][gc,phases   ] GC(1)   Merge Heap Roots: 0.0ms
[2025-09-25T11:26:07.332+0000][gc,phases   ] GC(1)   Evacuate Collection Set: 15.4ms
[2025-09-25T11:26:07.332+0000][gc,phases   ] GC(1)   Post Evacuate Collection Set: 0.7ms
[2025-09-25T11:26:07.332+0000][gc,phases   ] GC(1)   Other: 0.1ms
[2025-09-25T11:26:07.332+0000][gc,heap     ] GC(1) Eden regions: 14->0(49)
[2025-09-25T11:26:07.332+0000][gc,heap     ] GC(1) Survivor regions: 7->2(7)
[2025-09-25T11:26:07.332+0000][gc,heap     ] GC(1) Old regions: 3->10
[2025-09-25T11:26:07.332+0000][gc,heap     ] GC(1) Humongous regions: 0->0
[2025-09-25T11:26:07.332+0000][gc,metaspace] GC(1) Metaspace: 21328K(21504K)->21328K(21504K) NonClass: 18822K(18944K)->18822K(18944K) Class: 2505K(2560K)->2505K(2560K)
[2025-09-25T11:26:07.332+0000][gc          ] GC(1) Pause Young (Concurrent Start) (Metadata GC Threshold) 22M->10M(1024M) 16.713ms
[2025-09-25T11:26:07.332+0000][gc,cpu      ] GC(1) User=0.02s Sys=0.01s Real=0.02s
[2025-09-25T11:26:07.334+0000][gc          ] GC(2) Concurrent Mark Cycle
[2025-09-25T11:26:07.334+0000][gc,marking  ] GC(2) Concurrent Scan Root Regions
[2025-09-25T11:26:07.341+0000][gc,marking  ] GC(2) Concurrent Scan Root Regions 6.782ms
[2025-09-25T11:26:07.341+0000][gc,marking  ] GC(2) Concurrent Mark
[2025-09-25T11:26:07.341+0000][gc,marking  ] GC(2) Concurrent Mark From Roots
[2025-09-25T11:26:07.341+0000][gc,task     ] GC(2) Using 2 workers of 2 for marking
[2025-09-25T11:26:07.346+0000][gc,marking  ] GC(2) Concurrent Mark From Roots 4.855ms
[2025-09-25T11:26:07.347+0000][gc,marking  ] GC(2) Concurrent Preclean
[2025-09-25T11:26:07.347+0000][gc,marking  ] GC(2) Concurrent Preclean 0.016ms
[2025-09-25T11:26:07.347+0000][gc,start    ] GC(2) Pause Remark
[2025-09-25T11:26:07.354+0000][gc          ] GC(2) Pause Remark 10M->10M(1024M) 7.552ms
[2025-09-25T11:26:07.355+0000][gc,cpu      ] GC(2) User=0.01s Sys=0.00s Real=0.01s
[2025-09-25T11:26:07.355+0000][gc,marking  ] GC(2) Concurrent Mark 13.553ms
[2025-09-25T11:26:07.355+0000][gc,marking  ] GC(2) Concurrent Rebuild Remembered Sets and Scrub Regions
[2025-09-25T11:26:07.362+0000][gc,marking  ] GC(2) Concurrent Rebuild Remembered Sets and Scrub Regions 7.417ms
[2025-09-25T11:26:07.362+0000][gc,start    ] GC(2) Pause Cleanup
[2025-09-25T11:26:07.362+0000][gc          ] GC(2) Pause Cleanup 10M->10M(1024M) 0.199ms
[2025-09-25T11:26:07.362+0000][gc,cpu      ] GC(2) User=0.00s Sys=0.00s Real=0.00s
[2025-09-25T11:26:07.364+0000][gc,marking  ] GC(2) Concurrent Clear Claimed Marks
[2025-09-25T11:26:07.364+0000][gc,marking  ] GC(2) Concurrent Clear Claimed Marks 0.044ms
[2025-09-25T11:26:07.364+0000][gc,marking  ] GC(2) Concurrent Cleanup for Next Mark
[2025-09-25T11:26:07.372+0000][gc,marking  ] GC(2) Concurrent Cleanup for Next Mark 8.473ms
[2025-09-25T11:26:07.372+0000][gc          ] GC(2) Concurrent Mark Cycle 38.045ms
[2025-09-25T11:26:09.411+0000][gc,start    ] GC(3) Pause Young (Prepare Mixed) (G1 Evacuation Pause)
[2025-09-25T11:26:09.411+0000][gc,task     ] GC(3) Using 8 workers of 8 for evacuation
[2025-09-25T11:26:09.428+0000][gc,phases   ] GC(3)   Pre Evacuate Collection Set: 0.3ms
[2025-09-25T11:26:09.428+0000][gc,phases   ] GC(3)   Merge Heap Roots: 0.1ms
[2025-09-25T11:26:09.428+0000][gc,phases   ] GC(3)   Evacuate Collection Set: 14.9ms
[2025-09-25T11:26:09.428+0000][gc,phases   ] GC(3)   Post Evacuate Collection Set: 0.9ms
[2025-09-25T11:26:09.428+0000][gc,phases   ] GC(3)   Other: 0.1ms
[2025-09-25T11:26:09.428+0000][gc,heap     ] GC(3) Eden regions: 49->0(44)
[2025-09-25T11:26:09.428+0000][gc,heap     ] GC(3) Survivor regions: 2->7(7)
[2025-09-25T11:26:09.428+0000][gc,heap     ] GC(3) Old regions: 10->10
[2025-09-25T11:26:09.428+0000][gc,heap     ] GC(3) Humongous regions: 129->129
[2025-09-25T11:26:09.428+0000][gc,metaspace] GC(3) Metaspace: 33032K(33344K)->33032K(33344K) NonClass: 29453K(29632K)->29453K(29632K) Class: 3579K(3712K)->3579K(3712K)
[2025-09-25T11:26:09.428+0000][gc          ] GC(3) Pause Young (Prepare Mixed) (G1 Evacuation Pause) 188M->144M(1024M) 16.437ms
[2025-09-25T11:26:09.428+0000][gc,cpu      ] GC(3) User=0.02s Sys=0.00s Real=0.01s
[2025-09-25T11:26:09.845+0000][gc,start    ] GC(4) Pause Young (Mixed) (Metadata GC Threshold)
[2025-09-25T11:26:09.845+0000][gc,task     ] GC(4) Using 8 workers of 8 for evacuation
[2025-09-25T11:26:09.864+0000][gc,phases   ] GC(4)   Pre Evacuate Collection Set: 0.3ms
[2025-09-25T11:26:09.864+0000][gc,phases   ] GC(4)   Merge Heap Roots: 0.1ms
[2025-09-25T11:26:09.864+0000][gc,phases   ] GC(4)   Evacuate Collection Set: 17.5ms
[2025-09-25T11:26:09.864+0000][gc,phases   ] GC(4)   Post Evacuate Collection Set: 0.6ms
[2025-09-25T11:26:09.864+0000][gc,phases   ] GC(4)   Other: 0.1ms
[2025-09-25T11:26:09.864+0000][gc,heap     ] GC(4) Eden regions: 12->0(50)
[2025-09-25T11:26:09.864+0000][gc,heap     ] GC(4) Survivor regions: 7->1(7)
[2025-09-25T11:26:09.864+0000][gc,heap     ] GC(4) Old regions: 10->15
[2025-09-25T11:26:09.864+0000][gc,heap     ] GC(4) Humongous regions: 129->129
[2025-09-25T11:26:09.864+0000][gc,metaspace] GC(4) Metaspace: 35884K(36160K)->35884K(36160K) NonClass: 31999K(32128K)->31999K(32128K) Class: 3884K(4032K)->3884K(4032K)
[2025-09-25T11:26:09.864+0000][gc          ] GC(4) Pause Young (Mixed) (Metadata GC Threshold) 155M->144M(1024M) 18.665ms
[2025-09-25T11:26:09.864+0000][gc,cpu      ] GC(4) User=0.03s Sys=0.00s Real=0.02s
[2025-09-25T11:26:09.934+0000][gc,start    ] GC(5) Pause Young (Concurrent Start) (Metadata GC Threshold)
[2025-09-25T11:26:09.934+0000][gc,task     ] GC(5) Using 8 workers of 8 for evacuation
[2025-09-25T11:26:09.945+0000][gc,phases   ] GC(5)   Pre Evacuate Collection Set: 0.4ms
[2025-09-25T11:26:09.945+0000][gc,phases   ] GC(5)   Merge Heap Roots: 0.1ms
[2025-09-25T11:26:09.945+0000][gc,phases   ] GC(5)   Evacuate Collection Set: 9.9ms
[2025-09-25T11:26:09.945+0000][gc,phases   ] GC(5)   Post Evacuate Collection Set: 0.6ms
[2025-09-25T11:26:09.945+0000][gc,phases   ] GC(5)   Other: 0.1ms
[2025-09-25T11:26:09.945+0000][gc,heap     ] GC(5) Eden regions: 3->0(50)
[2025-09-25T11:26:09.945+0000][gc,heap     ] GC(5) Survivor regions: 1->1(7)
[2025-09-25T11:26:09.945+0000][gc,heap     ] GC(5) Old regions: 15->15
[2025-09-25T11:26:09.945+0000][gc,heap     ] GC(5) Humongous regions: 129->129
[2025-09-25T11:26:09.945+0000][gc,metaspace] GC(5) Metaspace: 36163K(36480K)->36163K(36480K) NonClass: 32224K(32384K)->32224K(32384K) Class: 3939K(4096K)->3939K(4096K)
[2025-09-25T11:26:09.946+0000][gc          ] GC(5) Pause Young (Concurrent Start) (Metadata GC Threshold) 147M->144M(1024M) 11.134ms
[2025-09-25T11:26:09.946+0000][gc,cpu      ] GC(5) User=0.01s Sys=0.00s Real=0.01s
[2025-09-25T11:26:09.950+0000][gc          ] GC(6) Concurrent Mark Cycle
[2025-09-25T11:26:09.950+0000][gc,marking  ] GC(6) Concurrent Scan Root Regions
[2025-09-25T11:26:09.954+0000][gc,marking  ] GC(6) Concurrent Scan Root Regions 4.139ms
[2025-09-25T11:26:09.954+0000][gc,marking  ] GC(6) Concurrent Mark
[2025-09-25T11:26:09.954+0000][gc,marking  ] GC(6) Concurrent Mark From Roots
[2025-09-25T11:26:09.954+0000][gc,task     ] GC(6) Using 2 workers of 2 for marking
[2025-09-25T11:26:09.999+0000][gc,marking  ] GC(6) Concurrent Mark From Roots 45.508ms
[2025-09-25T11:26:10.000+0000][gc,marking  ] GC(6) Concurrent Preclean
[2025-09-25T11:26:10.000+0000][gc,marking  ] GC(6) Concurrent Preclean 0.067ms
[2025-09-25T11:26:10.000+0000][gc,start    ] GC(6) Pause Remark
[2025-09-25T11:26:10.006+0000][gc          ] GC(6) Pause Remark 146M->146M(1024M) 6.471ms
[2025-09-25T11:26:10.006+0000][gc,cpu      ] GC(6) User=0.01s Sys=0.00s Real=0.01s
[2025-09-25T11:26:10.010+0000][gc,marking  ] GC(6) Concurrent Mark 56.206ms
[2025-09-25T11:26:10.010+0000][gc,marking  ] GC(6) Concurrent Rebuild Remembered Sets and Scrub Regions
[2025-09-25T11:26:10.020+0000][gc,marking  ] GC(6) Concurrent Rebuild Remembered Sets and Scrub Regions 9.847ms
[2025-09-25T11:26:10.023+0000][gc,start    ] GC(6) Pause Cleanup
[2025-09-25T11:26:10.023+0000][gc          ] GC(6) Pause Cleanup 146M->146M(1024M) 0.183ms
[2025-09-25T11:26:10.023+0000][gc,cpu      ] GC(6) User=0.00s Sys=0.00s Real=0.00s
[2025-09-25T11:26:10.025+0000][gc,marking  ] GC(6) Concurrent Clear Claimed Marks
[2025-09-25T11:26:10.025+0000][gc,marking  ] GC(6) Concurrent Clear Claimed Marks 0.064ms
[2025-09-25T11:26:10.025+0000][gc,marking  ] GC(6) Concurrent Cleanup for Next Mark
[2025-09-25T11:26:10.028+0000][gc,marking  ] GC(6) Concurrent Cleanup for Next Mark 3.241ms
[2025-09-25T11:26:10.028+0000][gc          ] GC(6) Concurrent Mark Cycle 78.549ms
[2025-09-25T11:26:39.608+0000][gc,start    ] GC(7) Pause Young (Normal) (G1 Evacuation Pause)
[2025-09-25T11:26:39.608+0000][gc,task     ] GC(7) Using 8 workers of 8 for evacuation
[2025-09-25T11:26:39.617+0000][gc,phases   ] GC(7)   Pre Evacuate Collection Set: 0.6ms
[2025-09-25T11:26:39.617+0000][gc,phases   ] GC(7)   Merge Heap Roots: 0.3ms
[2025-09-25T11:26:39.618+0000][gc,phases   ] GC(7)   Evacuate Collection Set: 6.8ms
[2025-09-25T11:26:39.618+0000][gc,phases   ] GC(7)   Post Evacuate Collection Set: 1.9ms
[2025-09-25T11:26:39.618+0000][gc,phases   ] GC(7)   Other: 0.1ms
[2025-09-25T11:26:39.618+0000][gc,heap     ] GC(7) Eden regions: 50->0(46)
[2025-09-25T11:26:39.618+0000][gc,heap     ] GC(7) Survivor regions: 1->5(7)
[2025-09-25T11:26:39.618+0000][gc,heap     ] GC(7) Old regions: 15->15
[2025-09-25T11:26:39.618+0000][gc,heap     ] GC(7) Humongous regions: 129->129
[2025-09-25T11:26:39.618+0000][gc,metaspace] GC(7) Metaspace: 44006K(44736K)->44006K(44736K) NonClass: 38718K(39104K)->38718K(39104K) Class: 5288K(5632K)->5288K(5632K)
[2025-09-25T11:26:39.618+0000][gc          ] GC(7) Pause Young (Normal) (G1 Evacuation Pause) 194M->148M(1024M) 10.102ms
[2025-09-25T11:26:39.618+0000][gc,cpu      ] GC(7) User=0.05s Sys=0.00s Real=0.01s
[2025-09-25T11:31:24.893+0000][gc,start    ] GC(8) Pause Young (Normal) (G1 Evacuation Pause)
[2025-09-25T11:31:24.894+0000][gc,task     ] GC(8) Using 8 workers of 8 for evacuation
[2025-09-25T11:31:24.905+0000][gc,phases   ] GC(8)   Pre Evacuate Collection Set: 0.5ms
[2025-09-25T11:31:24.905+0000][gc,phases   ] GC(8)   Merge Heap Roots: 0.2ms
[2025-09-25T11:31:24.905+0000][gc,phases   ] GC(8)   Evacuate Collection Set: 9.3ms
[2025-09-25T11:31:24.905+0000][gc,phases   ] GC(8)   Post Evacuate Collection Set: 1.2ms
[2025-09-25T11:31:24.905+0000][gc,phases   ] GC(8)   Other: 0.2ms
[2025-09-25T11:31:24.905+0000][gc,heap     ] GC(8) Eden regions: 46->0(47)
[2025-09-25T11:31:24.905+0000][gc,heap     ] GC(8) Survivor regions: 5->4(7)
[2025-09-25T11:31:24.905+0000][gc,heap     ] GC(8) Old regions: 15->19
[2025-09-25T11:31:24.905+0000][gc,heap     ] GC(8) Humongous regions: 129->129
[2025-09-25T11:31:24.905+0000][gc,metaspace] GC(8) Metaspace: 45279K(46016K)->45279K(46016K) NonClass: 39921K(40320K)->39921K(40320K) Class: 5358K(5696K)->5358K(5696K)
[2025-09-25T11:31:24.905+0000][gc          ] GC(8) Pause Young (Normal) (G1 Evacuation Pause) 194M->151M(1024M) 11.724ms
[2025-09-25T11:31:24.905+0000][gc,cpu      ] GC(8) User=0.05s Sys=0.02s Real=0.01s
[2025-09-25T11:37:04.294+0000][gc,start    ] GC(9) Pause Young (Normal) (G1 Evacuation Pause)
[2025-09-25T11:37:04.294+0000][gc,task     ] GC(9) Using 8 workers of 8 for evacuation
[2025-09-25T11:37:04.297+0000][gc,phases   ] GC(9)   Pre Evacuate Collection Set: 0.1ms
[2025-09-25T11:37:04.297+0000][gc,phases   ] GC(9)   Merge Heap Roots: 0.0ms
[2025-09-25T11:37:04.297+0000][gc,phases   ] GC(9)   Evacuate Collection Set: 3.1ms
[2025-09-25T11:37:04.297+0000][gc,phases   ] GC(9)   Post Evacuate Collection Set: 0.5ms
[2025-09-25T11:37:04.297+0000][gc,phases   ] GC(9)   Other: 0.1ms
[2025-09-25T11:37:04.297+0000][gc,heap     ] GC(9) Eden regions: 47->0(45)
[2025-09-25T11:37:04.297+0000][gc,heap     ] GC(9) Survivor regions: 4->6(7)
[2025-09-25T11:37:04.297+0000][gc,heap     ] GC(9) Old regions: 19->19
[2025-09-25T11:37:04.297+0000][gc,heap     ] GC(9) Humongous regions: 129->129
[2025-09-25T11:37:04.297+0000][gc,metaspace] GC(9) Metaspace: 45544K(46208K)->45544K(46208K) NonClass: 40146K(40512K)->40146K(40512K) Class: 5398K(5696K)->5398K(5696K)
[2025-09-25T11:37:04.297+0000][gc          ] GC(9) Pause Young (Normal) (G1 Evacuation Pause) 198M->154M(1024M) 3.936ms
[2025-09-25T11:37:04.298+0000][gc,cpu      ] GC(9) User=0.02s Sys=0.00s Real=0.00s
[2025-09-25T11:43:00.844+0000][gc,start    ] GC(10) Pause Young (Normal) (G1 Evacuation Pause)
[2025-09-25T11:43:00.844+0000][gc,task     ] GC(10) Using 8 workers of 8 for evacuation
[2025-09-25T11:43:00.856+0000][gc,phases   ] GC(10)   Pre Evacuate Collection Set: 0.8ms
[2025-09-25T11:43:00.856+0000][gc,phases   ] GC(10)   Merge Heap Roots: 0.3ms
[2025-09-25T11:43:00.856+0000][gc,phases   ] GC(10)   Evacuate Collection Set: 10.4ms
[2025-09-25T11:43:00.856+0000][gc,phases   ] GC(10)   Post Evacuate Collection Set: 0.8ms
[2025-09-25T11:43:00.857+0000][gc,phases   ] GC(10)   Other: 0.2ms
[2025-09-25T11:43:00.857+0000][gc,heap     ] GC(10) Eden regions: 45->0(45)
[2025-09-25T11:43:00.857+0000][gc,heap     ] GC(10) Survivor regions: 6->6(7)
[2025-09-25T11:43:00.857+0000][gc,heap     ] GC(10) Old regions: 19->24
[2025-09-25T11:43:00.857+0000][gc,heap     ] GC(10) Humongous regions: 129->129
[2025-09-25T11:43:00.857+0000][gc,metaspace] GC(10) Metaspace: 45580K(46336K)->45580K(46336K) NonClass: 40179K(40640K)->40179K(40640K) Class: 5400K(5696K)->5400K(5696K)
[2025-09-25T11:43:00.857+0000][gc          ] GC(10) Pause Young (Normal) (G1 Evacuation Pause) 199M->157M(1024M) 12.844ms
[2025-09-25T11:43:00.857+0000][gc,cpu      ] GC(10) User=0.09s Sys=0.00s Real=0.01s
[2025-09-25T11:49:13.886+0000][gc,start    ] GC(11) Pause Young (Normal) (G1 Evacuation Pause)
[2025-09-25T11:49:13.886+0000][gc,task     ] GC(11) Using 8 workers of 8 for evacuation
[2025-09-25T11:49:13.896+0000][gc,phases   ] GC(11)   Pre Evacuate Collection Set: 0.4ms
[2025-09-25T11:49:13.896+0000][gc,phases   ] GC(11)   Merge Heap Roots: 0.1ms
[2025-09-25T11:49:13.896+0000][gc,phases   ] GC(11)   Evacuate Collection Set: 8.0ms
[2025-09-25T11:49:13.896+0000][gc,phases   ] GC(11)   Post Evacuate Collection Set: 0.9ms
[2025-09-25T11:49:13.896+0000][gc,phases   ] GC(11)   Other: 0.2ms
[2025-09-25T11:49:13.896+0000][gc,heap     ] GC(11) Eden regions: 45->0(46)
[2025-09-25T11:49:13.896+0000][gc,heap     ] GC(11) Survivor regions: 6->5(7)
[2025-09-25T11:49:13.896+0000][gc,heap     ] GC(11) Old regions: 24->28
[2025-09-25T11:49:13.896+0000][gc,heap     ] GC(11) Humongous regions: 129->129
[2025-09-25T11:49:13.896+0000][gc,metaspace] GC(11) Metaspace: 45652K(46336K)->45652K(46336K) NonClass: 40249K(40640K)->40249K(40640K) Class: 5402K(5696K)->5402K(5696K)
[2025-09-25T11:49:13.896+0000][gc          ] GC(11) Pause Young (Normal) (G1 Evacuation Pause) 202M->160M(1024M) 10.030ms
[2025-09-25T11:49:13.896+0000][gc,cpu      ] GC(11) User=0.07s Sys=0.00s Real=0.01s
[2025-09-25T11:55:28.408+0000][gc,start    ] GC(12) Pause Young (Normal) (G1 Evacuation Pause)
[2025-09-25T11:55:28.408+0000][gc,task     ] GC(12) Using 8 workers of 8 for evacuation
[2025-09-25T11:55:28.422+0000][gc,phases   ] GC(12)   Pre Evacuate Collection Set: 0.5ms
[2025-09-25T11:55:28.422+0000][gc,phases   ] GC(12)   Merge Heap Roots: 0.2ms
[2025-09-25T11:55:28.422+0000][gc,phases   ] GC(12)   Evacuate Collection Set: 11.6ms
[2025-09-25T11:55:28.422+0000][gc,phases   ] GC(12)   Post Evacuate Collection Set: 0.7ms
[2025-09-25T11:55:28.422+0000][gc,phases   ] GC(12)   Other: 0.2ms
[2025-09-25T11:55:28.422+0000][gc,heap     ] GC(12) Eden regions: 46->0(46)
[2025-09-25T11:55:28.422+0000][gc,heap     ] GC(12) Survivor regions: 5->5(7)
[2025-09-25T11:55:28.422+0000][gc,heap     ] GC(12) Old regions: 28->31
[2025-09-25T11:55:28.422+0000][gc,heap     ] GC(12) Humongous regions: 129->129
[2025-09-25T11:55:28.422+0000][gc,metaspace] GC(12) Metaspace: 45713K(46464K)->45713K(46464K) NonClass: 40310K(40704K)->40310K(40704K) Class: 5403K(5760K)->5403K(5760K)
[2025-09-25T11:55:28.422+0000][gc          ] GC(12) Pause Young (Normal) (G1 Evacuation Pause) 206M->164M(1024M) 13.510ms
[2025-09-25T11:55:28.422+0000][gc,cpu      ] GC(12) User=0.06s Sys=0.00s Real=0.02s
[2025-09-25T12:01:48.763+0000][gc,start    ] GC(13) Pause Young (Normal) (G1 Evacuation Pause)
[2025-09-25T12:01:48.763+0000][gc,task     ] GC(13) Using 8 workers of 8 for evacuation
[2025-09-25T12:01:48.772+0000][gc,phases   ] GC(13)   Pre Evacuate Collection Set: 0.6ms
[2025-09-25T12:01:48.772+0000][gc,phases   ] GC(13)   Merge Heap Roots: 0.1ms
[2025-09-25T12:01:48.772+0000][gc,phases   ] GC(13)   Evacuate Collection Set: 7.7ms
[2025-09-25T12:01:48.772+0000][gc,phases   ] GC(13)   Post Evacuate Collection Set: 0.8ms
[2025-09-25T12:01:48.772+0000][gc,phases   ] GC(13)   Other: 0.1ms
[2025-09-25T12:01:48.772+0000][gc,heap     ] GC(13) Eden regions: 46->0(45)
[2025-09-25T12:01:48.772+0000][gc,heap     ] GC(13) Survivor regions: 5->6(7)
[2025-09-25T12:01:48.772+0000][gc,heap     ] GC(13) Old regions: 31->35
[2025-09-25T12:01:48.772+0000][gc,heap     ] GC(13) Humongous regions: 129->129
[2025-09-25T12:01:48.772+0000][gc,metaspace] GC(13) Metaspace: 45756K(46528K)->45756K(46528K) NonClass: 40352K(40768K)->40352K(40768K) Class: 5403K(5760K)->5403K(5760K)
[2025-09-25T12:01:48.772+0000][gc          ] GC(13) Pause Young (Normal) (G1 Evacuation Pause) 210M->169M(1024M) 9.661ms
[2025-09-25T12:01:48.772+0000][gc,cpu      ] GC(13) User=0.05s Sys=0.01s Real=0.01s
[2025-09-25T12:08:04.220+0000][gc,start    ] GC(14) Pause Young (Normal) (G1 Evacuation Pause)
[2025-09-25T12:08:04.220+0000][gc,task     ] GC(14) Using 8 workers of 8 for evacuation
[2025-09-25T12:08:04.232+0000][gc,phases   ] GC(14)   Pre Evacuate Collection Set: 0.5ms
[2025-09-25T12:08:04.232+0000][gc,phases   ] GC(14)   Merge Heap Roots: 0.3ms
[2025-09-25T12:08:04.232+0000][gc,phases   ] GC(14)   Evacuate Collection Set: 10.7ms
[2025-09-25T12:08:04.232+0000][gc,phases   ] GC(14)   Post Evacuate Collection Set: 0.9ms
[2025-09-25T12:08:04.232+0000][gc,phases   ] GC(14)   Other: 0.1ms
[2025-09-25T12:08:04.232+0000][gc,heap     ] GC(14) Eden regions: 45->0(45)
[2025-09-25T12:08:04.232+0000][gc,heap     ] GC(14) Survivor regions: 6->6(7)
[2025-09-25T12:08:04.232+0000][gc,heap     ] GC(14) Old regions: 35->39
[2025-09-25T12:08:04.232+0000][gc,heap     ] GC(14) Humongous regions: 129->129
[2025-09-25T12:08:04.232+0000][gc,metaspace] GC(14) Metaspace: 45827K(46656K)->45827K(46656K) NonClass: 40423K(40896K)->40423K(40896K) Class: 5403K(5760K)->5403K(5760K)
[2025-09-25T12:08:04.232+0000][gc          ] GC(14) Pause Young (Normal) (G1 Evacuation Pause) 214M->173M(1024M) 12.894ms
[2025-09-25T12:08:04.232+0000][gc,cpu      ] GC(14) User=0.06s Sys=0.01s Real=0.02s
[2025-09-25T12:12:22.729+0000][gc,heap,exit] Heap
[2025-09-25T12:12:22.729+0000][gc,heap,exit]  garbage-first heap   total 1048576K, used 219659K [0x00000000c0000000, 0x0000000100000000)
[2025-09-25T12:12:22.729+0000][gc,heap,exit]   region size 1024K, 47 young (48128K), 6 survivors (6144K)
[2025-09-25T12:12:22.729+0000][gc,heap,exit]  Metaspace       used 46779K, committed 47552K, reserved 1114112K
[2025-09-25T12:12:22.729+0000][gc,heap,exit]   class space    used 5588K, committed 5888K, reserved 1048576K
