[2025-09-25T05:58:51.792+0000][gc,init] CardTable entry size: 512
[2025-09-25T05:58:51.792+0000][gc     ] Using G1
[2025-09-25T05:58:51.802+0000][gc,init] Version: 21.0.8+9-Ubuntu-0ubuntu124.04.1 (release)
[2025-09-25T05:58:51.802+0000][gc,init] CPUs: 8 total, 8 available
[2025-09-25T05:58:51.802+0000][gc,init] Memory: 15638M
[2025-09-25T05:58:51.802+0000][gc,init] Large Page Support: Disabled
[2025-09-25T05:58:51.802+0000][gc,init] NUMA Support: Disabled
[2025-09-25T05:58:51.802+0000][gc,init] Compressed Oops: Enabled (32-bit)
[2025-09-25T05:58:51.802+0000][gc,init] Heap Region Size: 1M
[2025-09-25T05:58:51.802+0000][gc,init] Heap Min Capacity: 1G
[2025-09-25T05:58:51.802+0000][gc,init] Heap Initial Capacity: 1G
[2025-09-25T05:58:51.802+0000][gc,init] Heap Max Capacity: 1G
[2025-09-25T05:58:51.802+0000][gc,init] Pre-touch: Disabled
[2025-09-25T05:58:51.802+0000][gc,init] Parallel Workers: 8
[2025-09-25T05:58:51.802+0000][gc,init] Concurrent Workers: 2
[2025-09-25T05:58:51.802+0000][gc,init] Concurrent Refinement Workers: 8
[2025-09-25T05:58:51.802+0000][gc,init] Periodic GC: Disabled
[2025-09-25T05:58:51.813+0000][gc,metaspace] CDS archive(s) mapped at: [0x000075c453000000-0x000075c453ca0000-0x000075c453ca0000), size 13238272, SharedBaseAddress: 0x000075c453000000, ArchiveRelocationMode: 1.
[2025-09-25T05:58:51.813+0000][gc,metaspace] Compressed class space mapped at: 0x000075c454000000-0x000075c494000000, reserved size: 1073741824
[2025-09-25T05:58:51.813+0000][gc,metaspace] Narrow klass base: 0x000075c453000000, Narrow klass shift: 0, Narrow klass range: 0x100000000
[2025-09-25T05:58:54.429+0000][gc,start    ] GC(0) Pause Young (Normal) (G1 Evacuation Pause)
[2025-09-25T05:58:54.445+0000][gc,task     ] GC(0) Using 8 workers of 8 for evacuation
[2025-09-25T05:58:54.471+0000][gc,mmu      ] GC(0) MMU target violated: 21.0ms (20.0ms/21.0ms)
[2025-09-25T05:58:54.471+0000][gc,phases   ] GC(0)   Pre Evacuate Collection Set: 0.2ms
[2025-09-25T05:58:54.471+0000][gc,phases   ] GC(0)   Merge Heap Roots: 0.1ms
[2025-09-25T05:58:54.471+0000][gc,phases   ] GC(0)   Evacuate Collection Set: 23.1ms
[2025-09-25T05:58:54.471+0000][gc,phases   ] GC(0)   Post Evacuate Collection Set: 2.3ms
[2025-09-25T05:58:54.471+0000][gc,phases   ] GC(0)   Other: 16.9ms
[2025-09-25T05:58:54.471+0000][gc,heap     ] GC(0) Eden regions: 51->0(44)
[2025-09-25T05:58:54.471+0000][gc,heap     ] GC(0) Survivor regions: 0->7(7)
[2025-09-25T05:58:54.471+0000][gc,heap     ] GC(0) Old regions: 2->4
[2025-09-25T05:58:54.471+0000][gc,heap     ] GC(0) Humongous regions: 0->0
[2025-09-25T05:58:54.471+0000][gc,metaspace] GC(0) Metaspace: 17785K(17984K)->17785K(17984K) NonClass: 15715K(15808K)->15715K(15808K) Class: 2070K(2176K)->2070K(2176K)
[2025-09-25T05:58:54.471+0000][gc          ] GC(0) Pause Young (Normal) (G1 Evacuation Pause) 52M->9M(1024M) 42.829ms
[2025-09-25T05:58:54.471+0000][gc,cpu      ] GC(0) User=0.01s Sys=0.01s Real=0.04s
[2025-09-25T05:58:55.184+0000][gc,start    ] GC(1) Pause Young (Concurrent Start) (Metadata GC Threshold)
[2025-09-25T05:58:55.184+0000][gc,task     ] GC(1) Using 8 workers of 8 for evacuation
[2025-09-25T05:58:55.205+0000][gc,mmu      ] GC(1) MMU target violated: 20.6ms (20.0ms/21.0ms)
[2025-09-25T05:58:55.205+0000][gc,phases   ] GC(1)   Pre Evacuate Collection Set: 4.3ms
[2025-09-25T05:58:55.205+0000][gc,phases   ] GC(1)   Merge Heap Roots: 0.1ms
[2025-09-25T05:58:55.205+0000][gc,phases   ] GC(1)   Evacuate Collection Set: 15.5ms
[2025-09-25T05:58:55.205+0000][gc,phases   ] GC(1)   Post Evacuate Collection Set: 0.7ms
[2025-09-25T05:58:55.205+0000][gc,phases   ] GC(1)   Other: 0.2ms
[2025-09-25T05:58:55.205+0000][gc,heap     ] GC(1) Eden regions: 13->0(49)
[2025-09-25T05:58:55.205+0000][gc,heap     ] GC(1) Survivor regions: 7->2(7)
[2025-09-25T05:58:55.205+0000][gc,heap     ] GC(1) Old regions: 4->11
[2025-09-25T05:58:55.205+0000][gc,heap     ] GC(1) Humongous regions: 0->0
[2025-09-25T05:58:55.205+0000][gc,metaspace] GC(1) Metaspace: 21327K(21504K)->21327K(21504K) NonClass: 18822K(18944K)->18822K(18944K) Class: 2505K(2560K)->2505K(2560K)
[2025-09-25T05:58:55.205+0000][gc          ] GC(1) Pause Young (Concurrent Start) (Metadata GC Threshold) 22M->10M(1024M) 20.838ms
[2025-09-25T05:58:55.205+0000][gc,cpu      ] GC(1) User=0.01s Sys=0.01s Real=0.02s
[2025-09-25T05:58:55.205+0000][gc          ] GC(2) Concurrent Mark Cycle
[2025-09-25T05:58:55.205+0000][gc,marking  ] GC(2) Concurrent Scan Root Regions
[2025-09-25T05:58:55.209+0000][gc,marking  ] GC(2) Concurrent Scan Root Regions 3.360ms
[2025-09-25T05:58:55.209+0000][gc,marking  ] GC(2) Concurrent Mark
[2025-09-25T05:58:55.209+0000][gc,marking  ] GC(2) Concurrent Mark From Roots
[2025-09-25T05:58:55.209+0000][gc,task     ] GC(2) Using 2 workers of 2 for marking
[2025-09-25T05:58:55.214+0000][gc,marking  ] GC(2) Concurrent Mark From Roots 5.111ms
[2025-09-25T05:58:55.214+0000][gc,marking  ] GC(2) Concurrent Preclean
[2025-09-25T05:58:55.214+0000][gc,marking  ] GC(2) Concurrent Preclean 0.009ms
[2025-09-25T05:58:55.235+0000][gc,start    ] GC(2) Pause Remark
[2025-09-25T05:58:55.247+0000][gc          ] GC(2) Pause Remark 11M->11M(1024M) 11.817ms
[2025-09-25T05:58:55.247+0000][gc,cpu      ] GC(2) User=0.01s Sys=0.00s Real=0.01s
[2025-09-25T05:58:55.248+0000][gc,marking  ] GC(2) Concurrent Mark 39.582ms
[2025-09-25T05:58:55.248+0000][gc,marking  ] GC(2) Concurrent Rebuild Remembered Sets and Scrub Regions
[2025-09-25T05:58:55.254+0000][gc,marking  ] GC(2) Concurrent Rebuild Remembered Sets and Scrub Regions 5.371ms
[2025-09-25T05:58:55.255+0000][gc,start    ] GC(2) Pause Cleanup
[2025-09-25T05:58:55.256+0000][gc          ] GC(2) Pause Cleanup 11M->11M(1024M) 0.232ms
[2025-09-25T05:58:55.256+0000][gc,cpu      ] GC(2) User=0.00s Sys=0.00s Real=0.00s
[2025-09-25T05:58:55.257+0000][gc,marking  ] GC(2) Concurrent Clear Claimed Marks
[2025-09-25T05:58:55.257+0000][gc,marking  ] GC(2) Concurrent Clear Claimed Marks 0.046ms
[2025-09-25T05:58:55.257+0000][gc,marking  ] GC(2) Concurrent Cleanup for Next Mark
[2025-09-25T05:58:55.265+0000][gc,marking  ] GC(2) Concurrent Cleanup for Next Mark 8.233ms
[2025-09-25T05:58:55.265+0000][gc          ] GC(2) Concurrent Mark Cycle 60.024ms
[2025-09-25T05:58:56.938+0000][gc,start    ] GC(3) Pause Young (Prepare Mixed) (G1 Evacuation Pause)
[2025-09-25T05:58:56.938+0000][gc,task     ] GC(3) Using 8 workers of 8 for evacuation
[2025-09-25T05:58:57.052+0000][gc,mmu      ] GC(3) MMU target violated: 21.0ms (20.0ms/21.0ms)
[2025-09-25T05:58:57.052+0000][gc,phases   ] GC(3)   Pre Evacuate Collection Set: 0.4ms
[2025-09-25T05:58:57.052+0000][gc,phases   ] GC(3)   Merge Heap Roots: 0.1ms
[2025-09-25T05:58:57.052+0000][gc,phases   ] GC(3)   Evacuate Collection Set: 112.3ms
[2025-09-25T05:58:57.052+0000][gc,phases   ] GC(3)   Post Evacuate Collection Set: 0.6ms
[2025-09-25T05:58:57.052+0000][gc,phases   ] GC(3)   Other: 0.1ms
[2025-09-25T05:58:57.052+0000][gc,heap     ] GC(3) Eden regions: 49->0(44)
[2025-09-25T05:58:57.052+0000][gc,heap     ] GC(3) Survivor regions: 2->7(7)
[2025-09-25T05:58:57.052+0000][gc,heap     ] GC(3) Old regions: 11->11
[2025-09-25T05:58:57.052+0000][gc,heap     ] GC(3) Humongous regions: 129->129
[2025-09-25T05:58:57.052+0000][gc,metaspace] GC(3) Metaspace: 32849K(33152K)->32849K(33152K) NonClass: 29287K(29440K)->29287K(29440K) Class: 3561K(3712K)->3561K(3712K)
[2025-09-25T05:58:57.052+0000][gc          ] GC(3) Pause Young (Prepare Mixed) (G1 Evacuation Pause) 188M->144M(1024M) 113.684ms
[2025-09-25T05:58:57.052+0000][gc,cpu      ] GC(3) User=0.11s Sys=0.00s Real=0.11s
[2025-09-25T05:58:57.349+0000][gc,start    ] GC(4) Pause Young (Mixed) (Metadata GC Threshold)
[2025-09-25T05:58:57.349+0000][gc,task     ] GC(4) Using 8 workers of 8 for evacuation
[2025-09-25T05:58:57.372+0000][gc,mmu      ] GC(4) MMU target violated: 21.0ms (20.0ms/21.0ms)
[2025-09-25T05:58:57.372+0000][gc,phases   ] GC(4)   Pre Evacuate Collection Set: 0.2ms
[2025-09-25T05:58:57.372+0000][gc,phases   ] GC(4)   Merge Heap Roots: 0.1ms
[2025-09-25T05:58:57.372+0000][gc,phases   ] GC(4)   Evacuate Collection Set: 21.0ms
[2025-09-25T05:58:57.372+0000][gc,phases   ] GC(4)   Post Evacuate Collection Set: 1.3ms
[2025-09-25T05:58:57.372+0000][gc,phases   ] GC(4)   Other: 0.2ms
[2025-09-25T05:58:57.372+0000][gc,heap     ] GC(4) Eden regions: 13->0(50)
[2025-09-25T05:58:57.372+0000][gc,heap     ] GC(4) Survivor regions: 7->1(7)
[2025-09-25T05:58:57.372+0000][gc,heap     ] GC(4) Old regions: 11->16
[2025-09-25T05:58:57.372+0000][gc,heap     ] GC(4) Humongous regions: 129->129
[2025-09-25T05:58:57.372+0000][gc,metaspace] GC(4) Metaspace: 35839K(36096K)->35839K(36096K) NonClass: 31964K(32064K)->31964K(32064K) Class: 3874K(4032K)->3874K(4032K)
[2025-09-25T05:58:57.372+0000][gc          ] GC(4) Pause Young (Mixed) (Metadata GC Threshold) 156M->145M(1024M) 22.934ms
[2025-09-25T05:58:57.372+0000][gc,cpu      ] GC(4) User=0.03s Sys=0.00s Real=0.02s
[2025-09-25T05:58:57.440+0000][gc,start    ] GC(5) Pause Young (Concurrent Start) (Metadata GC Threshold)
[2025-09-25T05:58:57.440+0000][gc,task     ] GC(5) Using 8 workers of 8 for evacuation
[2025-09-25T05:58:57.446+0000][gc,phases   ] GC(5)   Pre Evacuate Collection Set: 0.3ms
[2025-09-25T05:58:57.446+0000][gc,phases   ] GC(5)   Merge Heap Roots: 0.1ms
[2025-09-25T05:58:57.446+0000][gc,phases   ] GC(5)   Evacuate Collection Set: 4.5ms
[2025-09-25T05:58:57.446+0000][gc,phases   ] GC(5)   Post Evacuate Collection Set: 0.5ms
[2025-09-25T05:58:57.446+0000][gc,phases   ] GC(5)   Other: 0.1ms
[2025-09-25T05:58:57.446+0000][gc,heap     ] GC(5) Eden regions: 3->0(50)
[2025-09-25T05:58:57.446+0000][gc,heap     ] GC(5) Survivor regions: 1->1(7)
[2025-09-25T05:58:57.446+0000][gc,heap     ] GC(5) Old regions: 16->16
[2025-09-25T05:58:57.446+0000][gc,heap     ] GC(5) Humongous regions: 129->129
[2025-09-25T05:58:57.446+0000][gc,metaspace] GC(5) Metaspace: 36077K(36416K)->36077K(36416K) NonClass: 32152K(32320K)->32152K(32320K) Class: 3925K(4096K)->3925K(4096K)
[2025-09-25T05:58:57.446+0000][gc          ] GC(5) Pause Young (Concurrent Start) (Metadata GC Threshold) 147M->144M(1024M) 5.576ms
[2025-09-25T05:58:57.446+0000][gc,cpu      ] GC(5) User=0.01s Sys=0.00s Real=0.01s
[2025-09-25T05:58:57.447+0000][gc          ] GC(6) Concurrent Mark Cycle
[2025-09-25T05:58:57.447+0000][gc,marking  ] GC(6) Concurrent Scan Root Regions
[2025-09-25T05:58:57.456+0000][gc,marking  ] GC(6) Concurrent Scan Root Regions 9.072ms
[2025-09-25T05:58:57.456+0000][gc,marking  ] GC(6) Concurrent Mark
[2025-09-25T05:58:57.456+0000][gc,marking  ] GC(6) Concurrent Mark From Roots
[2025-09-25T05:58:57.456+0000][gc,task     ] GC(6) Using 2 workers of 2 for marking
[2025-09-25T05:58:57.509+0000][gc,marking  ] GC(6) Concurrent Mark From Roots 53.048ms
[2025-09-25T05:58:57.509+0000][gc,marking  ] GC(6) Concurrent Preclean
[2025-09-25T05:58:57.509+0000][gc,marking  ] GC(6) Concurrent Preclean 0.058ms
[2025-09-25T05:58:57.518+0000][gc,start    ] GC(6) Pause Remark
[2025-09-25T05:58:57.524+0000][gc          ] GC(6) Pause Remark 146M->146M(1024M) 5.949ms
[2025-09-25T05:58:57.524+0000][gc,cpu      ] GC(6) User=0.01s Sys=0.00s Real=0.01s
[2025-09-25T05:58:57.524+0000][gc,marking  ] GC(6) Concurrent Mark 67.744ms
[2025-09-25T05:58:57.524+0000][gc,marking  ] GC(6) Concurrent Rebuild Remembered Sets and Scrub Regions
[2025-09-25T05:58:57.536+0000][gc,marking  ] GC(6) Concurrent Rebuild Remembered Sets and Scrub Regions 11.827ms
[2025-09-25T05:58:57.536+0000][gc,start    ] GC(6) Pause Cleanup
[2025-09-25T05:58:57.537+0000][gc          ] GC(6) Pause Cleanup 146M->146M(1024M) 0.203ms
[2025-09-25T05:58:57.537+0000][gc,cpu      ] GC(6) User=0.00s Sys=0.00s Real=0.00s
[2025-09-25T05:58:57.540+0000][gc,marking  ] GC(6) Concurrent Clear Claimed Marks
[2025-09-25T05:58:57.540+0000][gc,marking  ] GC(6) Concurrent Clear Claimed Marks 0.058ms
[2025-09-25T05:58:57.540+0000][gc,marking  ] GC(6) Concurrent Cleanup for Next Mark
[2025-09-25T05:58:57.543+0000][gc,marking  ] GC(6) Concurrent Cleanup for Next Mark 2.263ms
[2025-09-25T05:58:57.543+0000][gc          ] GC(6) Concurrent Mark Cycle 95.449ms
[2025-09-25T05:59:37.130+0000][gc,start    ] GC(7) Pause Young (Prepare Mixed) (G1 Evacuation Pause)
[2025-09-25T05:59:37.131+0000][gc,task     ] GC(7) Using 8 workers of 8 for evacuation
[2025-09-25T05:59:37.138+0000][gc,phases   ] GC(7)   Pre Evacuate Collection Set: 0.5ms
[2025-09-25T05:59:37.138+0000][gc,phases   ] GC(7)   Merge Heap Roots: 0.2ms
[2025-09-25T05:59:37.138+0000][gc,phases   ] GC(7)   Evacuate Collection Set: 5.4ms
[2025-09-25T05:59:37.138+0000][gc,phases   ] GC(7)   Post Evacuate Collection Set: 1.5ms
[2025-09-25T05:59:37.138+0000][gc,phases   ] GC(7)   Other: 0.1ms
[2025-09-25T05:59:37.138+0000][gc,heap     ] GC(7) Eden regions: 50->0(46)
[2025-09-25T05:59:37.138+0000][gc,heap     ] GC(7) Survivor regions: 1->5(7)
[2025-09-25T05:59:37.138+0000][gc,heap     ] GC(7) Old regions: 16->16
[2025-09-25T05:59:37.138+0000][gc,heap     ] GC(7) Humongous regions: 129->129
[2025-09-25T05:59:37.138+0000][gc,metaspace] GC(7) Metaspace: 43943K(44608K)->43943K(44608K) NonClass: 38729K(39104K)->38729K(39104K) Class: 5213K(5504K)->5213K(5504K)
[2025-09-25T05:59:37.139+0000][gc          ] GC(7) Pause Young (Prepare Mixed) (G1 Evacuation Pause) 194M->149M(1024M) 8.110ms
[2025-09-25T05:59:37.139+0000][gc,cpu      ] GC(7) User=0.05s Sys=0.00s Real=0.01s
[2025-09-25T06:04:51.190+0000][gc,start    ] GC(8) Pause Young (Mixed) (G1 Evacuation Pause)
[2025-09-25T06:04:51.190+0000][gc,task     ] GC(8) Using 8 workers of 8 for evacuation
[2025-09-25T06:04:51.201+0000][gc,phases   ] GC(8)   Pre Evacuate Collection Set: 0.5ms
[2025-09-25T06:04:51.201+0000][gc,phases   ] GC(8)   Merge Heap Roots: 0.2ms
[2025-09-25T06:04:51.201+0000][gc,phases   ] GC(8)   Evacuate Collection Set: 9.2ms
[2025-09-25T06:04:51.201+0000][gc,phases   ] GC(8)   Post Evacuate Collection Set: 1.3ms
[2025-09-25T06:04:51.201+0000][gc,phases   ] GC(8)   Other: 0.2ms
[2025-09-25T06:04:51.201+0000][gc,heap     ] GC(8) Eden regions: 46->0(47)
[2025-09-25T06:04:51.201+0000][gc,heap     ] GC(8) Survivor regions: 5->4(7)
[2025-09-25T06:04:51.201+0000][gc,heap     ] GC(8) Old regions: 16->20
[2025-09-25T06:04:51.201+0000][gc,heap     ] GC(8) Humongous regions: 129->129
[2025-09-25T06:04:51.201+0000][gc,metaspace] GC(8) Metaspace: 44773K(45440K)->44773K(45440K) NonClass: 39550K(39936K)->39550K(39936K) Class: 5223K(5504K)->5223K(5504K)
[2025-09-25T06:04:51.202+0000][gc          ] GC(8) Pause Young (Mixed) (G1 Evacuation Pause) 195M->151M(1024M) 11.750ms
[2025-09-25T06:04:51.202+0000][gc,cpu      ] GC(8) User=0.06s Sys=0.00s Real=0.01s
[2025-09-25T06:10:40.638+0000][gc,start    ] GC(9) Pause Young (Normal) (G1 Evacuation Pause)
[2025-09-25T06:10:40.638+0000][gc,task     ] GC(9) Using 8 workers of 8 for evacuation
[2025-09-25T06:10:40.644+0000][gc,phases   ] GC(9)   Pre Evacuate Collection Set: 0.5ms
[2025-09-25T06:10:40.644+0000][gc,phases   ] GC(9)   Merge Heap Roots: 0.2ms
[2025-09-25T06:10:40.644+0000][gc,phases   ] GC(9)   Evacuate Collection Set: 4.5ms
[2025-09-25T06:10:40.644+0000][gc,phases   ] GC(9)   Post Evacuate Collection Set: 0.6ms
[2025-09-25T06:10:40.644+0000][gc,phases   ] GC(9)   Other: 0.1ms
[2025-09-25T06:10:40.644+0000][gc,heap     ] GC(9) Eden regions: 47->0(46)
[2025-09-25T06:10:40.644+0000][gc,heap     ] GC(9) Survivor regions: 4->5(7)
[2025-09-25T06:10:40.644+0000][gc,heap     ] GC(9) Old regions: 20->20
[2025-09-25T06:10:40.644+0000][gc,heap     ] GC(9) Humongous regions: 129->129
[2025-09-25T06:10:40.644+0000][gc,metaspace] GC(9) Metaspace: 44903K(45632K)->44903K(45632K) NonClass: 39664K(40064K)->39664K(40064K) Class: 5239K(5568K)->5239K(5568K)
[2025-09-25T06:10:40.644+0000][gc          ] GC(9) Pause Young (Normal) (G1 Evacuation Pause) 198M->152M(1024M) 6.164ms
[2025-09-25T06:10:40.644+0000][gc,cpu      ] GC(9) User=0.04s Sys=0.00s Real=0.01s
[2025-09-25T06:16:22.166+0000][gc,start    ] GC(10) Pause Young (Normal) (G1 Evacuation Pause)
[2025-09-25T06:16:22.166+0000][gc,task     ] GC(10) Using 8 workers of 8 for evacuation
[2025-09-25T06:16:22.176+0000][gc,phases   ] GC(10)   Pre Evacuate Collection Set: 0.4ms
[2025-09-25T06:16:22.176+0000][gc,phases   ] GC(10)   Merge Heap Roots: 0.1ms
[2025-09-25T06:16:22.176+0000][gc,phases   ] GC(10)   Evacuate Collection Set: 9.0ms
[2025-09-25T06:16:22.176+0000][gc,phases   ] GC(10)   Post Evacuate Collection Set: 0.6ms
[2025-09-25T06:16:22.176+0000][gc,phases   ] GC(10)   Other: 0.1ms
[2025-09-25T06:16:22.176+0000][gc,heap     ] GC(10) Eden regions: 46->0(44)
[2025-09-25T06:16:22.176+0000][gc,heap     ] GC(10) Survivor regions: 5->7(7)
[2025-09-25T06:16:22.176+0000][gc,heap     ] GC(10) Old regions: 20->21
[2025-09-25T06:16:22.176+0000][gc,heap     ] GC(10) Humongous regions: 129->129
[2025-09-25T06:16:22.176+0000][gc,metaspace] GC(10) Metaspace: 45176K(45824K)->45176K(45824K) NonClass: 39878K(40256K)->39878K(40256K) Class: 5297K(5568K)->5297K(5568K)
[2025-09-25T06:16:22.176+0000][gc          ] GC(10) Pause Young (Normal) (G1 Evacuation Pause) 198M->156M(1024M) 10.250ms
[2025-09-25T06:16:22.176+0000][gc,cpu      ] GC(10) User=0.03s Sys=0.00s Real=0.01s
[2025-09-25T06:16:22.589+0000][gc,heap,exit] Heap
[2025-09-25T06:16:22.589+0000][gc,heap,exit]  garbage-first heap   total 1048576K, used 168322K [0x00000000c0000000, 0x0000000100000000)
[2025-09-25T06:16:22.589+0000][gc,heap,exit]   region size 1024K, 15 young (15360K), 7 survivors (7168K)
[2025-09-25T06:16:22.589+0000][gc,heap,exit]  Metaspace       used 45918K, committed 46656K, reserved 1114112K
[2025-09-25T06:16:22.589+0000][gc,heap,exit]   class space    used 5442K, committed 5760K, reserved 1048576K
