[2025-09-24T06:19:13.755+0000][gc,init] CardTable entry size: 512
[2025-09-24T06:19:13.755+0000][gc     ] Using G1
[2025-09-24T06:19:13.768+0000][gc,init] Version: 21.0.8+9-Ubuntu-0ubuntu124.04.1 (release)
[2025-09-24T06:19:13.768+0000][gc,init] CPUs: 8 total, 8 available
[2025-09-24T06:19:13.768+0000][gc,init] Memory: 15638M
[2025-09-24T06:19:13.768+0000][gc,init] Large Page Support: Disabled
[2025-09-24T06:19:13.768+0000][gc,init] NUMA Support: Disabled
[2025-09-24T06:19:13.768+0000][gc,init] Compressed Oops: Enabled (32-bit)
[2025-09-24T06:19:13.768+0000][gc,init] Heap Region Size: 1M
[2025-09-24T06:19:13.768+0000][gc,init] Heap Min Capacity: 1G
[2025-09-24T06:19:13.768+0000][gc,init] Heap Initial Capacity: 1G
[2025-09-24T06:19:13.768+0000][gc,init] Heap Max Capacity: 1G
[2025-09-24T06:19:13.768+0000][gc,init] Pre-touch: Disabled
[2025-09-24T06:19:13.768+0000][gc,init] Parallel Workers: 8
[2025-09-24T06:19:13.768+0000][gc,init] Concurrent Workers: 2
[2025-09-24T06:19:13.768+0000][gc,init] Concurrent Refinement Workers: 8
[2025-09-24T06:19:13.768+0000][gc,init] Periodic GC: Disabled
[2025-09-24T06:19:13.777+0000][gc,metaspace] CDS archive(s) mapped at: [0x00007aab1b000000-0x00007aab1bca0000-0x00007aab1bca0000), size 13238272, SharedBaseAddress: 0x00007aab1b000000, ArchiveRelocationMode: 1.
[2025-09-24T06:19:13.777+0000][gc,metaspace] Compressed class space mapped at: 0x00007aab1c000000-0x00007aab5c000000, reserved size: 1073741824
[2025-09-24T06:19:13.777+0000][gc,metaspace] Narrow klass base: 0x00007aab1b000000, Narrow klass shift: 0, Narrow klass range: 0x100000000
[2025-09-24T06:19:15.953+0000][gc,start    ] GC(0) Pause Young (Normal) (G1 Evacuation Pause)
[2025-09-24T06:19:15.953+0000][gc,task     ] GC(0) Using 8 workers of 8 for evacuation
[2025-09-24T06:19:15.967+0000][gc,phases   ] GC(0)   Pre Evacuate Collection Set: 0.2ms
[2025-09-24T06:19:15.967+0000][gc,phases   ] GC(0)   Merge Heap Roots: 0.1ms
[2025-09-24T06:19:15.967+0000][gc,phases   ] GC(0)   Evacuate Collection Set: 13.0ms
[2025-09-24T06:19:15.967+0000][gc,phases   ] GC(0)   Post Evacuate Collection Set: 0.8ms
[2025-09-24T06:19:15.967+0000][gc,phases   ] GC(0)   Other: 0.5ms
[2025-09-24T06:19:15.967+0000][gc,heap     ] GC(0) Eden regions: 51->0(44)
[2025-09-24T06:19:15.967+0000][gc,heap     ] GC(0) Survivor regions: 0->7(7)
[2025-09-24T06:19:15.967+0000][gc,heap     ] GC(0) Old regions: 2->3
[2025-09-24T06:19:15.967+0000][gc,heap     ] GC(0) Humongous regions: 0->0
[2025-09-24T06:19:15.967+0000][gc,metaspace] GC(0) Metaspace: 17730K(17984K)->17730K(17984K) NonClass: 15662K(15808K)->15662K(15808K) Class: 2068K(2176K)->2068K(2176K)
[2025-09-24T06:19:15.967+0000][gc          ] GC(0) Pause Young (Normal) (G1 Evacuation Pause) 52M->8M(1024M) 14.752ms
[2025-09-24T06:19:15.967+0000][gc,cpu      ] GC(0) User=0.01s Sys=0.00s Real=0.01s
[2025-09-24T06:19:16.348+0000][gc,start    ] GC(1) Pause Young (Concurrent Start) (Metadata GC Threshold)
[2025-09-24T06:19:16.348+0000][gc,task     ] GC(1) Using 8 workers of 8 for evacuation
[2025-09-24T06:19:16.360+0000][gc,phases   ] GC(1)   Pre Evacuate Collection Set: 0.3ms
[2025-09-24T06:19:16.360+0000][gc,phases   ] GC(1)   Merge Heap Roots: 0.0ms
[2025-09-24T06:19:16.360+0000][gc,phases   ] GC(1)   Evacuate Collection Set: 10.5ms
[2025-09-24T06:19:16.360+0000][gc,phases   ] GC(1)   Post Evacuate Collection Set: 1.7ms
[2025-09-24T06:19:16.360+0000][gc,phases   ] GC(1)   Other: 0.1ms
[2025-09-24T06:19:16.360+0000][gc,heap     ] GC(1) Eden regions: 13->0(50)
[2025-09-24T06:19:16.360+0000][gc,heap     ] GC(1) Survivor regions: 7->1(7)
[2025-09-24T06:19:16.360+0000][gc,heap     ] GC(1) Old regions: 3->11
[2025-09-24T06:19:16.360+0000][gc,heap     ] GC(1) Humongous regions: 0->0
[2025-09-24T06:19:16.360+0000][gc,metaspace] GC(1) Metaspace: 21281K(21504K)->21281K(21504K) NonClass: 18782K(18880K)->18782K(18880K) Class: 2498K(2624K)->2498K(2624K)
[2025-09-24T06:19:16.360+0000][gc          ] GC(1) Pause Young (Concurrent Start) (Metadata GC Threshold) 21M->10M(1024M) 12.779ms
[2025-09-24T06:19:16.361+0000][gc,cpu      ] GC(1) User=0.01s Sys=0.00s Real=0.01s
[2025-09-24T06:19:16.361+0000][gc          ] GC(2) Concurrent Mark Cycle
[2025-09-24T06:19:16.361+0000][gc,marking  ] GC(2) Concurrent Scan Root Regions
[2025-09-24T06:19:16.363+0000][gc,marking  ] GC(2) Concurrent Scan Root Regions 2.772ms
[2025-09-24T06:19:16.363+0000][gc,marking  ] GC(2) Concurrent Mark
[2025-09-24T06:19:16.363+0000][gc,marking  ] GC(2) Concurrent Mark From Roots
[2025-09-24T06:19:16.363+0000][gc,task     ] GC(2) Using 2 workers of 2 for marking
[2025-09-24T06:19:16.368+0000][gc,marking  ] GC(2) Concurrent Mark From Roots 4.140ms
[2025-09-24T06:19:16.368+0000][gc,marking  ] GC(2) Concurrent Preclean
[2025-09-24T06:19:16.368+0000][gc,marking  ] GC(2) Concurrent Preclean 0.007ms
[2025-09-24T06:19:16.368+0000][gc,start    ] GC(2) Pause Remark
[2025-09-24T06:19:16.374+0000][gc          ] GC(2) Pause Remark 11M->11M(1024M) 6.650ms
[2025-09-24T06:19:16.374+0000][gc,cpu      ] GC(2) User=0.01s Sys=0.00s Real=0.01s
[2025-09-24T06:19:16.376+0000][gc,marking  ] GC(2) Concurrent Mark 12.230ms
[2025-09-24T06:19:16.376+0000][gc,marking  ] GC(2) Concurrent Rebuild Remembered Sets and Scrub Regions
[2025-09-24T06:19:16.379+0000][gc,marking  ] GC(2) Concurrent Rebuild Remembered Sets and Scrub Regions 3.118ms
[2025-09-24T06:19:16.379+0000][gc,start    ] GC(2) Pause Cleanup
[2025-09-24T06:19:16.379+0000][gc          ] GC(2) Pause Cleanup 11M->11M(1024M) 0.208ms
[2025-09-24T06:19:16.379+0000][gc,cpu      ] GC(2) User=0.00s Sys=0.00s Real=0.00s
[2025-09-24T06:19:16.379+0000][gc,marking  ] GC(2) Concurrent Clear Claimed Marks
[2025-09-24T06:19:16.379+0000][gc,marking  ] GC(2) Concurrent Clear Claimed Marks 0.019ms
[2025-09-24T06:19:16.379+0000][gc,marking  ] GC(2) Concurrent Cleanup for Next Mark
[2025-09-24T06:19:16.386+0000][gc,marking  ] GC(2) Concurrent Cleanup for Next Mark 7.013ms
[2025-09-24T06:19:16.386+0000][gc          ] GC(2) Concurrent Mark Cycle 25.611ms
[2025-09-24T06:19:18.330+0000][gc,start    ] GC(3) Pause Young (Prepare Mixed) (G1 Evacuation Pause)
[2025-09-24T06:19:18.330+0000][gc,task     ] GC(3) Using 8 workers of 8 for evacuation
[2025-09-24T06:19:18.345+0000][gc,phases   ] GC(3)   Pre Evacuate Collection Set: 0.3ms
[2025-09-24T06:19:18.345+0000][gc,phases   ] GC(3)   Merge Heap Roots: 0.1ms
[2025-09-24T06:19:18.345+0000][gc,phases   ] GC(3)   Evacuate Collection Set: 14.6ms
[2025-09-24T06:19:18.345+0000][gc,phases   ] GC(3)   Post Evacuate Collection Set: 0.8ms
[2025-09-24T06:19:18.345+0000][gc,phases   ] GC(3)   Other: 0.1ms
[2025-09-24T06:19:18.345+0000][gc,heap     ] GC(3) Eden regions: 50->0(45)
[2025-09-24T06:19:18.345+0000][gc,heap     ] GC(3) Survivor regions: 1->6(7)
[2025-09-24T06:19:18.345+0000][gc,heap     ] GC(3) Old regions: 11->11
[2025-09-24T06:19:18.345+0000][gc,heap     ] GC(3) Humongous regions: 129->129
[2025-09-24T06:19:18.345+0000][gc,metaspace] GC(3) Metaspace: 31426K(31744K)->31426K(31744K) NonClass: 27930K(28096K)->27930K(28096K) Class: 3495K(3648K)->3495K(3648K)
[2025-09-24T06:19:18.346+0000][gc          ] GC(3) Pause Young (Prepare Mixed) (G1 Evacuation Pause) 189M->143M(1024M) 15.949ms
[2025-09-24T06:19:18.346+0000][gc,cpu      ] GC(3) User=0.02s Sys=0.00s Real=0.02s
[2025-09-24T06:19:19.096+0000][gc,start    ] GC(4) Pause Young (Mixed) (Metadata GC Threshold)
[2025-09-24T06:19:19.096+0000][gc,task     ] GC(4) Using 8 workers of 8 for evacuation
[2025-09-24T06:19:19.117+0000][gc,mmu      ] GC(4) MMU target violated: 21.0ms (20.0ms/21.0ms)
[2025-09-24T06:19:19.118+0000][gc,phases   ] GC(4)   Pre Evacuate Collection Set: 0.3ms
[2025-09-24T06:19:19.118+0000][gc,phases   ] GC(4)   Merge Heap Roots: 0.1ms
[2025-09-24T06:19:19.118+0000][gc,phases   ] GC(4)   Evacuate Collection Set: 20.6ms
[2025-09-24T06:19:19.118+0000][gc,phases   ] GC(4)   Post Evacuate Collection Set: 0.7ms
[2025-09-24T06:19:19.118+0000][gc,phases   ] GC(4)   Other: 0.1ms
[2025-09-24T06:19:19.118+0000][gc,heap     ] GC(4) Eden regions: 17->0(49)
[2025-09-24T06:19:19.118+0000][gc,heap     ] GC(4) Survivor regions: 6->2(7)
[2025-09-24T06:19:19.118+0000][gc,heap     ] GC(4) Old regions: 11->15
[2025-09-24T06:19:19.118+0000][gc,heap     ] GC(4) Humongous regions: 129->129
[2025-09-24T06:19:19.118+0000][gc,metaspace] GC(4) Metaspace: 35642K(35968K)->35642K(35968K) NonClass: 31731K(31872K)->31731K(31872K) Class: 3911K(4096K)->3911K(4096K)
[2025-09-24T06:19:19.118+0000][gc          ] GC(4) Pause Young (Mixed) (Metadata GC Threshold) 160M->145M(1024M) 21.880ms
[2025-09-24T06:19:19.118+0000][gc,cpu      ] GC(4) User=0.02s Sys=0.01s Real=0.02s
[2025-09-24T06:19:19.222+0000][gc,start    ] GC(5) Pause Young (Concurrent Start) (Metadata GC Threshold)
[2025-09-24T06:19:19.222+0000][gc,task     ] GC(5) Using 8 workers of 8 for evacuation
[2025-09-24T06:19:19.228+0000][gc,phases   ] GC(5)   Pre Evacuate Collection Set: 0.4ms
[2025-09-24T06:19:19.229+0000][gc,phases   ] GC(5)   Merge Heap Roots: 0.1ms
[2025-09-24T06:19:19.229+0000][gc,phases   ] GC(5)   Evacuate Collection Set: 5.4ms
[2025-09-24T06:19:19.229+0000][gc,phases   ] GC(5)   Post Evacuate Collection Set: 0.5ms
[2025-09-24T06:19:19.229+0000][gc,phases   ] GC(5)   Other: 0.1ms
[2025-09-24T06:19:19.229+0000][gc,heap     ] GC(5) Eden regions: 3->0(48)
[2025-09-24T06:19:19.229+0000][gc,heap     ] GC(5) Survivor regions: 2->3(7)
[2025-09-24T06:19:19.229+0000][gc,heap     ] GC(5) Old regions: 15->15
[2025-09-24T06:19:19.229+0000][gc,heap     ] GC(5) Humongous regions: 129->129
[2025-09-24T06:19:19.229+0000][gc,metaspace] GC(5) Metaspace: 35954K(36288K)->35954K(36288K) NonClass: 32002K(32192K)->32002K(32192K) Class: 3952K(4096K)->3952K(4096K)
[2025-09-24T06:19:19.229+0000][gc          ] GC(5) Pause Young (Concurrent Start) (Metadata GC Threshold) 148M->145M(1024M) 6.732ms
[2025-09-24T06:19:19.229+0000][gc,cpu      ] GC(5) User=0.02s Sys=0.00s Real=0.00s
[2025-09-24T06:19:19.298+0000][gc          ] GC(6) Concurrent Mark Cycle
[2025-09-24T06:19:19.298+0000][gc,marking  ] GC(6) Concurrent Scan Root Regions
[2025-09-24T06:19:19.299+0000][gc,marking  ] GC(6) Concurrent Scan Root Regions 1.723ms
[2025-09-24T06:19:19.299+0000][gc,marking  ] GC(6) Concurrent Mark
[2025-09-24T06:19:19.299+0000][gc,marking  ] GC(6) Concurrent Mark From Roots
[2025-09-24T06:19:19.299+0000][gc,task     ] GC(6) Using 2 workers of 2 for marking
[2025-09-24T06:19:19.430+0000][gc,marking  ] GC(6) Concurrent Mark From Roots 130.903ms
[2025-09-24T06:19:19.430+0000][gc,marking  ] GC(6) Concurrent Preclean
[2025-09-24T06:19:19.430+0000][gc,marking  ] GC(6) Concurrent Preclean 0.064ms
[2025-09-24T06:19:19.431+0000][gc,start    ] GC(6) Pause Remark
[2025-09-24T06:19:19.437+0000][gc          ] GC(6) Pause Remark 150M->150M(1024M) 6.971ms
[2025-09-24T06:19:19.438+0000][gc,cpu      ] GC(6) User=0.01s Sys=0.00s Real=0.01s
[2025-09-24T06:19:19.438+0000][gc,marking  ] GC(6) Concurrent Mark 138.225ms
[2025-09-24T06:19:19.438+0000][gc,marking  ] GC(6) Concurrent Rebuild Remembered Sets and Scrub Regions
[2025-09-24T06:19:19.449+0000][gc,marking  ] GC(6) Concurrent Rebuild Remembered Sets and Scrub Regions 11.458ms
[2025-09-24T06:19:19.450+0000][gc,start    ] GC(6) Pause Cleanup
[2025-09-24T06:19:19.450+0000][gc          ] GC(6) Pause Cleanup 151M->151M(1024M) 0.239ms
[2025-09-24T06:19:19.450+0000][gc,cpu      ] GC(6) User=0.00s Sys=0.00s Real=0.00s
[2025-09-24T06:19:19.450+0000][gc,marking  ] GC(6) Concurrent Clear Claimed Marks
[2025-09-24T06:19:19.450+0000][gc,marking  ] GC(6) Concurrent Clear Claimed Marks 0.040ms
[2025-09-24T06:19:19.450+0000][gc,marking  ] GC(6) Concurrent Cleanup for Next Mark
[2025-09-24T06:19:19.456+0000][gc,marking  ] GC(6) Concurrent Cleanup for Next Mark 6.305ms
[2025-09-24T06:19:19.457+0000][gc          ] GC(6) Concurrent Mark Cycle 158.865ms
[2025-09-24T06:20:50.790+0000][gc,start    ] GC(7) Pause Young (Prepare Mixed) (G1 Evacuation Pause)
[2025-09-24T06:20:50.790+0000][gc,task     ] GC(7) Using 8 workers of 8 for evacuation
[2025-09-24T06:20:50.801+0000][gc,phases   ] GC(7)   Pre Evacuate Collection Set: 0.4ms
[2025-09-24T06:20:50.801+0000][gc,phases   ] GC(7)   Merge Heap Roots: 0.2ms
[2025-09-24T06:20:50.801+0000][gc,phases   ] GC(7)   Evacuate Collection Set: 9.8ms
[2025-09-24T06:20:50.801+0000][gc,phases   ] GC(7)   Post Evacuate Collection Set: 0.7ms
[2025-09-24T06:20:50.801+0000][gc,phases   ] GC(7)   Other: 0.1ms
[2025-09-24T06:20:50.801+0000][gc,heap     ] GC(7) Eden regions: 48->0(45)
[2025-09-24T06:20:50.801+0000][gc,heap     ] GC(7) Survivor regions: 3->6(7)
[2025-09-24T06:20:50.801+0000][gc,heap     ] GC(7) Old regions: 15->15
[2025-09-24T06:20:50.801+0000][gc,heap     ] GC(7) Humongous regions: 141->129
[2025-09-24T06:20:50.801+0000][gc,metaspace] GC(7) Metaspace: 43864K(44480K)->43864K(44480K) NonClass: 38754K(39104K)->38754K(39104K) Class: 5110K(5376K)->5110K(5376K)
[2025-09-24T06:20:50.801+0000][gc          ] GC(7) Pause Young (Prepare Mixed) (G1 Evacuation Pause) 205M->149M(1024M) 11.481ms
[2025-09-24T06:20:50.801+0000][gc,cpu      ] GC(7) User=0.03s Sys=0.00s Real=0.02s
[2025-09-24T06:25:56.652+0000][gc,start    ] GC(8) Pause Young (Mixed) (G1 Evacuation Pause)
[2025-09-24T06:25:56.652+0000][gc,task     ] GC(8) Using 8 workers of 8 for evacuation
[2025-09-24T06:25:56.661+0000][gc,phases   ] GC(8)   Pre Evacuate Collection Set: 0.5ms
[2025-09-24T06:25:56.661+0000][gc,phases   ] GC(8)   Merge Heap Roots: 0.2ms
[2025-09-24T06:25:56.661+0000][gc,phases   ] GC(8)   Evacuate Collection Set: 6.3ms
[2025-09-24T06:25:56.661+0000][gc,phases   ] GC(8)   Post Evacuate Collection Set: 0.9ms
[2025-09-24T06:25:56.661+0000][gc,phases   ] GC(8)   Other: 0.2ms
[2025-09-24T06:25:56.661+0000][gc,heap     ] GC(8) Eden regions: 45->0(48)
[2025-09-24T06:25:56.661+0000][gc,heap     ] GC(8) Survivor regions: 6->3(7)
[2025-09-24T06:25:56.661+0000][gc,heap     ] GC(8) Old regions: 15->19
[2025-09-24T06:25:56.661+0000][gc,heap     ] GC(8) Humongous regions: 129->129
[2025-09-24T06:25:56.661+0000][gc,metaspace] GC(8) Metaspace: 44133K(44800K)->44133K(44800K) NonClass: 39018K(39424K)->39018K(39424K) Class: 5114K(5376K)->5114K(5376K)
[2025-09-24T06:25:56.661+0000][gc          ] GC(8) Pause Young (Mixed) (G1 Evacuation Pause) 194M->149M(1024M) 8.462ms
[2025-09-24T06:25:56.661+0000][gc,cpu      ] GC(8) User=0.05s Sys=0.00s Real=0.00s
[2025-09-24T06:32:07.177+0000][gc,start    ] GC(9) Pause Young (Normal) (G1 Evacuation Pause)
[2025-09-24T06:32:07.177+0000][gc,task     ] GC(9) Using 8 workers of 8 for evacuation
[2025-09-24T06:32:07.184+0000][gc,phases   ] GC(9)   Pre Evacuate Collection Set: 0.4ms
[2025-09-24T06:32:07.184+0000][gc,phases   ] GC(9)   Merge Heap Roots: 0.2ms
[2025-09-24T06:32:07.184+0000][gc,phases   ] GC(9)   Evacuate Collection Set: 5.2ms
[2025-09-24T06:32:07.184+0000][gc,phases   ] GC(9)   Post Evacuate Collection Set: 0.9ms
[2025-09-24T06:32:07.184+0000][gc,phases   ] GC(9)   Other: 0.1ms
[2025-09-24T06:32:07.184+0000][gc,heap     ] GC(9) Eden regions: 48->0(45)
[2025-09-24T06:32:07.184+0000][gc,heap     ] GC(9) Survivor regions: 3->6(7)
[2025-09-24T06:32:07.184+0000][gc,heap     ] GC(9) Old regions: 19->19
[2025-09-24T06:32:07.184+0000][gc,heap     ] GC(9) Humongous regions: 129->129
[2025-09-24T06:32:07.184+0000][gc,metaspace] GC(9) Metaspace: 44245K(44928K)->44245K(44928K) NonClass: 39113K(39552K)->39113K(39552K) Class: 5131K(5376K)->5131K(5376K)
[2025-09-24T06:32:07.184+0000][gc          ] GC(9) Pause Young (Normal) (G1 Evacuation Pause) 197M->153M(1024M) 7.475ms
[2025-09-24T06:32:07.184+0000][gc,cpu      ] GC(9) User=0.04s Sys=0.00s Real=0.01s
[2025-09-24T06:38:21.618+0000][gc,start    ] GC(10) Pause Young (Normal) (G1 Evacuation Pause)
[2025-09-24T06:38:21.618+0000][gc,task     ] GC(10) Using 8 workers of 8 for evacuation
[2025-09-24T06:38:21.630+0000][gc,phases   ] GC(10)   Pre Evacuate Collection Set: 0.5ms
[2025-09-24T06:38:21.630+0000][gc,phases   ] GC(10)   Merge Heap Roots: 0.2ms
[2025-09-24T06:38:21.630+0000][gc,phases   ] GC(10)   Evacuate Collection Set: 10.0ms
[2025-09-24T06:38:21.630+0000][gc,phases   ] GC(10)   Post Evacuate Collection Set: 0.8ms
[2025-09-24T06:38:21.630+0000][gc,phases   ] GC(10)   Other: 0.1ms
[2025-09-24T06:38:21.630+0000][gc,heap     ] GC(10) Eden regions: 45->0(45)
[2025-09-24T06:38:21.630+0000][gc,heap     ] GC(10) Survivor regions: 6->6(7)
[2025-09-24T06:38:21.630+0000][gc,heap     ] GC(10) Old regions: 19->24
[2025-09-24T06:38:21.630+0000][gc,heap     ] GC(10) Humongous regions: 129->129
[2025-09-24T06:38:21.630+0000][gc,metaspace] GC(10) Metaspace: 44290K(44928K)->44290K(44928K) NonClass: 39158K(39552K)->39158K(39552K) Class: 5131K(5376K)->5131K(5376K)
[2025-09-24T06:38:21.630+0000][gc          ] GC(10) Pause Young (Normal) (G1 Evacuation Pause) 198M->157M(1024M) 12.149ms
[2025-09-24T06:38:21.630+0000][gc,cpu      ] GC(10) User=0.07s Sys=0.00s Real=0.01s
[2025-09-24T06:44:38.407+0000][gc,start    ] GC(11) Pause Young (Normal) (G1 Evacuation Pause)
[2025-09-24T06:44:38.407+0000][gc,task     ] GC(11) Using 8 workers of 8 for evacuation
[2025-09-24T06:44:38.419+0000][gc,phases   ] GC(11)   Pre Evacuate Collection Set: 0.6ms
[2025-09-24T06:44:38.419+0000][gc,phases   ] GC(11)   Merge Heap Roots: 0.2ms
[2025-09-24T06:44:38.419+0000][gc,phases   ] GC(11)   Evacuate Collection Set: 9.6ms
[2025-09-24T06:44:38.419+0000][gc,phases   ] GC(11)   Post Evacuate Collection Set: 0.7ms
[2025-09-24T06:44:38.419+0000][gc,phases   ] GC(11)   Other: 0.1ms
[2025-09-24T06:44:38.419+0000][gc,heap     ] GC(11) Eden regions: 45->0(45)
[2025-09-24T06:44:38.419+0000][gc,heap     ] GC(11) Survivor regions: 6->6(7)
[2025-09-24T06:44:38.419+0000][gc,heap     ] GC(11) Old regions: 24->28
[2025-09-24T06:44:38.419+0000][gc,heap     ] GC(11) Humongous regions: 129->129
[2025-09-24T06:44:38.419+0000][gc,metaspace] GC(11) Metaspace: 44342K(44928K)->44342K(44928K) NonClass: 39211K(39552K)->39211K(39552K) Class: 5131K(5376K)->5131K(5376K)
[2025-09-24T06:44:38.419+0000][gc          ] GC(11) Pause Young (Normal) (G1 Evacuation Pause) 202M->161M(1024M) 11.515ms
[2025-09-24T06:44:38.419+0000][gc,cpu      ] GC(11) User=0.06s Sys=0.00s Real=0.01s
[2025-09-24T06:50:59.690+0000][gc,start    ] GC(12) Pause Young (Normal) (G1 Evacuation Pause)
[2025-09-24T06:50:59.690+0000][gc,task     ] GC(12) Using 8 workers of 8 for evacuation
[2025-09-24T06:50:59.701+0000][gc,phases   ] GC(12)   Pre Evacuate Collection Set: 0.7ms
[2025-09-24T06:50:59.701+0000][gc,phases   ] GC(12)   Merge Heap Roots: 0.3ms
[2025-09-24T06:50:59.701+0000][gc,phases   ] GC(12)   Evacuate Collection Set: 8.9ms
[2025-09-24T06:50:59.701+0000][gc,phases   ] GC(12)   Post Evacuate Collection Set: 1.1ms
[2025-09-24T06:50:59.701+0000][gc,phases   ] GC(12)   Other: 0.2ms
[2025-09-24T06:50:59.701+0000][gc,heap     ] GC(12) Eden regions: 45->0(46)
[2025-09-24T06:50:59.701+0000][gc,heap     ] GC(12) Survivor regions: 6->5(7)
[2025-09-24T06:50:59.701+0000][gc,heap     ] GC(12) Old regions: 28->31
[2025-09-24T06:50:59.701+0000][gc,heap     ] GC(12) Humongous regions: 129->129
[2025-09-24T06:50:59.701+0000][gc,metaspace] GC(12) Metaspace: 44403K(44992K)->44403K(44992K) NonClass: 39271K(39616K)->39271K(39616K) Class: 5131K(5376K)->5131K(5376K)
[2025-09-24T06:50:59.701+0000][gc          ] GC(12) Pause Young (Normal) (G1 Evacuation Pause) 206M->164M(1024M) 11.496ms
[2025-09-24T06:50:59.701+0000][gc,cpu      ] GC(12) User=0.07s Sys=0.00s Real=0.02s
[2025-09-24T06:57:30.790+0000][gc,start    ] GC(13) Pause Young (Normal) (G1 Evacuation Pause)
[2025-09-24T06:57:30.790+0000][gc,task     ] GC(13) Using 8 workers of 8 for evacuation
[2025-09-24T06:57:30.800+0000][gc,phases   ] GC(13)   Pre Evacuate Collection Set: 0.7ms
[2025-09-24T06:57:30.800+0000][gc,phases   ] GC(13)   Merge Heap Roots: 0.3ms
[2025-09-24T06:57:30.800+0000][gc,phases   ] GC(13)   Evacuate Collection Set: 8.3ms
[2025-09-24T06:57:30.800+0000][gc,phases   ] GC(13)   Post Evacuate Collection Set: 0.7ms
[2025-09-24T06:57:30.800+0000][gc,phases   ] GC(13)   Other: 0.1ms
[2025-09-24T06:57:30.800+0000][gc,heap     ] GC(13) Eden regions: 46->0(46)
[2025-09-24T06:57:30.800+0000][gc,heap     ] GC(13) Survivor regions: 5->5(7)
[2025-09-24T06:57:30.800+0000][gc,heap     ] GC(13) Old regions: 31->35
[2025-09-24T06:57:30.800+0000][gc,heap     ] GC(13) Humongous regions: 129->129
[2025-09-24T06:57:30.800+0000][gc,metaspace] GC(13) Metaspace: 44441K(45120K)->44441K(45120K) NonClass: 39309K(39744K)->39309K(39744K) Class: 5131K(5376K)->5131K(5376K)
[2025-09-24T06:57:30.800+0000][gc          ] GC(13) Pause Young (Normal) (G1 Evacuation Pause) 210M->168M(1024M) 10.498ms
[2025-09-24T06:57:30.800+0000][gc,cpu      ] GC(13) User=0.07s Sys=0.01s Real=0.01s
[2025-09-24T06:59:46.310+0000][gc,heap,exit] Heap
[2025-09-24T06:59:46.310+0000][gc,heap,exit]  garbage-first heap   total 1048576K, used 199317K [0x00000000c0000000, 0x0000000100000000)
[2025-09-24T06:59:46.310+0000][gc,heap,exit]   region size 1024K, 31 young (31744K), 5 survivors (5120K)
[2025-09-24T06:59:46.310+0000][gc,heap,exit]  Metaspace       used 45467K, committed 46208K, reserved 1114112K
[2025-09-24T06:59:46.310+0000][gc,heap,exit]   class space    used 5345K, committed 5632K, reserved 1048576K
