[2025-09-26T03:20:18.414+0000][gc,init] CardTable entry size: 512
[2025-09-26T03:20:18.414+0000][gc     ] Using G1
[2025-09-26T03:20:18.430+0000][gc,init] Version: 21.0.8+9-Ubuntu-0ubuntu124.04.1 (release)
[2025-09-26T03:20:18.430+0000][gc,init] CPUs: 8 total, 8 available
[2025-09-26T03:20:18.430+0000][gc,init] Memory: 15638M
[2025-09-26T03:20:18.430+0000][gc,init] Large Page Support: Disabled
[2025-09-26T03:20:18.430+0000][gc,init] NUMA Support: Disabled
[2025-09-26T03:20:18.430+0000][gc,init] Compressed Oops: Enabled (32-bit)
[2025-09-26T03:20:18.430+0000][gc,init] Heap Region Size: 1M
[2025-09-26T03:20:18.430+0000][gc,init] Heap Min Capacity: 1G
[2025-09-26T03:20:18.430+0000][gc,init] Heap Initial Capacity: 1G
[2025-09-26T03:20:18.430+0000][gc,init] Heap Max Capacity: 1G
[2025-09-26T03:20:18.430+0000][gc,init] Pre-touch: Disabled
[2025-09-26T03:20:18.430+0000][gc,init] Parallel Workers: 8
[2025-09-26T03:20:18.430+0000][gc,init] Concurrent Workers: 2
[2025-09-26T03:20:18.430+0000][gc,init] Concurrent Refinement Workers: 8
[2025-09-26T03:20:18.430+0000][gc,init] Periodic GC: Disabled
[2025-09-26T03:20:18.437+0000][gc,metaspace] CDS archive(s) mapped at: [0x000072fc1f000000-0x000072fc1fca0000-0x000072fc1fca0000), size 13238272, SharedBaseAddress: 0x000072fc1f000000, ArchiveRelocationMode: 1.
[2025-09-26T03:20:18.437+0000][gc,metaspace] Compressed class space mapped at: 0x000072fc20000000-0x000072fc60000000, reserved size: 1073741824
[2025-09-26T03:20:18.437+0000][gc,metaspace] Narrow klass base: 0x000072fc1f000000, Narrow klass shift: 0, Narrow klass range: 0x100000000
[2025-09-26T03:20:20.391+0000][gc,start    ] GC(0) Pause Young (Normal) (G1 Evacuation Pause)
[2025-09-26T03:20:20.410+0000][gc,task     ] GC(0) Using 8 workers of 8 for evacuation
[2025-09-26T03:20:20.444+0000][gc,mmu      ] GC(0) MMU target violated: 21.0ms (20.0ms/21.0ms)
[2025-09-26T03:20:20.444+0000][gc,phases   ] GC(0)   Pre Evacuate Collection Set: 0.2ms
[2025-09-26T03:20:20.444+0000][gc,phases   ] GC(0)   Merge Heap Roots: 0.1ms
[2025-09-26T03:20:20.444+0000][gc,phases   ] GC(0)   Evacuate Collection Set: 29.2ms
[2025-09-26T03:20:20.444+0000][gc,phases   ] GC(0)   Post Evacuate Collection Set: 3.8ms
[2025-09-26T03:20:20.444+0000][gc,phases   ] GC(0)   Other: 19.4ms
[2025-09-26T03:20:20.444+0000][gc,heap     ] GC(0) Eden regions: 51->0(44)
[2025-09-26T03:20:20.444+0000][gc,heap     ] GC(0) Survivor regions: 0->7(7)
[2025-09-26T03:20:20.444+0000][gc,heap     ] GC(0) Old regions: 2->3
[2025-09-26T03:20:20.444+0000][gc,heap     ] GC(0) Humongous regions: 0->0
[2025-09-26T03:20:20.444+0000][gc,metaspace] GC(0) Metaspace: 17590K(17792K)->17590K(17792K) NonClass: 15538K(15680K)->15538K(15680K) Class: 2051K(2112K)->2051K(2112K)
[2025-09-26T03:20:20.444+0000][gc          ] GC(0) Pause Young (Normal) (G1 Evacuation Pause) 52M->8M(1024M) 52.913ms
[2025-09-26T03:20:20.444+0000][gc,cpu      ] GC(0) User=0.02s Sys=0.01s Real=0.05s
[2025-09-26T03:20:20.755+0000][gc,start    ] GC(1) Pause Young (Concurrent Start) (Metadata GC Threshold)
[2025-09-26T03:20:20.755+0000][gc,task     ] GC(1) Using 8 workers of 8 for evacuation
[2025-09-26T03:20:20.769+0000][gc,phases   ] GC(1)   Pre Evacuate Collection Set: 0.3ms
[2025-09-26T03:20:20.769+0000][gc,phases   ] GC(1)   Merge Heap Roots: 0.1ms
[2025-09-26T03:20:20.769+0000][gc,phases   ] GC(1)   Evacuate Collection Set: 12.6ms
[2025-09-26T03:20:20.769+0000][gc,phases   ] GC(1)   Post Evacuate Collection Set: 0.6ms
[2025-09-26T03:20:20.769+0000][gc,phases   ] GC(1)   Other: 0.1ms
[2025-09-26T03:20:20.769+0000][gc,heap     ] GC(1) Eden regions: 14->0(50)
[2025-09-26T03:20:20.769+0000][gc,heap     ] GC(1) Survivor regions: 7->1(7)
[2025-09-26T03:20:20.769+0000][gc,heap     ] GC(1) Old regions: 3->11
[2025-09-26T03:20:20.769+0000][gc,heap     ] GC(1) Humongous regions: 0->0
[2025-09-26T03:20:20.769+0000][gc,metaspace] GC(1) Metaspace: 21293K(21504K)->21293K(21504K) NonClass: 18797K(18880K)->18797K(18880K) Class: 2495K(2624K)->2495K(2624K)
[2025-09-26T03:20:20.769+0000][gc          ] GC(1) Pause Young (Concurrent Start) (Metadata GC Threshold) 22M->10M(1024M) 13.930ms
[2025-09-26T03:20:20.769+0000][gc          ] GC(2) Concurrent Mark Cycle
[2025-09-26T03:20:20.769+0000][gc,marking  ] GC(2) Concurrent Scan Root Regions
[2025-09-26T03:20:20.769+0000][gc,cpu      ] GC(1) User=0.01s Sys=0.01s Real=0.02s
[2025-09-26T03:20:20.777+0000][gc,marking  ] GC(2) Concurrent Scan Root Regions 8.066ms
[2025-09-26T03:20:20.777+0000][gc,marking  ] GC(2) Concurrent Mark
[2025-09-26T03:20:20.777+0000][gc,marking  ] GC(2) Concurrent Mark From Roots
[2025-09-26T03:20:20.777+0000][gc,task     ] GC(2) Using 2 workers of 2 for marking
[2025-09-26T03:20:20.779+0000][gc,marking  ] GC(2) Concurrent Mark From Roots 1.917ms
[2025-09-26T03:20:20.779+0000][gc,marking  ] GC(2) Concurrent Preclean
[2025-09-26T03:20:20.779+0000][gc,marking  ] GC(2) Concurrent Preclean 0.017ms
[2025-09-26T03:20:20.779+0000][gc,start    ] GC(2) Pause Remark
[2025-09-26T03:20:20.783+0000][gc          ] GC(2) Pause Remark 11M->11M(1024M) 4.126ms
[2025-09-26T03:20:20.783+0000][gc,cpu      ] GC(2) User=0.00s Sys=0.00s Real=0.00s
[2025-09-26T03:20:20.784+0000][gc,marking  ] GC(2) Concurrent Mark 6.618ms
[2025-09-26T03:20:20.784+0000][gc,marking  ] GC(2) Concurrent Rebuild Remembered Sets and Scrub Regions
[2025-09-26T03:20:20.786+0000][gc,marking  ] GC(2) Concurrent Rebuild Remembered Sets and Scrub Regions 2.378ms
[2025-09-26T03:20:20.788+0000][gc,start    ] GC(2) Pause Cleanup
[2025-09-26T03:20:20.788+0000][gc          ] GC(2) Pause Cleanup 11M->11M(1024M) 0.401ms
[2025-09-26T03:20:20.788+0000][gc,cpu      ] GC(2) User=0.00s Sys=0.00s Real=0.00s
[2025-09-26T03:20:20.788+0000][gc,marking  ] GC(2) Concurrent Clear Claimed Marks
[2025-09-26T03:20:20.788+0000][gc,marking  ] GC(2) Concurrent Clear Claimed Marks 0.021ms
[2025-09-26T03:20:20.788+0000][gc,marking  ] GC(2) Concurrent Cleanup for Next Mark
[2025-09-26T03:20:20.796+0000][gc,marking  ] GC(2) Concurrent Cleanup for Next Mark 7.690ms
[2025-09-26T03:20:20.796+0000][gc          ] GC(2) Concurrent Mark Cycle 27.456ms
[2025-09-26T03:20:22.811+0000][gc,start    ] GC(3) Pause Young (Prepare Mixed) (G1 Evacuation Pause)
[2025-09-26T03:20:22.811+0000][gc,task     ] GC(3) Using 8 workers of 8 for evacuation
[2025-09-26T03:20:22.891+0000][gc,mmu      ] GC(3) MMU target violated: 21.0ms (20.0ms/21.0ms)
[2025-09-26T03:20:22.891+0000][gc,phases   ] GC(3)   Pre Evacuate Collection Set: 43.4ms
[2025-09-26T03:20:22.891+0000][gc,phases   ] GC(3)   Merge Heap Roots: 0.1ms
[2025-09-26T03:20:22.891+0000][gc,phases   ] GC(3)   Evacuate Collection Set: 35.8ms
[2025-09-26T03:20:22.891+0000][gc,phases   ] GC(3)   Post Evacuate Collection Set: 0.8ms
[2025-09-26T03:20:22.891+0000][gc,phases   ] GC(3)   Other: 0.1ms
[2025-09-26T03:20:22.891+0000][gc,heap     ] GC(3) Eden regions: 50->0(45)
[2025-09-26T03:20:22.891+0000][gc,heap     ] GC(3) Survivor regions: 1->6(7)
[2025-09-26T03:20:22.891+0000][gc,heap     ] GC(3) Old regions: 11->11
[2025-09-26T03:20:22.891+0000][gc,heap     ] GC(3) Humongous regions: 129->129
[2025-09-26T03:20:22.891+0000][gc,metaspace] GC(3) Metaspace: 31394K(31744K)->31394K(31744K) NonClass: 27902K(28096K)->27902K(28096K) Class: 3491K(3648K)->3491K(3648K)
[2025-09-26T03:20:22.891+0000][gc          ] GC(3) Pause Young (Prepare Mixed) (G1 Evacuation Pause) 189M->143M(1024M) 80.352ms
[2025-09-26T03:20:22.891+0000][gc,cpu      ] GC(3) User=0.04s Sys=0.00s Real=0.08s
[2025-09-26T03:20:23.371+0000][gc,start    ] GC(4) Pause Young (Mixed) (Metadata GC Threshold)
[2025-09-26T03:20:23.371+0000][gc,task     ] GC(4) Using 8 workers of 8 for evacuation
[2025-09-26T03:20:23.388+0000][gc,phases   ] GC(4)   Pre Evacuate Collection Set: 0.3ms
[2025-09-26T03:20:23.388+0000][gc,phases   ] GC(4)   Merge Heap Roots: 0.1ms
[2025-09-26T03:20:23.388+0000][gc,phases   ] GC(4)   Evacuate Collection Set: 16.0ms
[2025-09-26T03:20:23.388+0000][gc,phases   ] GC(4)   Post Evacuate Collection Set: 0.7ms
[2025-09-26T03:20:23.388+0000][gc,phases   ] GC(4)   Other: 0.1ms
[2025-09-26T03:20:23.388+0000][gc,heap     ] GC(4) Eden regions: 17->0(49)
[2025-09-26T03:20:23.388+0000][gc,heap     ] GC(4) Survivor regions: 6->2(7)
[2025-09-26T03:20:23.388+0000][gc,heap     ] GC(4) Old regions: 11->15
[2025-09-26T03:20:23.388+0000][gc,heap     ] GC(4) Humongous regions: 129->129
[2025-09-26T03:20:23.388+0000][gc,metaspace] GC(4) Metaspace: 35636K(35968K)->35636K(35968K) NonClass: 31739K(31936K)->31739K(31936K) Class: 3897K(4032K)->3897K(4032K)
[2025-09-26T03:20:23.388+0000][gc          ] GC(4) Pause Young (Mixed) (Metadata GC Threshold) 160M->145M(1024M) 17.387ms
[2025-09-26T03:20:23.388+0000][gc,cpu      ] GC(4) User=0.02s Sys=0.01s Real=0.02s
[2025-09-26T03:20:23.405+0000][gc,start    ] GC(5) Pause Young (Concurrent Start) (Metadata GC Threshold)
[2025-09-26T03:20:23.405+0000][gc,task     ] GC(5) Using 8 workers of 8 for evacuation
[2025-09-26T03:20:23.411+0000][gc,phases   ] GC(5)   Pre Evacuate Collection Set: 0.3ms
[2025-09-26T03:20:23.411+0000][gc,phases   ] GC(5)   Merge Heap Roots: 0.1ms
[2025-09-26T03:20:23.411+0000][gc,phases   ] GC(5)   Evacuate Collection Set: 5.2ms
[2025-09-26T03:20:23.411+0000][gc,phases   ] GC(5)   Post Evacuate Collection Set: 0.5ms
[2025-09-26T03:20:23.411+0000][gc,phases   ] GC(5)   Other: 0.1ms
[2025-09-26T03:20:23.411+0000][gc,heap     ] GC(5) Eden regions: 3->0(48)
[2025-09-26T03:20:23.411+0000][gc,heap     ] GC(5) Survivor regions: 2->3(7)
[2025-09-26T03:20:23.411+0000][gc,heap     ] GC(5) Old regions: 15->15
[2025-09-26T03:20:23.411+0000][gc,heap     ] GC(5) Humongous regions: 129->129
[2025-09-26T03:20:23.411+0000][gc,metaspace] GC(5) Metaspace: 35880K(36224K)->35880K(36224K) NonClass: 31951K(32128K)->31951K(32128K) Class: 3928K(4096K)->3928K(4096K)
[2025-09-26T03:20:23.411+0000][gc          ] GC(5) Pause Young (Concurrent Start) (Metadata GC Threshold) 148M->145M(1024M) 6.282ms
[2025-09-26T03:20:23.411+0000][gc          ] GC(6) Concurrent Mark Cycle
[2025-09-26T03:20:23.411+0000][gc,marking  ] GC(6) Concurrent Scan Root Regions
[2025-09-26T03:20:23.413+0000][gc,cpu      ] GC(5) User=0.00s Sys=0.00s Real=0.01s
[2025-09-26T03:20:23.413+0000][gc,marking  ] GC(6) Concurrent Scan Root Regions 1.877ms
[2025-09-26T03:20:23.413+0000][gc,marking  ] GC(6) Concurrent Mark
[2025-09-26T03:20:23.413+0000][gc,marking  ] GC(6) Concurrent Mark From Roots
[2025-09-26T03:20:23.413+0000][gc,task     ] GC(6) Using 2 workers of 2 for marking
[2025-09-26T03:20:23.434+0000][gc,marking  ] GC(6) Concurrent Mark From Roots 20.853ms
[2025-09-26T03:20:23.434+0000][gc,marking  ] GC(6) Concurrent Preclean
[2025-09-26T03:20:23.434+0000][gc,marking  ] GC(6) Concurrent Preclean 0.090ms
[2025-09-26T03:20:23.435+0000][gc,start    ] GC(6) Pause Remark
[2025-09-26T03:20:23.439+0000][gc          ] GC(6) Pause Remark 147M->147M(1024M) 4.429ms
[2025-09-26T03:20:23.439+0000][gc,cpu      ] GC(6) User=0.00s Sys=0.00s Real=0.01s
[2025-09-26T03:20:23.440+0000][gc,marking  ] GC(6) Concurrent Mark 26.458ms
[2025-09-26T03:20:23.440+0000][gc,marking  ] GC(6) Concurrent Rebuild Remembered Sets and Scrub Regions
[2025-09-26T03:20:23.446+0000][gc,marking  ] GC(6) Concurrent Rebuild Remembered Sets and Scrub Regions 6.479ms
[2025-09-26T03:20:23.446+0000][gc,start    ] GC(6) Pause Cleanup
[2025-09-26T03:20:23.447+0000][gc          ] GC(6) Pause Cleanup 147M->147M(1024M) 0.212ms
[2025-09-26T03:20:23.447+0000][gc,cpu      ] GC(6) User=0.00s Sys=0.00s Real=0.00s
[2025-09-26T03:20:23.447+0000][gc,marking  ] GC(6) Concurrent Clear Claimed Marks
[2025-09-26T03:20:23.447+0000][gc,marking  ] GC(6) Concurrent Clear Claimed Marks 0.029ms
[2025-09-26T03:20:23.447+0000][gc,marking  ] GC(6) Concurrent Cleanup for Next Mark
[2025-09-26T03:20:23.448+0000][gc,marking  ] GC(6) Concurrent Cleanup for Next Mark 1.033ms
[2025-09-26T03:20:23.448+0000][gc          ] GC(6) Concurrent Mark Cycle 36.511ms
[2025-09-26T03:21:53.867+0000][gc,start    ] GC(7) Pause Young (Prepare Mixed) (G1 Evacuation Pause)
[2025-09-26T03:21:53.867+0000][gc,task     ] GC(7) Using 8 workers of 8 for evacuation
[2025-09-26T03:21:53.876+0000][gc,phases   ] GC(7)   Pre Evacuate Collection Set: 0.6ms
[2025-09-26T03:21:53.876+0000][gc,phases   ] GC(7)   Merge Heap Roots: 0.2ms
[2025-09-26T03:21:53.876+0000][gc,phases   ] GC(7)   Evacuate Collection Set: 5.9ms
[2025-09-26T03:21:53.876+0000][gc,phases   ] GC(7)   Post Evacuate Collection Set: 1.5ms
[2025-09-26T03:21:53.876+0000][gc,phases   ] GC(7)   Other: 0.2ms
[2025-09-26T03:21:53.876+0000][gc,heap     ] GC(7) Eden regions: 48->0(45)
[2025-09-26T03:21:53.876+0000][gc,heap     ] GC(7) Survivor regions: 3->6(7)
[2025-09-26T03:21:53.876+0000][gc,heap     ] GC(7) Old regions: 15->15
[2025-09-26T03:21:53.876+0000][gc,heap     ] GC(7) Humongous regions: 141->129
[2025-09-26T03:21:53.876+0000][gc,metaspace] GC(7) Metaspace: 43807K(44416K)->43807K(44416K) NonClass: 38719K(39104K)->38719K(39104K) Class: 5087K(5312K)->5087K(5312K)
[2025-09-26T03:21:53.876+0000][gc          ] GC(7) Pause Young (Prepare Mixed) (G1 Evacuation Pause) 205M->149M(1024M) 8.791ms
[2025-09-26T03:21:53.876+0000][gc,cpu      ] GC(7) User=0.05s Sys=0.00s Real=0.01s
[2025-09-26T03:26:34.428+0000][gc,start    ] GC(8) Pause Young (Mixed) (G1 Evacuation Pause)
[2025-09-26T03:26:34.428+0000][gc,task     ] GC(8) Using 8 workers of 8 for evacuation
[2025-09-26T03:26:34.436+0000][gc,phases   ] GC(8)   Pre Evacuate Collection Set: 0.7ms
[2025-09-26T03:26:34.436+0000][gc,phases   ] GC(8)   Merge Heap Roots: 0.2ms
[2025-09-26T03:26:34.436+0000][gc,phases   ] GC(8)   Evacuate Collection Set: 6.1ms
[2025-09-26T03:26:34.436+0000][gc,phases   ] GC(8)   Post Evacuate Collection Set: 1.3ms
[2025-09-26T03:26:34.436+0000][gc,phases   ] GC(8)   Other: 0.1ms
[2025-09-26T03:26:34.436+0000][gc,heap     ] GC(8) Eden regions: 45->0(48)
[2025-09-26T03:26:34.436+0000][gc,heap     ] GC(8) Survivor regions: 6->3(7)
[2025-09-26T03:26:34.436+0000][gc,heap     ] GC(8) Old regions: 15->19
[2025-09-26T03:26:34.436+0000][gc,heap     ] GC(8) Humongous regions: 129->129
[2025-09-26T03:26:34.436+0000][gc,metaspace] GC(8) Metaspace: 44493K(45184K)->44493K(45184K) NonClass: 39308K(39744K)->39308K(39744K) Class: 5185K(5440K)->5185K(5440K)
[2025-09-26T03:26:34.436+0000][gc          ] GC(8) Pause Young (Mixed) (G1 Evacuation Pause) 194M->149M(1024M) 8.797ms
[2025-09-26T03:26:34.436+0000][gc,cpu      ] GC(8) User=0.05s Sys=0.00s Real=0.01s
[2025-09-26T03:32:30.961+0000][gc,start    ] GC(9) Pause Young (Normal) (G1 Evacuation Pause)
[2025-09-26T03:32:30.962+0000][gc,task     ] GC(9) Using 8 workers of 8 for evacuation
[2025-09-26T03:32:30.969+0000][gc,phases   ] GC(9)   Pre Evacuate Collection Set: 0.5ms
[2025-09-26T03:32:30.969+0000][gc,phases   ] GC(9)   Merge Heap Roots: 0.2ms
[2025-09-26T03:32:30.969+0000][gc,phases   ] GC(9)   Evacuate Collection Set: 5.3ms
[2025-09-26T03:32:30.969+0000][gc,phases   ] GC(9)   Post Evacuate Collection Set: 0.8ms
[2025-09-26T03:32:30.969+0000][gc,phases   ] GC(9)   Other: 0.2ms
[2025-09-26T03:32:30.969+0000][gc,heap     ] GC(9) Eden regions: 48->0(45)
[2025-09-26T03:32:30.969+0000][gc,heap     ] GC(9) Survivor regions: 3->6(7)
[2025-09-26T03:32:30.969+0000][gc,heap     ] GC(9) Old regions: 19->19
[2025-09-26T03:32:30.969+0000][gc,heap     ] GC(9) Humongous regions: 129->129
[2025-09-26T03:32:30.969+0000][gc,metaspace] GC(9) Metaspace: 44640K(45312K)->44640K(45312K) NonClass: 39436K(39872K)->39436K(39872K) Class: 5203K(5440K)->5203K(5440K)
[2025-09-26T03:32:30.969+0000][gc          ] GC(9) Pause Young (Normal) (G1 Evacuation Pause) 197M->153M(1024M) 7.322ms
[2025-09-26T03:32:30.969+0000][gc,cpu      ] GC(9) User=0.05s Sys=0.00s Real=0.01s
[2025-09-26T03:38:31.974+0000][gc,start    ] GC(10) Pause Young (Normal) (G1 Evacuation Pause)
[2025-09-26T03:38:31.974+0000][gc,task     ] GC(10) Using 8 workers of 8 for evacuation
[2025-09-26T03:38:31.985+0000][gc,phases   ] GC(10)   Pre Evacuate Collection Set: 0.6ms
[2025-09-26T03:38:31.985+0000][gc,phases   ] GC(10)   Merge Heap Roots: 0.3ms
[2025-09-26T03:38:31.985+0000][gc,phases   ] GC(10)   Evacuate Collection Set: 9.3ms
[2025-09-26T03:38:31.985+0000][gc,phases   ] GC(10)   Post Evacuate Collection Set: 0.8ms
[2025-09-26T03:38:31.985+0000][gc,phases   ] GC(10)   Other: 0.2ms
[2025-09-26T03:38:31.985+0000][gc,heap     ] GC(10) Eden regions: 45->0(46)
[2025-09-26T03:38:31.985+0000][gc,heap     ] GC(10) Survivor regions: 6->5(7)
[2025-09-26T03:38:31.985+0000][gc,heap     ] GC(10) Old regions: 19->24
[2025-09-26T03:38:31.985+0000][gc,heap     ] GC(10) Humongous regions: 129->129
[2025-09-26T03:38:31.985+0000][gc,metaspace] GC(10) Metaspace: 44686K(45376K)->44686K(45376K) NonClass: 39482K(39936K)->39482K(39936K) Class: 5203K(5440K)->5203K(5440K)
[2025-09-26T03:38:31.985+0000][gc          ] GC(10) Pause Young (Normal) (G1 Evacuation Pause) 198M->156M(1024M) 11.607ms
[2025-09-26T03:38:31.985+0000][gc,cpu      ] GC(10) User=0.07s Sys=0.00s Real=0.01s
[2025-09-26T03:44:46.608+0000][gc,start    ] GC(11) Pause Young (Normal) (G1 Evacuation Pause)
[2025-09-26T03:44:46.609+0000][gc,task     ] GC(11) Using 8 workers of 8 for evacuation
[2025-09-26T03:44:46.623+0000][gc,phases   ] GC(11)   Pre Evacuate Collection Set: 0.6ms
[2025-09-26T03:44:46.623+0000][gc,phases   ] GC(11)   Merge Heap Roots: 0.3ms
[2025-09-26T03:44:46.623+0000][gc,phases   ] GC(11)   Evacuate Collection Set: 12.7ms
[2025-09-26T03:44:46.623+0000][gc,phases   ] GC(11)   Post Evacuate Collection Set: 0.8ms
[2025-09-26T03:44:46.623+0000][gc,phases   ] GC(11)   Other: 0.2ms
[2025-09-26T03:44:46.623+0000][gc,heap     ] GC(11) Eden regions: 46->0(45)
[2025-09-26T03:44:46.623+0000][gc,heap     ] GC(11) Survivor regions: 5->6(7)
[2025-09-26T03:44:46.623+0000][gc,heap     ] GC(11) Old regions: 24->28
[2025-09-26T03:44:46.623+0000][gc,heap     ] GC(11) Humongous regions: 129->129
[2025-09-26T03:44:46.623+0000][gc,metaspace] GC(11) Metaspace: 44766K(45376K)->44766K(45376K) NonClass: 39561K(39936K)->39561K(39936K) Class: 5205K(5440K)->5205K(5440K)
[2025-09-26T03:44:46.623+0000][gc          ] GC(11) Pause Young (Normal) (G1 Evacuation Pause) 202M->161M(1024M) 14.902ms
[2025-09-26T03:44:46.623+0000][gc,cpu      ] GC(11) User=0.05s Sys=0.00s Real=0.01s
[2025-09-26T03:50:58.172+0000][gc,start    ] GC(12) Pause Young (Normal) (G1 Evacuation Pause)
[2025-09-26T03:50:58.172+0000][gc,task     ] GC(12) Using 8 workers of 8 for evacuation
[2025-09-26T03:50:58.190+0000][gc,phases   ] GC(12)   Pre Evacuate Collection Set: 0.9ms
[2025-09-26T03:50:58.191+0000][gc,phases   ] GC(12)   Merge Heap Roots: 0.2ms
[2025-09-26T03:50:58.191+0000][gc,phases   ] GC(12)   Evacuate Collection Set: 16.2ms
[2025-09-26T03:50:58.191+0000][gc,phases   ] GC(12)   Post Evacuate Collection Set: 0.9ms
[2025-09-26T03:50:58.191+0000][gc,phases   ] GC(12)   Other: 0.1ms
[2025-09-26T03:50:58.191+0000][gc,heap     ] GC(12) Eden regions: 45->0(45)
[2025-09-26T03:50:58.191+0000][gc,heap     ] GC(12) Survivor regions: 6->6(7)
[2025-09-26T03:50:58.191+0000][gc,heap     ] GC(12) Old regions: 28->31
[2025-09-26T03:50:58.191+0000][gc,heap     ] GC(12) Humongous regions: 129->129
[2025-09-26T03:50:58.191+0000][gc,metaspace] GC(12) Metaspace: 44843K(45440K)->44843K(45440K) NonClass: 39637K(40000K)->39637K(40000K) Class: 5205K(5440K)->5205K(5440K)
[2025-09-26T03:50:58.191+0000][gc          ] GC(12) Pause Young (Normal) (G1 Evacuation Pause) 206M->165M(1024M) 18.714ms
[2025-09-26T03:50:58.191+0000][gc,cpu      ] GC(12) User=0.08s Sys=0.01s Real=0.02s
[2025-09-26T03:56:46.744+0000][gc,start    ] GC(13) Pause Young (Normal) (G1 Evacuation Pause)
[2025-09-26T03:56:46.744+0000][gc,task     ] GC(13) Using 8 workers of 8 for evacuation
[2025-09-26T03:56:46.754+0000][gc,phases   ] GC(13)   Pre Evacuate Collection Set: 0.4ms
[2025-09-26T03:56:46.754+0000][gc,phases   ] GC(13)   Merge Heap Roots: 0.2ms
[2025-09-26T03:56:46.754+0000][gc,phases   ] GC(13)   Evacuate Collection Set: 8.2ms
[2025-09-26T03:56:46.754+0000][gc,phases   ] GC(13)   Post Evacuate Collection Set: 0.9ms
[2025-09-26T03:56:46.754+0000][gc,phases   ] GC(13)   Other: 0.1ms
[2025-09-26T03:56:46.754+0000][gc,heap     ] GC(13) Eden regions: 45->0(46)
[2025-09-26T03:56:46.754+0000][gc,heap     ] GC(13) Survivor regions: 6->5(7)
[2025-09-26T03:56:46.754+0000][gc,heap     ] GC(13) Old regions: 31->35
[2025-09-26T03:56:46.754+0000][gc,heap     ] GC(13) Humongous regions: 129->129
[2025-09-26T03:56:46.754+0000][gc,metaspace] GC(13) Metaspace: 44962K(45632K)->44962K(45632K) NonClass: 39756K(40192K)->39756K(40192K) Class: 5206K(5440K)->5206K(5440K)
[2025-09-26T03:56:46.755+0000][gc          ] GC(13) Pause Young (Normal) (G1 Evacuation Pause) 210M->168M(1024M) 10.209ms
[2025-09-26T03:56:46.755+0000][gc,cpu      ] GC(13) User=0.07s Sys=0.01s Real=0.01s
[2025-09-26T04:01:15.593+0000][gc,heap,exit] Heap
[2025-09-26T04:01:15.593+0000][gc,heap,exit]  garbage-first heap   total 1048576K, used 217184K [0x00000000c0000000, 0x0000000100000000)
[2025-09-26T04:01:15.593+0000][gc,heap,exit]   region size 1024K, 49 young (50176K), 5 survivors (5120K)
[2025-09-26T04:01:15.593+0000][gc,heap,exit]  Metaspace       used 46062K, committed 46848K, reserved 1114112K
[2025-09-26T04:01:15.593+0000][gc,heap,exit]   class space    used 5413K, committed 5760K, reserved 1048576K
