[2025-09-25T06:16:23.607+0000][gc,init] CardTable entry size: 512
[2025-09-25T06:16:23.607+0000][gc     ] Using G1
[2025-09-25T06:16:23.617+0000][gc,init] Version: 21.0.8+9-Ubuntu-0ubuntu124.04.1 (release)
[2025-09-25T06:16:23.617+0000][gc,init] CPUs: 8 total, 8 available
[2025-09-25T06:16:23.617+0000][gc,init] Memory: 15638M
[2025-09-25T06:16:23.617+0000][gc,init] Large Page Support: Disabled
[2025-09-25T06:16:23.617+0000][gc,init] NUMA Support: Disabled
[2025-09-25T06:16:23.617+0000][gc,init] Compressed Oops: Enabled (32-bit)
[2025-09-25T06:16:23.617+0000][gc,init] Heap Region Size: 1M
[2025-09-25T06:16:23.617+0000][gc,init] Heap Min Capacity: 1G
[2025-09-25T06:16:23.617+0000][gc,init] Heap Initial Capacity: 1G
[2025-09-25T06:16:23.617+0000][gc,init] Heap Max Capacity: 1G
[2025-09-25T06:16:23.617+0000][gc,init] Pre-touch: Disabled
[2025-09-25T06:16:23.617+0000][gc,init] Parallel Workers: 8
[2025-09-25T06:16:23.617+0000][gc,init] Concurrent Workers: 2
[2025-09-25T06:16:23.617+0000][gc,init] Concurrent Refinement Workers: 8
[2025-09-25T06:16:23.617+0000][gc,init] Periodic GC: Disabled
[2025-09-25T06:16:23.626+0000][gc,metaspace] CDS archive(s) mapped at: [0x00007056a7000000-0x00007056a7ca0000-0x00007056a7ca0000), size 13238272, SharedBaseAddress: 0x00007056a7000000, ArchiveRelocationMode: 1.
[2025-09-25T06:16:23.626+0000][gc,metaspace] Compressed class space mapped at: 0x00007056a8000000-0x00007056e8000000, reserved size: 1073741824
[2025-09-25T06:16:23.626+0000][gc,metaspace] Narrow klass base: 0x00007056a7000000, Narrow klass shift: 0, Narrow klass range: 0x100000000
[2025-09-25T06:16:24.823+0000][gc,start    ] GC(0) Pause Young (Normal) (G1 Evacuation Pause)
[2025-09-25T06:16:24.823+0000][gc,task     ] GC(0) Using 8 workers of 8 for evacuation
[2025-09-25T06:16:24.833+0000][gc,phases   ] GC(0)   Pre Evacuate Collection Set: 0.2ms
[2025-09-25T06:16:24.833+0000][gc,phases   ] GC(0)   Merge Heap Roots: 0.1ms
[2025-09-25T06:16:24.833+0000][gc,phases   ] GC(0)   Evacuate Collection Set: 7.7ms
[2025-09-25T06:16:24.833+0000][gc,phases   ] GC(0)   Post Evacuate Collection Set: 1.0ms
[2025-09-25T06:16:24.833+0000][gc,phases   ] GC(0)   Other: 0.5ms
[2025-09-25T06:16:24.833+0000][gc,heap     ] GC(0) Eden regions: 51->0(44)
[2025-09-25T06:16:24.833+0000][gc,heap     ] GC(0) Survivor regions: 0->7(7)
[2025-09-25T06:16:24.833+0000][gc,heap     ] GC(0) Old regions: 2->4
[2025-09-25T06:16:24.833+0000][gc,heap     ] GC(0) Humongous regions: 0->0
[2025-09-25T06:16:24.833+0000][gc,metaspace] GC(0) Metaspace: 17554K(17792K)->17554K(17792K) NonClass: 15500K(15616K)->15500K(15616K) Class: 2053K(2176K)->2053K(2176K)
[2025-09-25T06:16:24.833+0000][gc          ] GC(0) Pause Young (Normal) (G1 Evacuation Pause) 52M->9M(1024M) 9.602ms
[2025-09-25T06:16:24.833+0000][gc,cpu      ] GC(0) User=0.02s Sys=0.00s Real=0.01s
[2025-09-25T06:16:25.081+0000][gc,start    ] GC(1) Pause Young (Concurrent Start) (Metadata GC Threshold)
[2025-09-25T06:16:25.081+0000][gc,task     ] GC(1) Using 8 workers of 8 for evacuation
[2025-09-25T06:16:25.089+0000][gc,phases   ] GC(1)   Pre Evacuate Collection Set: 0.3ms
[2025-09-25T06:16:25.089+0000][gc,phases   ] GC(1)   Merge Heap Roots: 0.1ms
[2025-09-25T06:16:25.089+0000][gc,phases   ] GC(1)   Evacuate Collection Set: 7.0ms
[2025-09-25T06:16:25.089+0000][gc,phases   ] GC(1)   Post Evacuate Collection Set: 0.6ms
[2025-09-25T06:16:25.089+0000][gc,phases   ] GC(1)   Other: 0.1ms
[2025-09-25T06:16:25.089+0000][gc,heap     ] GC(1) Eden regions: 14->0(49)
[2025-09-25T06:16:25.089+0000][gc,heap     ] GC(1) Survivor regions: 7->2(7)
[2025-09-25T06:16:25.089+0000][gc,heap     ] GC(1) Old regions: 4->11
[2025-09-25T06:16:25.089+0000][gc,heap     ] GC(1) Humongous regions: 0->0
[2025-09-25T06:16:25.089+0000][gc,metaspace] GC(1) Metaspace: 21263K(21504K)->21263K(21504K) NonClass: 18771K(18880K)->18771K(18880K) Class: 2492K(2624K)->2492K(2624K)
[2025-09-25T06:16:25.089+0000][gc          ] GC(1) Pause Young (Concurrent Start) (Metadata GC Threshold) 23M->10M(1024M) 8.154ms
[2025-09-25T06:16:25.089+0000][gc,cpu      ] GC(1) User=0.01s Sys=0.01s Real=0.01s
[2025-09-25T06:16:25.089+0000][gc          ] GC(2) Concurrent Mark Cycle
[2025-09-25T06:16:25.089+0000][gc,marking  ] GC(2) Concurrent Scan Root Regions
[2025-09-25T06:16:25.091+0000][gc,marking  ] GC(2) Concurrent Scan Root Regions 2.263ms
[2025-09-25T06:16:25.091+0000][gc,marking  ] GC(2) Concurrent Mark
[2025-09-25T06:16:25.091+0000][gc,marking  ] GC(2) Concurrent Mark From Roots
[2025-09-25T06:16:25.091+0000][gc,task     ] GC(2) Using 2 workers of 2 for marking
[2025-09-25T06:16:25.098+0000][gc,marking  ] GC(2) Concurrent Mark From Roots 6.940ms
[2025-09-25T06:16:25.098+0000][gc,marking  ] GC(2) Concurrent Preclean
[2025-09-25T06:16:25.098+0000][gc,marking  ] GC(2) Concurrent Preclean 0.010ms
[2025-09-25T06:16:25.099+0000][gc,start    ] GC(2) Pause Remark
[2025-09-25T06:16:25.103+0000][gc          ] GC(2) Pause Remark 11M->11M(1024M) 4.192ms
[2025-09-25T06:16:25.103+0000][gc,cpu      ] GC(2) User=0.00s Sys=0.00s Real=0.00s
[2025-09-25T06:16:25.103+0000][gc,marking  ] GC(2) Concurrent Mark 11.642ms
[2025-09-25T06:16:25.103+0000][gc,marking  ] GC(2) Concurrent Rebuild Remembered Sets and Scrub Regions
[2025-09-25T06:16:25.107+0000][gc,marking  ] GC(2) Concurrent Rebuild Remembered Sets and Scrub Regions 3.801ms
[2025-09-25T06:16:25.107+0000][gc,start    ] GC(2) Pause Cleanup
[2025-09-25T06:16:25.109+0000][gc          ] GC(2) Pause Cleanup 11M->11M(1024M) 2.263ms
[2025-09-25T06:16:25.109+0000][gc,cpu      ] GC(2) User=0.00s Sys=0.00s Real=0.00s
[2025-09-25T06:16:25.112+0000][gc,marking  ] GC(2) Concurrent Clear Claimed Marks
[2025-09-25T06:16:25.112+0000][gc,marking  ] GC(2) Concurrent Clear Claimed Marks 0.051ms
[2025-09-25T06:16:25.112+0000][gc,marking  ] GC(2) Concurrent Cleanup for Next Mark
[2025-09-25T06:16:25.116+0000][gc,marking  ] GC(2) Concurrent Cleanup for Next Mark 4.574ms
[2025-09-25T06:16:25.117+0000][gc          ] GC(2) Concurrent Mark Cycle 27.407ms
[2025-09-25T06:16:26.674+0000][gc,start    ] GC(3) Pause Young (Prepare Mixed) (G1 Evacuation Pause)
[2025-09-25T06:16:26.674+0000][gc,task     ] GC(3) Using 8 workers of 8 for evacuation
[2025-09-25T06:16:26.690+0000][gc,phases   ] GC(3)   Pre Evacuate Collection Set: 0.7ms
[2025-09-25T06:16:26.690+0000][gc,phases   ] GC(3)   Merge Heap Roots: 0.1ms
[2025-09-25T06:16:26.690+0000][gc,phases   ] GC(3)   Evacuate Collection Set: 9.9ms
[2025-09-25T06:16:26.690+0000][gc,phases   ] GC(3)   Post Evacuate Collection Set: 5.1ms
[2025-09-25T06:16:26.690+0000][gc,phases   ] GC(3)   Other: 0.1ms
[2025-09-25T06:16:26.690+0000][gc,heap     ] GC(3) Eden regions: 49->0(45)
[2025-09-25T06:16:26.690+0000][gc,heap     ] GC(3) Survivor regions: 2->6(7)
[2025-09-25T06:16:26.690+0000][gc,heap     ] GC(3) Old regions: 11->11
[2025-09-25T06:16:26.690+0000][gc,heap     ] GC(3) Humongous regions: 129->129
[2025-09-25T06:16:26.690+0000][gc,metaspace] GC(3) Metaspace: 31092K(31360K)->31092K(31360K) NonClass: 27643K(27776K)->27643K(27776K) Class: 3449K(3584K)->3449K(3584K)
[2025-09-25T06:16:26.690+0000][gc          ] GC(3) Pause Young (Prepare Mixed) (G1 Evacuation Pause) 188M->143M(1024M) 16.024ms
[2025-09-25T06:16:26.690+0000][gc,cpu      ] GC(3) User=0.02s Sys=0.00s Real=0.01s
[2025-09-25T06:16:27.779+0000][gc,heap,exit] Heap
[2025-09-25T06:16:27.779+0000][gc,heap,exit]  garbage-first heap   total 1048576K, used 164869K [0x00000000c0000000, 0x0000000100000000)
[2025-09-25T06:16:27.779+0000][gc,heap,exit]   region size 1024K, 24 young (24576K), 6 survivors (6144K)
[2025-09-25T06:16:27.779+0000][gc,heap,exit]  Metaspace       used 34338K, committed 34688K, reserved 1114112K
[2025-09-25T06:16:27.779+0000][gc,heap,exit]   class space    used 3878K, committed 4032K, reserved 1048576K
