[2025-09-26T07:18:14.840+0000][gc,init] CardTable entry size: 512
[2025-09-26T07:18:14.840+0000][gc     ] Using G1
[2025-09-26T07:18:14.887+0000][gc,init] Version: 21.0.8+9-Ubuntu-0ubuntu124.04.1 (release)
[2025-09-26T07:18:14.887+0000][gc,init] CPUs: 8 total, 8 available
[2025-09-26T07:18:14.887+0000][gc,init] Memory: 15638M
[2025-09-26T07:18:14.887+0000][gc,init] Large Page Support: Disabled
[2025-09-26T07:18:14.887+0000][gc,init] NUMA Support: Disabled
[2025-09-26T07:18:14.887+0000][gc,init] Compressed Oops: Enabled (32-bit)
[2025-09-26T07:18:14.887+0000][gc,init] Heap Region Size: 1M
[2025-09-26T07:18:14.887+0000][gc,init] Heap Min Capacity: 1G
[2025-09-26T07:18:14.887+0000][gc,init] Heap Initial Capacity: 1G
[2025-09-26T07:18:14.887+0000][gc,init] Heap Max Capacity: 1G
[2025-09-26T07:18:14.887+0000][gc,init] Pre-touch: Disabled
[2025-09-26T07:18:14.887+0000][gc,init] Parallel Workers: 8
[2025-09-26T07:18:14.887+0000][gc,init] Concurrent Workers: 2
[2025-09-26T07:18:14.887+0000][gc,init] Concurrent Refinement Workers: 8
[2025-09-26T07:18:14.887+0000][gc,init] Periodic GC: Disabled
[2025-09-26T07:18:14.896+0000][gc,metaspace] CDS archive(s) mapped at: [0x000073c43f000000-0x000073c43fca0000-0x000073c43fca0000), size 13238272, SharedBaseAddress: 0x000073c43f000000, ArchiveRelocationMode: 1.
[2025-09-26T07:18:14.896+0000][gc,metaspace] Compressed class space mapped at: 0x000073c440000000-0x000073c480000000, reserved size: 1073741824
[2025-09-26T07:18:14.896+0000][gc,metaspace] Narrow klass base: 0x000073c43f000000, Narrow klass shift: 0, Narrow klass range: 0x100000000
[2025-09-26T07:18:17.734+0000][gc,start    ] GC(0) Pause Young (Normal) (G1 Evacuation Pause)
[2025-09-26T07:18:17.736+0000][gc,task     ] GC(0) Using 8 workers of 8 for evacuation
[2025-09-26T07:18:17.750+0000][gc,phases   ] GC(0)   Pre Evacuate Collection Set: 0.2ms
[2025-09-26T07:18:17.750+0000][gc,phases   ] GC(0)   Merge Heap Roots: 0.1ms
[2025-09-26T07:18:17.750+0000][gc,phases   ] GC(0)   Evacuate Collection Set: 12.4ms
[2025-09-26T07:18:17.750+0000][gc,phases   ] GC(0)   Post Evacuate Collection Set: 0.7ms
[2025-09-26T07:18:17.750+0000][gc,phases   ] GC(0)   Other: 1.9ms
[2025-09-26T07:18:17.750+0000][gc,heap     ] GC(0) Eden regions: 51->0(44)
[2025-09-26T07:18:17.750+0000][gc,heap     ] GC(0) Survivor regions: 0->7(7)
[2025-09-26T07:18:17.750+0000][gc,heap     ] GC(0) Old regions: 2->4
[2025-09-26T07:18:17.750+0000][gc,heap     ] GC(0) Humongous regions: 0->0
[2025-09-26T07:18:17.750+0000][gc,metaspace] GC(0) Metaspace: 17629K(17856K)->17629K(17856K) NonClass: 15575K(15744K)->15575K(15744K) Class: 2054K(2112K)->2054K(2112K)
[2025-09-26T07:18:17.750+0000][gc          ] GC(0) Pause Young (Normal) (G1 Evacuation Pause) 52M->9M(1024M) 15.565ms
[2025-09-26T07:18:17.750+0000][gc,cpu      ] GC(0) User=0.01s Sys=0.01s Real=0.01s
[2025-09-26T07:18:18.377+0000][gc,start    ] GC(1) Pause Young (Concurrent Start) (Metadata GC Threshold)
[2025-09-26T07:18:18.377+0000][gc,task     ] GC(1) Using 8 workers of 8 for evacuation
[2025-09-26T07:18:18.396+0000][gc,phases   ] GC(1)   Pre Evacuate Collection Set: 0.3ms
[2025-09-26T07:18:18.396+0000][gc,phases   ] GC(1)   Merge Heap Roots: 0.1ms
[2025-09-26T07:18:18.396+0000][gc,phases   ] GC(1)   Evacuate Collection Set: 17.5ms
[2025-09-26T07:18:18.396+0000][gc,phases   ] GC(1)   Post Evacuate Collection Set: 0.7ms
[2025-09-26T07:18:18.396+0000][gc,phases   ] GC(1)   Other: 0.1ms
[2025-09-26T07:18:18.396+0000][gc,heap     ] GC(1) Eden regions: 15->0(49)
[2025-09-26T07:18:18.396+0000][gc,heap     ] GC(1) Survivor regions: 7->2(7)
[2025-09-26T07:18:18.396+0000][gc,heap     ] GC(1) Old regions: 4->10
[2025-09-26T07:18:18.396+0000][gc,heap     ] GC(1) Humongous regions: 0->0
[2025-09-26T07:18:18.396+0000][gc,metaspace] GC(1) Metaspace: 21282K(21504K)->21282K(21504K) NonClass: 18776K(18880K)->18776K(18880K) Class: 2505K(2624K)->2505K(2624K)
[2025-09-26T07:18:18.396+0000][gc          ] GC(1) Pause Young (Concurrent Start) (Metadata GC Threshold) 23M->10M(1024M) 18.875ms
[2025-09-26T07:18:18.396+0000][gc,cpu      ] GC(1) User=0.01s Sys=0.01s Real=0.02s
[2025-09-26T07:18:18.396+0000][gc          ] GC(2) Concurrent Mark Cycle
[2025-09-26T07:18:18.396+0000][gc,marking  ] GC(2) Concurrent Scan Root Regions
[2025-09-26T07:18:18.400+0000][gc,marking  ] GC(2) Concurrent Scan Root Regions 3.811ms
[2025-09-26T07:18:18.400+0000][gc,marking  ] GC(2) Concurrent Mark
[2025-09-26T07:18:18.400+0000][gc,marking  ] GC(2) Concurrent Mark From Roots
[2025-09-26T07:18:18.400+0000][gc,task     ] GC(2) Using 2 workers of 2 for marking
[2025-09-26T07:18:18.401+0000][gc,marking  ] GC(2) Concurrent Mark From Roots 1.864ms
[2025-09-26T07:18:18.401+0000][gc,marking  ] GC(2) Concurrent Preclean
[2025-09-26T07:18:18.401+0000][gc,marking  ] GC(2) Concurrent Preclean 0.008ms
[2025-09-26T07:18:18.402+0000][gc,start    ] GC(2) Pause Remark
[2025-09-26T07:18:18.406+0000][gc          ] GC(2) Pause Remark 11M->11M(1024M) 3.999ms
[2025-09-26T07:18:18.406+0000][gc,cpu      ] GC(2) User=0.00s Sys=0.00s Real=0.00s
[2025-09-26T07:18:18.408+0000][gc,marking  ] GC(2) Concurrent Mark 8.121ms
[2025-09-26T07:18:18.408+0000][gc,marking  ] GC(2) Concurrent Rebuild Remembered Sets and Scrub Regions
[2025-09-26T07:18:18.414+0000][gc,marking  ] GC(2) Concurrent Rebuild Remembered Sets and Scrub Regions 5.814ms
[2025-09-26T07:18:18.414+0000][gc,start    ] GC(2) Pause Cleanup
[2025-09-26T07:18:18.414+0000][gc          ] GC(2) Pause Cleanup 11M->11M(1024M) 0.183ms
[2025-09-26T07:18:18.414+0000][gc,cpu      ] GC(2) User=0.00s Sys=0.00s Real=0.00s
[2025-09-26T07:18:18.414+0000][gc,marking  ] GC(2) Concurrent Clear Claimed Marks
[2025-09-26T07:18:18.414+0000][gc,marking  ] GC(2) Concurrent Clear Claimed Marks 0.033ms
[2025-09-26T07:18:18.414+0000][gc,marking  ] GC(2) Concurrent Cleanup for Next Mark
[2025-09-26T07:18:18.422+0000][gc,marking  ] GC(2) Concurrent Cleanup for Next Mark 7.692ms
[2025-09-26T07:18:18.422+0000][gc          ] GC(2) Concurrent Mark Cycle 26.508ms
[2025-09-26T07:18:20.751+0000][gc,start    ] GC(3) Pause Young (Prepare Mixed) (G1 Evacuation Pause)
[2025-09-26T07:18:20.752+0000][gc,task     ] GC(3) Using 8 workers of 8 for evacuation
[2025-09-26T07:18:20.773+0000][gc,mmu      ] GC(3) MMU target violated: 21.0ms (20.0ms/21.0ms)
[2025-09-26T07:18:20.773+0000][gc,phases   ] GC(3)   Pre Evacuate Collection Set: 0.3ms
[2025-09-26T07:18:20.773+0000][gc,phases   ] GC(3)   Merge Heap Roots: 0.1ms
[2025-09-26T07:18:20.773+0000][gc,phases   ] GC(3)   Evacuate Collection Set: 20.1ms
[2025-09-26T07:18:20.773+0000][gc,phases   ] GC(3)   Post Evacuate Collection Set: 0.8ms
[2025-09-26T07:18:20.773+0000][gc,phases   ] GC(3)   Other: 0.1ms
[2025-09-26T07:18:20.773+0000][gc,heap     ] GC(3) Eden regions: 49->0(44)
[2025-09-26T07:18:20.773+0000][gc,heap     ] GC(3) Survivor regions: 2->7(7)
[2025-09-26T07:18:20.773+0000][gc,heap     ] GC(3) Old regions: 10->10
[2025-09-26T07:18:20.773+0000][gc,heap     ] GC(3) Humongous regions: 129->129
[2025-09-26T07:18:20.773+0000][gc,metaspace] GC(3) Metaspace: 32789K(33152K)->32789K(33152K) NonClass: 29227K(29440K)->29227K(29440K) Class: 3562K(3712K)->3562K(3712K)
[2025-09-26T07:18:20.773+0000][gc          ] GC(3) Pause Young (Prepare Mixed) (G1 Evacuation Pause) 188M->144M(1024M) 21.570ms
[2025-09-26T07:18:20.773+0000][gc,cpu      ] GC(3) User=0.02s Sys=0.00s Real=0.03s
[2025-09-26T07:18:21.386+0000][gc,start    ] GC(4) Pause Young (Mixed) (Metadata GC Threshold)
[2025-09-26T07:18:21.386+0000][gc,task     ] GC(4) Using 8 workers of 8 for evacuation
[2025-09-26T07:18:21.408+0000][gc,mmu      ] GC(4) MMU target violated: 21.0ms (20.0ms/21.0ms)
[2025-09-26T07:18:21.408+0000][gc,phases   ] GC(4)   Pre Evacuate Collection Set: 0.3ms
[2025-09-26T07:18:21.408+0000][gc,phases   ] GC(4)   Merge Heap Roots: 0.1ms
[2025-09-26T07:18:21.408+0000][gc,phases   ] GC(4)   Evacuate Collection Set: 20.6ms
[2025-09-26T07:18:21.408+0000][gc,phases   ] GC(4)   Post Evacuate Collection Set: 0.8ms
[2025-09-26T07:18:21.408+0000][gc,phases   ] GC(4)   Other: 0.2ms
[2025-09-26T07:18:21.408+0000][gc,heap     ] GC(4) Eden regions: 13->0(50)
[2025-09-26T07:18:21.408+0000][gc,heap     ] GC(4) Survivor regions: 7->1(7)
[2025-09-26T07:18:21.408+0000][gc,heap     ] GC(4) Old regions: 10->16
[2025-09-26T07:18:21.408+0000][gc,heap     ] GC(4) Humongous regions: 129->129
[2025-09-26T07:18:21.408+0000][gc,metaspace] GC(4) Metaspace: 35876K(36096K)->35876K(36096K) NonClass: 31983K(32128K)->31983K(32128K) Class: 3892K(3968K)->3892K(3968K)
[2025-09-26T07:18:21.408+0000][gc          ] GC(4) Pause Young (Mixed) (Metadata GC Threshold) 156M->145M(1024M) 22.104ms
[2025-09-26T07:18:21.408+0000][gc,cpu      ] GC(4) User=0.01s Sys=0.00s Real=0.02s
[2025-09-26T07:18:21.506+0000][gc,start    ] GC(5) Pause Young (Concurrent Start) (Metadata GC Threshold)
[2025-09-26T07:18:21.506+0000][gc,task     ] GC(5) Using 8 workers of 8 for evacuation
[2025-09-26T07:18:21.515+0000][gc,phases   ] GC(5)   Pre Evacuate Collection Set: 0.4ms
[2025-09-26T07:18:21.515+0000][gc,phases   ] GC(5)   Merge Heap Roots: 0.1ms
[2025-09-26T07:18:21.515+0000][gc,phases   ] GC(5)   Evacuate Collection Set: 7.6ms
[2025-09-26T07:18:21.515+0000][gc,phases   ] GC(5)   Post Evacuate Collection Set: 0.6ms
[2025-09-26T07:18:21.515+0000][gc,phases   ] GC(5)   Other: 0.1ms
[2025-09-26T07:18:21.515+0000][gc,heap     ] GC(5) Eden regions: 4->0(50)
[2025-09-26T07:18:21.515+0000][gc,heap     ] GC(5) Survivor regions: 1->1(7)
[2025-09-26T07:18:21.515+0000][gc,heap     ] GC(5) Old regions: 16->16
[2025-09-26T07:18:21.515+0000][gc,heap     ] GC(5) Humongous regions: 129->129
[2025-09-26T07:18:21.515+0000][gc,metaspace] GC(5) Metaspace: 36189K(36416K)->36189K(36416K) NonClass: 32237K(32384K)->32237K(32384K) Class: 3952K(4032K)->3952K(4032K)
[2025-09-26T07:18:21.515+0000][gc          ] GC(5) Pause Young (Concurrent Start) (Metadata GC Threshold) 148M->145M(1024M) 9.018ms
[2025-09-26T07:18:21.515+0000][gc,cpu      ] GC(5) User=0.01s Sys=0.00s Real=0.01s
[2025-09-26T07:18:21.515+0000][gc          ] GC(6) Concurrent Mark Cycle
[2025-09-26T07:18:21.515+0000][gc,marking  ] GC(6) Concurrent Scan Root Regions
[2025-09-26T07:18:21.517+0000][gc,marking  ] GC(6) Concurrent Scan Root Regions 1.586ms
[2025-09-26T07:18:21.517+0000][gc,marking  ] GC(6) Concurrent Mark
[2025-09-26T07:18:21.517+0000][gc,marking  ] GC(6) Concurrent Mark From Roots
[2025-09-26T07:18:21.517+0000][gc,task     ] GC(6) Using 2 workers of 2 for marking
[2025-09-26T07:18:21.544+0000][gc,marking  ] GC(6) Concurrent Mark From Roots 27.531ms
[2025-09-26T07:18:21.544+0000][gc,marking  ] GC(6) Concurrent Preclean
[2025-09-26T07:18:21.544+0000][gc,marking  ] GC(6) Concurrent Preclean 0.062ms
[2025-09-26T07:18:21.544+0000][gc,start    ] GC(6) Pause Remark
[2025-09-26T07:18:21.552+0000][gc          ] GC(6) Pause Remark 146M->146M(1024M) 7.447ms
[2025-09-26T07:18:21.552+0000][gc,cpu      ] GC(6) User=0.01s Sys=0.00s Real=0.01s
[2025-09-26T07:18:21.555+0000][gc,marking  ] GC(6) Concurrent Mark 37.869ms
[2025-09-26T07:18:21.555+0000][gc,marking  ] GC(6) Concurrent Rebuild Remembered Sets and Scrub Regions
[2025-09-26T07:18:21.569+0000][gc,marking  ] GC(6) Concurrent Rebuild Remembered Sets and Scrub Regions 14.175ms
[2025-09-26T07:18:21.569+0000][gc,start    ] GC(6) Pause Cleanup
[2025-09-26T07:18:21.569+0000][gc          ] GC(6) Pause Cleanup 146M->146M(1024M) 0.247ms
[2025-09-26T07:18:21.569+0000][gc,cpu      ] GC(6) User=0.00s Sys=0.00s Real=0.00s
[2025-09-26T07:18:21.570+0000][gc,marking  ] GC(6) Concurrent Clear Claimed Marks
[2025-09-26T07:18:21.570+0000][gc,marking  ] GC(6) Concurrent Clear Claimed Marks 0.047ms
[2025-09-26T07:18:21.570+0000][gc,marking  ] GC(6) Concurrent Cleanup for Next Mark
[2025-09-26T07:18:21.575+0000][gc,marking  ] GC(6) Concurrent Cleanup for Next Mark 5.232ms
[2025-09-26T07:18:21.575+0000][gc          ] GC(6) Concurrent Mark Cycle 59.823ms
[2025-09-26T07:18:57.030+0000][gc,start    ] GC(7) Pause Young (Prepare Mixed) (G1 Evacuation Pause)
[2025-09-26T07:18:57.030+0000][gc,task     ] GC(7) Using 8 workers of 8 for evacuation
[2025-09-26T07:18:57.039+0000][gc,phases   ] GC(7)   Pre Evacuate Collection Set: 0.5ms
[2025-09-26T07:18:57.039+0000][gc,phases   ] GC(7)   Merge Heap Roots: 0.2ms
[2025-09-26T07:18:57.039+0000][gc,phases   ] GC(7)   Evacuate Collection Set: 6.4ms
[2025-09-26T07:18:57.039+0000][gc,phases   ] GC(7)   Post Evacuate Collection Set: 1.8ms
[2025-09-26T07:18:57.039+0000][gc,phases   ] GC(7)   Other: 0.1ms
[2025-09-26T07:18:57.039+0000][gc,heap     ] GC(7) Eden regions: 50->0(46)
[2025-09-26T07:18:57.039+0000][gc,heap     ] GC(7) Survivor regions: 1->5(7)
[2025-09-26T07:18:57.039+0000][gc,heap     ] GC(7) Old regions: 16->16
[2025-09-26T07:18:57.039+0000][gc,heap     ] GC(7) Humongous regions: 129->129
[2025-09-26T07:18:57.039+0000][gc,metaspace] GC(7) Metaspace: 44013K(44672K)->44013K(44672K) NonClass: 38765K(39168K)->38765K(39168K) Class: 5248K(5504K)->5248K(5504K)
[2025-09-26T07:18:57.039+0000][gc          ] GC(7) Pause Young (Prepare Mixed) (G1 Evacuation Pause) 195M->148M(1024M) 9.574ms
[2025-09-26T07:18:57.039+0000][gc,cpu      ] GC(7) User=0.04s Sys=0.00s Real=0.01s
[2025-09-26T07:23:55.458+0000][gc,start    ] GC(8) Pause Young (Mixed) (G1 Evacuation Pause)
[2025-09-26T07:23:55.458+0000][gc,task     ] GC(8) Using 8 workers of 8 for evacuation
[2025-09-26T07:23:55.469+0000][gc,phases   ] GC(8)   Pre Evacuate Collection Set: 0.4ms
[2025-09-26T07:23:55.469+0000][gc,phases   ] GC(8)   Merge Heap Roots: 0.2ms
[2025-09-26T07:23:55.469+0000][gc,phases   ] GC(8)   Evacuate Collection Set: 9.5ms
[2025-09-26T07:23:55.469+0000][gc,phases   ] GC(8)   Post Evacuate Collection Set: 0.9ms
[2025-09-26T07:23:55.469+0000][gc,phases   ] GC(8)   Other: 0.1ms
[2025-09-26T07:23:55.469+0000][gc,heap     ] GC(8) Eden regions: 46->0(47)
[2025-09-26T07:23:55.469+0000][gc,heap     ] GC(8) Survivor regions: 5->4(7)
[2025-09-26T07:23:55.469+0000][gc,heap     ] GC(8) Old regions: 16->20
[2025-09-26T07:23:55.469+0000][gc,heap     ] GC(8) Humongous regions: 129->129
[2025-09-26T07:23:55.469+0000][gc,metaspace] GC(8) Metaspace: 44846K(45504K)->44846K(45504K) NonClass: 39589K(40000K)->39589K(40000K) Class: 5257K(5504K)->5257K(5504K)
[2025-09-26T07:23:55.469+0000][gc          ] GC(8) Pause Young (Mixed) (G1 Evacuation Pause) 194M->151M(1024M) 11.471ms
[2025-09-26T07:23:55.469+0000][gc,cpu      ] GC(8) User=0.06s Sys=0.01s Real=0.01s
[2025-09-26T07:29:47.584+0000][gc,start    ] GC(9) Pause Young (Normal) (G1 Evacuation Pause)
[2025-09-26T07:29:47.584+0000][gc,task     ] GC(9) Using 8 workers of 8 for evacuation
[2025-09-26T07:29:47.590+0000][gc,phases   ] GC(9)   Pre Evacuate Collection Set: 0.2ms
[2025-09-26T07:29:47.590+0000][gc,phases   ] GC(9)   Merge Heap Roots: 0.1ms
[2025-09-26T07:29:47.590+0000][gc,phases   ] GC(9)   Evacuate Collection Set: 5.5ms
[2025-09-26T07:29:47.590+0000][gc,phases   ] GC(9)   Post Evacuate Collection Set: 0.3ms
[2025-09-26T07:29:47.590+0000][gc,phases   ] GC(9)   Other: 0.1ms
[2025-09-26T07:29:47.590+0000][gc,heap     ] GC(9) Eden regions: 47->0(44)
[2025-09-26T07:29:47.590+0000][gc,heap     ] GC(9) Survivor regions: 4->7(7)
[2025-09-26T07:29:47.590+0000][gc,heap     ] GC(9) Old regions: 20->20
[2025-09-26T07:29:47.590+0000][gc,heap     ] GC(9) Humongous regions: 129->129
[2025-09-26T07:29:47.590+0000][gc,metaspace] GC(9) Metaspace: 44977K(45632K)->44977K(45632K) NonClass: 39703K(40064K)->39703K(40064K) Class: 5274K(5568K)->5274K(5568K)
[2025-09-26T07:29:47.590+0000][gc          ] GC(9) Pause Young (Normal) (G1 Evacuation Pause) 198M->154M(1024M) 6.261ms
[2025-09-26T07:29:47.590+0000][gc,cpu      ] GC(9) User=0.01s Sys=0.00s Real=0.00s
[2025-09-26T07:35:37.584+0000][gc,start    ] GC(10) Pause Young (Normal) (G1 Evacuation Pause)
[2025-09-26T07:35:37.584+0000][gc,task     ] GC(10) Using 8 workers of 8 for evacuation
[2025-09-26T07:35:37.595+0000][gc,phases   ] GC(10)   Pre Evacuate Collection Set: 0.5ms
[2025-09-26T07:35:37.595+0000][gc,phases   ] GC(10)   Merge Heap Roots: 0.2ms
[2025-09-26T07:35:37.595+0000][gc,phases   ] GC(10)   Evacuate Collection Set: 9.3ms
[2025-09-26T07:35:37.595+0000][gc,phases   ] GC(10)   Post Evacuate Collection Set: 0.6ms
[2025-09-26T07:35:37.595+0000][gc,phases   ] GC(10)   Other: 0.1ms
[2025-09-26T07:35:37.595+0000][gc,heap     ] GC(10) Eden regions: 44->0(47)
[2025-09-26T07:35:37.595+0000][gc,heap     ] GC(10) Survivor regions: 7->4(7)
[2025-09-26T07:35:37.595+0000][gc,heap     ] GC(10) Old regions: 20->24
[2025-09-26T07:35:37.595+0000][gc,heap     ] GC(10) Humongous regions: 129->129
[2025-09-26T07:35:37.595+0000][gc,metaspace] GC(10) Metaspace: 44999K(45696K)->44999K(45696K) NonClass: 39725K(40128K)->39725K(40128K) Class: 5274K(5568K)->5274K(5568K)
[2025-09-26T07:35:37.595+0000][gc          ] GC(10) Pause Young (Normal) (G1 Evacuation Pause) 198M->156M(1024M) 11.200ms
[2025-09-26T07:35:37.595+0000][gc,cpu      ] GC(10) User=0.07s Sys=0.01s Real=0.01s
[2025-09-26T07:42:12.228+0000][gc,start    ] GC(11) Pause Young (Normal) (G1 Evacuation Pause)
[2025-09-26T07:42:12.228+0000][gc,task     ] GC(11) Using 8 workers of 8 for evacuation
[2025-09-26T07:42:12.238+0000][gc,phases   ] GC(11)   Pre Evacuate Collection Set: 0.5ms
[2025-09-26T07:42:12.238+0000][gc,phases   ] GC(11)   Merge Heap Roots: 0.2ms
[2025-09-26T07:42:12.238+0000][gc,phases   ] GC(11)   Evacuate Collection Set: 8.2ms
[2025-09-26T07:42:12.238+0000][gc,phases   ] GC(11)   Post Evacuate Collection Set: 0.9ms
[2025-09-26T07:42:12.238+0000][gc,phases   ] GC(11)   Other: 0.3ms
[2025-09-26T07:42:12.238+0000][gc,heap     ] GC(11) Eden regions: 47->0(44)
[2025-09-26T07:42:12.238+0000][gc,heap     ] GC(11) Survivor regions: 4->7(7)
[2025-09-26T07:42:12.238+0000][gc,heap     ] GC(11) Old regions: 24->25
[2025-09-26T07:42:12.238+0000][gc,heap     ] GC(11) Humongous regions: 129->129
[2025-09-26T07:42:12.238+0000][gc,metaspace] GC(11) Metaspace: 45152K(45824K)->45152K(45824K) NonClass: 39861K(40256K)->39861K(40256K) Class: 5290K(5568K)->5290K(5568K)
[2025-09-26T07:42:12.238+0000][gc          ] GC(11) Pause Young (Normal) (G1 Evacuation Pause) 203M->160M(1024M) 10.338ms
[2025-09-26T07:42:12.238+0000][gc,cpu      ] GC(11) User=0.06s Sys=0.00s Real=0.01s
[2025-09-26T07:47:39.076+0000][gc,start    ] GC(12) Pause Young (Normal) (G1 Evacuation Pause)
[2025-09-26T07:47:39.076+0000][gc,task     ] GC(12) Using 8 workers of 8 for evacuation
[2025-09-26T07:47:39.090+0000][gc,phases   ] GC(12)   Pre Evacuate Collection Set: 0.5ms
[2025-09-26T07:47:39.090+0000][gc,phases   ] GC(12)   Merge Heap Roots: 0.3ms
[2025-09-26T07:47:39.090+0000][gc,phases   ] GC(12)   Evacuate Collection Set: 11.8ms
[2025-09-26T07:47:39.090+0000][gc,phases   ] GC(12)   Post Evacuate Collection Set: 1.2ms
[2025-09-26T07:47:39.090+0000][gc,phases   ] GC(12)   Other: 0.1ms
[2025-09-26T07:47:39.090+0000][gc,heap     ] GC(12) Eden regions: 44->0(46)
[2025-09-26T07:47:39.090+0000][gc,heap     ] GC(12) Survivor regions: 7->5(7)
[2025-09-26T07:47:39.090+0000][gc,heap     ] GC(12) Old regions: 25->31
[2025-09-26T07:47:39.090+0000][gc,heap     ] GC(12) Humongous regions: 129->129
[2025-09-26T07:47:39.090+0000][gc,metaspace] GC(12) Metaspace: 45495K(46144K)->45495K(46144K) NonClass: 40143K(40512K)->40143K(40512K) Class: 5351K(5632K)->5351K(5632K)
[2025-09-26T07:47:39.090+0000][gc          ] GC(12) Pause Young (Normal) (G1 Evacuation Pause) 204M->164M(1024M) 14.383ms
[2025-09-26T07:47:39.090+0000][gc,cpu      ] GC(12) User=0.08s Sys=0.01s Real=0.01s
[2025-09-26T07:53:52.584+0000][gc,start    ] GC(13) Pause Young (Normal) (G1 Evacuation Pause)
[2025-09-26T07:53:52.584+0000][gc,task     ] GC(13) Using 8 workers of 8 for evacuation
[2025-09-26T07:53:52.594+0000][gc,phases   ] GC(13)   Pre Evacuate Collection Set: 0.6ms
[2025-09-26T07:53:52.594+0000][gc,phases   ] GC(13)   Merge Heap Roots: 0.2ms
[2025-09-26T07:53:52.594+0000][gc,phases   ] GC(13)   Evacuate Collection Set: 8.3ms
[2025-09-26T07:53:52.594+0000][gc,phases   ] GC(13)   Post Evacuate Collection Set: 0.6ms
[2025-09-26T07:53:52.594+0000][gc,phases   ] GC(13)   Other: 0.2ms
[2025-09-26T07:53:52.594+0000][gc,heap     ] GC(13) Eden regions: 46->0(46)
[2025-09-26T07:53:52.594+0000][gc,heap     ] GC(13) Survivor regions: 5->5(7)
[2025-09-26T07:53:52.594+0000][gc,heap     ] GC(13) Old regions: 31->35
[2025-09-26T07:53:52.594+0000][gc,heap     ] GC(13) Humongous regions: 129->129
[2025-09-26T07:53:52.594+0000][gc,metaspace] GC(13) Metaspace: 45529K(46272K)->45529K(46272K) NonClass: 40176K(40640K)->40176K(40640K) Class: 5353K(5632K)->5353K(5632K)
[2025-09-26T07:53:52.594+0000][gc          ] GC(13) Pause Young (Normal) (G1 Evacuation Pause) 210M->168M(1024M) 10.314ms
[2025-09-26T07:53:52.594+0000][gc,cpu      ] GC(13) User=0.07s Sys=0.00s Real=0.01s
[2025-09-26T08:00:16.000+0000][gc,start    ] GC(14) Pause Young (Normal) (G1 Evacuation Pause)
[2025-09-26T08:00:16.000+0000][gc,task     ] GC(14) Using 8 workers of 8 for evacuation
[2025-09-26T08:00:16.011+0000][gc,phases   ] GC(14)   Pre Evacuate Collection Set: 0.6ms
[2025-09-26T08:00:16.011+0000][gc,phases   ] GC(14)   Merge Heap Roots: 0.3ms
[2025-09-26T08:00:16.011+0000][gc,phases   ] GC(14)   Evacuate Collection Set: 9.3ms
[2025-09-26T08:00:16.011+0000][gc,phases   ] GC(14)   Post Evacuate Collection Set: 0.7ms
[2025-09-26T08:00:16.011+0000][gc,phases   ] GC(14)   Other: 0.2ms
[2025-09-26T08:00:16.011+0000][gc,heap     ] GC(14) Eden regions: 46->0(45)
[2025-09-26T08:00:16.011+0000][gc,heap     ] GC(14) Survivor regions: 5->6(7)
[2025-09-26T08:00:16.011+0000][gc,heap     ] GC(14) Old regions: 35->39
[2025-09-26T08:00:16.011+0000][gc,heap     ] GC(14) Humongous regions: 129->129
[2025-09-26T08:00:16.011+0000][gc,metaspace] GC(14) Metaspace: 45572K(46272K)->45572K(46272K) NonClass: 40219K(40640K)->40219K(40640K) Class: 5353K(5632K)->5353K(5632K)
[2025-09-26T08:00:16.011+0000][gc          ] GC(14) Pause Young (Normal) (G1 Evacuation Pause) 214M->173M(1024M) 11.358ms
[2025-09-26T08:00:16.011+0000][gc,cpu      ] GC(14) User=0.07s Sys=0.00s Real=0.01s
[2025-09-26T08:06:27.304+0000][gc,start    ] GC(15) Pause Young (Normal) (G1 Evacuation Pause)
[2025-09-26T08:06:27.304+0000][gc,task     ] GC(15) Using 8 workers of 8 for evacuation
[2025-09-26T08:06:27.315+0000][gc,phases   ] GC(15)   Pre Evacuate Collection Set: 0.8ms
[2025-09-26T08:06:27.315+0000][gc,phases   ] GC(15)   Merge Heap Roots: 0.2ms
[2025-09-26T08:06:27.315+0000][gc,phases   ] GC(15)   Evacuate Collection Set: 8.7ms
[2025-09-26T08:06:27.315+0000][gc,phases   ] GC(15)   Post Evacuate Collection Set: 0.9ms
[2025-09-26T08:06:27.315+0000][gc,phases   ] GC(15)   Other: 0.2ms
[2025-09-26T08:06:27.315+0000][gc,heap     ] GC(15) Eden regions: 45->0(55)
[2025-09-26T08:06:27.315+0000][gc,heap     ] GC(15) Survivor regions: 6->5(7)
[2025-09-26T08:06:27.315+0000][gc,heap     ] GC(15) Old regions: 39->43
[2025-09-26T08:06:27.315+0000][gc,heap     ] GC(15) Humongous regions: 129->129
[2025-09-26T08:06:27.315+0000][gc,metaspace] GC(15) Metaspace: 45624K(46336K)->45624K(46336K) NonClass: 40271K(40704K)->40271K(40704K) Class: 5353K(5632K)->5353K(5632K)
[2025-09-26T08:06:27.315+0000][gc          ] GC(15) Pause Young (Normal) (G1 Evacuation Pause) 218M->175M(1024M) 11.339ms
[2025-09-26T08:06:27.315+0000][gc,cpu      ] GC(15) User=0.06s Sys=0.01s Real=0.01s
[2025-09-26T08:14:03.436+0000][gc,start    ] GC(16) Pause Young (Normal) (G1 Evacuation Pause)
[2025-09-26T08:14:03.436+0000][gc,task     ] GC(16) Using 8 workers of 8 for evacuation
[2025-09-26T08:14:03.451+0000][gc,phases   ] GC(16)   Pre Evacuate Collection Set: 1.0ms
[2025-09-26T08:14:03.451+0000][gc,phases   ] GC(16)   Merge Heap Roots: 0.3ms
[2025-09-26T08:14:03.451+0000][gc,phases   ] GC(16)   Evacuate Collection Set: 12.8ms
[2025-09-26T08:14:03.451+0000][gc,phases   ] GC(16)   Post Evacuate Collection Set: 0.7ms
[2025-09-26T08:14:03.451+0000][gc,phases   ] GC(16)   Other: 0.3ms
[2025-09-26T08:14:03.451+0000][gc,heap     ] GC(16) Eden regions: 55->0(43)
[2025-09-26T08:14:03.451+0000][gc,heap     ] GC(16) Survivor regions: 5->8(8)
[2025-09-26T08:14:03.451+0000][gc,heap     ] GC(16) Old regions: 43->45
[2025-09-26T08:14:03.451+0000][gc,heap     ] GC(16) Humongous regions: 129->129
[2025-09-26T08:14:03.451+0000][gc,metaspace] GC(16) Metaspace: 45649K(46336K)->45649K(46336K) NonClass: 40296K(40704K)->40296K(40704K) Class: 5353K(5632K)->5353K(5632K)
[2025-09-26T08:14:03.451+0000][gc          ] GC(16) Pause Young (Normal) (G1 Evacuation Pause) 230M->181M(1024M) 15.406ms
[2025-09-26T08:14:03.451+0000][gc,cpu      ] GC(16) User=0.09s Sys=0.01s Real=0.01s
[2025-09-26T08:19:38.971+0000][gc,start    ] GC(17) Pause Young (Normal) (G1 Evacuation Pause)
[2025-09-26T08:19:38.972+0000][gc,task     ] GC(17) Using 8 workers of 8 for evacuation
[2025-09-26T08:19:38.985+0000][gc,phases   ] GC(17)   Pre Evacuate Collection Set: 0.3ms
[2025-09-26T08:19:38.985+0000][gc,phases   ] GC(17)   Merge Heap Roots: 0.1ms
[2025-09-26T08:19:38.985+0000][gc,phases   ] GC(17)   Evacuate Collection Set: 11.8ms
[2025-09-26T08:19:38.985+0000][gc,phases   ] GC(17)   Post Evacuate Collection Set: 0.9ms
[2025-09-26T08:19:38.985+0000][gc,phases   ] GC(17)   Other: 0.1ms
[2025-09-26T08:19:38.985+0000][gc,heap     ] GC(17) Eden regions: 43->0(44)
[2025-09-26T08:19:38.985+0000][gc,heap     ] GC(17) Survivor regions: 8->7(7)
[2025-09-26T08:19:38.985+0000][gc,heap     ] GC(17) Old regions: 45->52
[2025-09-26T08:19:38.985+0000][gc,heap     ] GC(17) Humongous regions: 129->129
[2025-09-26T08:19:38.985+0000][gc,metaspace] GC(17) Metaspace: 45679K(46336K)->45679K(46336K) NonClass: 40322K(40704K)->40322K(40704K) Class: 5356K(5632K)->5356K(5632K)
[2025-09-26T08:19:38.985+0000][gc          ] GC(17) Pause Young (Normal) (G1 Evacuation Pause) 224M->186M(1024M) 13.580ms
[2025-09-26T08:19:38.985+0000][gc,cpu      ] GC(17) User=0.07s Sys=0.01s Real=0.02s
[2025-09-26T08:21:26.607+0000][gc,heap,exit] Heap
[2025-09-26T08:21:26.607+0000][gc,heap,exit]  garbage-first heap   total 1048576K, used 214493K [0x00000000c0000000, 0x0000000100000000)
[2025-09-26T08:21:26.607+0000][gc,heap,exit]   region size 1024K, 30 young (30720K), 7 survivors (7168K)
[2025-09-26T08:21:26.607+0000][gc,heap,exit]  Metaspace       used 46585K, committed 47296K, reserved 1114112K
[2025-09-26T08:21:26.607+0000][gc,heap,exit]   class space    used 5540K, committed 5824K, reserved 1048576K
