[2025-09-25T06:42:26.045+0000][gc,init] CardTable entry size: 512
[2025-09-25T06:42:26.045+0000][gc     ] Using G1
[2025-09-25T06:42:26.058+0000][gc,init] Version: 21.0.8+9-Ubuntu-0ubuntu124.04.1 (release)
[2025-09-25T06:42:26.058+0000][gc,init] CPUs: 8 total, 8 available
[2025-09-25T06:42:26.058+0000][gc,init] Memory: 15638M
[2025-09-25T06:42:26.058+0000][gc,init] Large Page Support: Disabled
[2025-09-25T06:42:26.058+0000][gc,init] NUMA Support: Disabled
[2025-09-25T06:42:26.058+0000][gc,init] Compressed Oops: Enabled (32-bit)
[2025-09-25T06:42:26.058+0000][gc,init] Heap Region Size: 1M
[2025-09-25T06:42:26.058+0000][gc,init] Heap Min Capacity: 1G
[2025-09-25T06:42:26.058+0000][gc,init] Heap Initial Capacity: 1G
[2025-09-25T06:42:26.058+0000][gc,init] Heap Max Capacity: 1G
[2025-09-25T06:42:26.058+0000][gc,init] Pre-touch: Disabled
[2025-09-25T06:42:26.058+0000][gc,init] Parallel Workers: 8
[2025-09-25T06:42:26.058+0000][gc,init] Concurrent Workers: 2
[2025-09-25T06:42:26.058+0000][gc,init] Concurrent Refinement Workers: 8
[2025-09-25T06:42:26.058+0000][gc,init] Periodic GC: Disabled
[2025-09-25T06:42:26.067+0000][gc,metaspace] CDS archive(s) mapped at: [0x00007cfbcb000000-0x00007cfbcbca0000-0x00007cfbcbca0000), size 13238272, SharedBaseAddress: 0x00007cfbcb000000, ArchiveRelocationMode: 1.
[2025-09-25T06:42:26.067+0000][gc,metaspace] Compressed class space mapped at: 0x00007cfbcc000000-0x00007cfc0c000000, reserved size: 1073741824
[2025-09-25T06:42:26.067+0000][gc,metaspace] Narrow klass base: 0x00007cfbcb000000, Narrow klass shift: 0, Narrow klass range: 0x100000000
[2025-09-25T06:42:28.295+0000][gc,start    ] GC(0) Pause Young (Normal) (G1 Evacuation Pause)
[2025-09-25T06:42:28.296+0000][gc,task     ] GC(0) Using 8 workers of 8 for evacuation
[2025-09-25T06:42:28.309+0000][gc,phases   ] GC(0)   Pre Evacuate Collection Set: 0.2ms
[2025-09-25T06:42:28.309+0000][gc,phases   ] GC(0)   Merge Heap Roots: 0.5ms
[2025-09-25T06:42:28.309+0000][gc,phases   ] GC(0)   Evacuate Collection Set: 9.5ms
[2025-09-25T06:42:28.309+0000][gc,phases   ] GC(0)   Post Evacuate Collection Set: 3.4ms
[2025-09-25T06:42:28.309+0000][gc,phases   ] GC(0)   Other: 0.8ms
[2025-09-25T06:42:28.309+0000][gc,heap     ] GC(0) Eden regions: 51->0(44)
[2025-09-25T06:42:28.309+0000][gc,heap     ] GC(0) Survivor regions: 0->7(7)
[2025-09-25T06:42:28.309+0000][gc,heap     ] GC(0) Old regions: 2->4
[2025-09-25T06:42:28.309+0000][gc,heap     ] GC(0) Humongous regions: 0->0
[2025-09-25T06:42:28.309+0000][gc,metaspace] GC(0) Metaspace: 17585K(17792K)->17585K(17792K) NonClass: 15532K(15680K)->15532K(15680K) Class: 2052K(2112K)->2052K(2112K)
[2025-09-25T06:42:28.309+0000][gc          ] GC(0) Pause Young (Normal) (G1 Evacuation Pause) 52M->9M(1024M) 14.600ms
[2025-09-25T06:42:28.309+0000][gc,cpu      ] GC(0) User=0.01s Sys=0.01s Real=0.01s
[2025-09-25T06:42:28.677+0000][gc,start    ] GC(1) Pause Young (Concurrent Start) (Metadata GC Threshold)
[2025-09-25T06:42:28.677+0000][gc,task     ] GC(1) Using 8 workers of 8 for evacuation
[2025-09-25T06:42:28.693+0000][gc,phases   ] GC(1)   Pre Evacuate Collection Set: 0.3ms
[2025-09-25T06:42:28.693+0000][gc,phases   ] GC(1)   Merge Heap Roots: 0.1ms
[2025-09-25T06:42:28.693+0000][gc,phases   ] GC(1)   Evacuate Collection Set: 14.9ms
[2025-09-25T06:42:28.693+0000][gc,phases   ] GC(1)   Post Evacuate Collection Set: 0.5ms
[2025-09-25T06:42:28.693+0000][gc,phases   ] GC(1)   Other: 0.1ms
[2025-09-25T06:42:28.693+0000][gc,heap     ] GC(1) Eden regions: 14->0(50)
[2025-09-25T06:42:28.693+0000][gc,heap     ] GC(1) Survivor regions: 7->1(7)
[2025-09-25T06:42:28.693+0000][gc,heap     ] GC(1) Old regions: 4->10
[2025-09-25T06:42:28.693+0000][gc,heap     ] GC(1) Humongous regions: 0->0
[2025-09-25T06:42:28.693+0000][gc,metaspace] GC(1) Metaspace: 21264K(21504K)->21264K(21504K) NonClass: 18771K(18880K)->18771K(18880K) Class: 2492K(2624K)->2492K(2624K)
[2025-09-25T06:42:28.693+0000][gc          ] GC(1) Pause Young (Concurrent Start) (Metadata GC Threshold) 22M->9M(1024M) 16.017ms
[2025-09-25T06:42:28.693+0000][gc,cpu      ] GC(1) User=0.01s Sys=0.00s Real=0.02s
[2025-09-25T06:42:28.693+0000][gc          ] GC(2) Concurrent Mark Cycle
[2025-09-25T06:42:28.693+0000][gc,marking  ] GC(2) Concurrent Scan Root Regions
[2025-09-25T06:42:28.696+0000][gc,marking  ] GC(2) Concurrent Scan Root Regions 2.264ms
[2025-09-25T06:42:28.696+0000][gc,marking  ] GC(2) Concurrent Mark
[2025-09-25T06:42:28.696+0000][gc,marking  ] GC(2) Concurrent Mark From Roots
[2025-09-25T06:42:28.696+0000][gc,task     ] GC(2) Using 2 workers of 2 for marking
[2025-09-25T06:42:28.698+0000][gc,marking  ] GC(2) Concurrent Mark From Roots 2.488ms
[2025-09-25T06:42:28.698+0000][gc,marking  ] GC(2) Concurrent Preclean
[2025-09-25T06:42:28.698+0000][gc,marking  ] GC(2) Concurrent Preclean 0.009ms
[2025-09-25T06:42:28.700+0000][gc,start    ] GC(2) Pause Remark
[2025-09-25T06:42:28.705+0000][gc          ] GC(2) Pause Remark 10M->10M(1024M) 5.075ms
[2025-09-25T06:42:28.705+0000][gc,cpu      ] GC(2) User=0.00s Sys=0.00s Real=0.01s
[2025-09-25T06:42:28.705+0000][gc,marking  ] GC(2) Concurrent Mark 9.846ms
[2025-09-25T06:42:28.705+0000][gc,marking  ] GC(2) Concurrent Rebuild Remembered Sets and Scrub Regions
[2025-09-25T06:42:28.707+0000][gc,marking  ] GC(2) Concurrent Rebuild Remembered Sets and Scrub Regions 1.730ms
[2025-09-25T06:42:28.708+0000][gc,start    ] GC(2) Pause Cleanup
[2025-09-25T06:42:28.708+0000][gc          ] GC(2) Pause Cleanup 10M->10M(1024M) 0.251ms
[2025-09-25T06:42:28.708+0000][gc,cpu      ] GC(2) User=0.00s Sys=0.00s Real=0.00s
[2025-09-25T06:42:28.709+0000][gc,marking  ] GC(2) Concurrent Clear Claimed Marks
[2025-09-25T06:42:28.709+0000][gc,marking  ] GC(2) Concurrent Clear Claimed Marks 0.041ms
[2025-09-25T06:42:28.709+0000][gc,marking  ] GC(2) Concurrent Cleanup for Next Mark
[2025-09-25T06:42:28.714+0000][gc,marking  ] GC(2) Concurrent Cleanup for Next Mark 4.740ms
[2025-09-25T06:42:28.714+0000][gc          ] GC(2) Concurrent Mark Cycle 20.242ms
[2025-09-25T06:42:30.421+0000][gc,start    ] GC(3) Pause Young (Prepare Mixed) (G1 Evacuation Pause)
[2025-09-25T06:42:30.421+0000][gc,task     ] GC(3) Using 8 workers of 8 for evacuation
[2025-09-25T06:42:30.476+0000][gc,mmu      ] GC(3) MMU target violated: 21.0ms (20.0ms/21.0ms)
[2025-09-25T06:42:30.476+0000][gc,phases   ] GC(3)   Pre Evacuate Collection Set: 39.4ms
[2025-09-25T06:42:30.476+0000][gc,phases   ] GC(3)   Merge Heap Roots: 0.1ms
[2025-09-25T06:42:30.476+0000][gc,phases   ] GC(3)   Evacuate Collection Set: 14.4ms
[2025-09-25T06:42:30.476+0000][gc,phases   ] GC(3)   Post Evacuate Collection Set: 0.9ms
[2025-09-25T06:42:30.476+0000][gc,phases   ] GC(3)   Other: 0.1ms
[2025-09-25T06:42:30.476+0000][gc,heap     ] GC(3) Eden regions: 50->0(45)
[2025-09-25T06:42:30.476+0000][gc,heap     ] GC(3) Survivor regions: 1->6(7)
[2025-09-25T06:42:30.476+0000][gc,heap     ] GC(3) Old regions: 10->10
[2025-09-25T06:42:30.476+0000][gc,heap     ] GC(3) Humongous regions: 129->129
[2025-09-25T06:42:30.476+0000][gc,metaspace] GC(3) Metaspace: 31343K(31680K)->31343K(31680K) NonClass: 27854K(28032K)->27854K(28032K) Class: 3488K(3648K)->3488K(3648K)
[2025-09-25T06:42:30.477+0000][gc          ] GC(3) Pause Young (Prepare Mixed) (G1 Evacuation Pause) 188M->143M(1024M) 55.136ms
[2025-09-25T06:42:30.477+0000][gc,cpu      ] GC(3) User=0.02s Sys=0.00s Real=0.05s
[2025-09-25T06:42:31.469+0000][gc,start    ] GC(4) Pause Young (Mixed) (Metadata GC Threshold)
[2025-09-25T06:42:31.469+0000][gc,task     ] GC(4) Using 8 workers of 8 for evacuation
[2025-09-25T06:42:31.493+0000][gc,mmu      ] GC(4) MMU target violated: 21.0ms (20.0ms/21.0ms)
[2025-09-25T06:42:31.493+0000][gc,phases   ] GC(4)   Pre Evacuate Collection Set: 0.4ms
[2025-09-25T06:42:31.493+0000][gc,phases   ] GC(4)   Merge Heap Roots: 0.1ms
[2025-09-25T06:42:31.493+0000][gc,phases   ] GC(4)   Evacuate Collection Set: 22.5ms
[2025-09-25T06:42:31.493+0000][gc,phases   ] GC(4)   Post Evacuate Collection Set: 0.8ms
[2025-09-25T06:42:31.493+0000][gc,phases   ] GC(4)   Other: 0.2ms
[2025-09-25T06:42:31.493+0000][gc,heap     ] GC(4) Eden regions: 18->0(49)
[2025-09-25T06:42:31.493+0000][gc,heap     ] GC(4) Survivor regions: 6->2(7)
[2025-09-25T06:42:31.493+0000][gc,heap     ] GC(4) Old regions: 10->15
[2025-09-25T06:42:31.493+0000][gc,heap     ] GC(4) Humongous regions: 129->129
[2025-09-25T06:42:31.493+0000][gc,metaspace] GC(4) Metaspace: 35662K(35968K)->35662K(35968K) NonClass: 31778K(31936K)->31778K(31936K) Class: 3883K(4032K)->3883K(4032K)
[2025-09-25T06:42:31.493+0000][gc          ] GC(4) Pause Young (Mixed) (Metadata GC Threshold) 160M->145M(1024M) 24.050ms
[2025-09-25T06:42:31.493+0000][gc,cpu      ] GC(4) User=0.02s Sys=0.00s Real=0.03s
[2025-09-25T06:42:31.529+0000][gc,start    ] GC(5) Pause Young (Concurrent Start) (Metadata GC Threshold)
[2025-09-25T06:42:31.529+0000][gc,task     ] GC(5) Using 8 workers of 8 for evacuation
[2025-09-25T06:42:31.543+0000][gc,phases   ] GC(5)   Pre Evacuate Collection Set: 1.0ms
[2025-09-25T06:42:31.543+0000][gc,phases   ] GC(5)   Merge Heap Roots: 0.1ms
[2025-09-25T06:42:31.543+0000][gc,phases   ] GC(5)   Evacuate Collection Set: 12.1ms
[2025-09-25T06:42:31.543+0000][gc,phases   ] GC(5)   Post Evacuate Collection Set: 0.5ms
[2025-09-25T06:42:31.543+0000][gc,phases   ] GC(5)   Other: 0.1ms
[2025-09-25T06:42:31.543+0000][gc,heap     ] GC(5) Eden regions: 2->0(48)
[2025-09-25T06:42:31.543+0000][gc,heap     ] GC(5) Survivor regions: 2->3(7)
[2025-09-25T06:42:31.543+0000][gc,heap     ] GC(5) Old regions: 15->15
[2025-09-25T06:42:31.543+0000][gc,heap     ] GC(5) Humongous regions: 129->129
[2025-09-25T06:42:31.543+0000][gc,metaspace] GC(5) Metaspace: 35991K(36288K)->35991K(36288K) NonClass: 32100K(32256K)->32100K(32256K) Class: 3890K(4032K)->3890K(4032K)
[2025-09-25T06:42:31.543+0000][gc          ] GC(5) Pause Young (Concurrent Start) (Metadata GC Threshold) 147M->145M(1024M) 13.985ms
[2025-09-25T06:42:31.543+0000][gc,cpu      ] GC(5) User=0.01s Sys=0.00s Real=0.02s
[2025-09-25T06:42:31.560+0000][gc          ] GC(6) Concurrent Mark Cycle
[2025-09-25T06:42:31.560+0000][gc,marking  ] GC(6) Concurrent Scan Root Regions
[2025-09-25T06:42:31.563+0000][gc,marking  ] GC(6) Concurrent Scan Root Regions 3.723ms
[2025-09-25T06:42:31.564+0000][gc,marking  ] GC(6) Concurrent Mark
[2025-09-25T06:42:31.564+0000][gc,marking  ] GC(6) Concurrent Mark From Roots
[2025-09-25T06:42:31.564+0000][gc,task     ] GC(6) Using 2 workers of 2 for marking
[2025-09-25T06:42:31.593+0000][gc,marking  ] GC(6) Concurrent Mark From Roots 29.895ms
[2025-09-25T06:42:31.593+0000][gc,marking  ] GC(6) Concurrent Preclean
[2025-09-25T06:42:31.594+0000][gc,marking  ] GC(6) Concurrent Preclean 0.068ms
[2025-09-25T06:42:31.594+0000][gc,start    ] GC(6) Pause Remark
[2025-09-25T06:42:31.606+0000][gc          ] GC(6) Pause Remark 147M->147M(1024M) 12.392ms
[2025-09-25T06:42:31.606+0000][gc,cpu      ] GC(6) User=0.00s Sys=0.00s Real=0.01s
[2025-09-25T06:42:31.608+0000][gc,marking  ] GC(6) Concurrent Mark 44.211ms
[2025-09-25T06:42:31.608+0000][gc,marking  ] GC(6) Concurrent Rebuild Remembered Sets and Scrub Regions
[2025-09-25T06:42:31.618+0000][gc,marking  ] GC(6) Concurrent Rebuild Remembered Sets and Scrub Regions 10.412ms
[2025-09-25T06:42:31.618+0000][gc,start    ] GC(6) Pause Cleanup
[2025-09-25T06:42:31.619+0000][gc          ] GC(6) Pause Cleanup 148M->148M(1024M) 0.204ms
[2025-09-25T06:42:31.619+0000][gc,cpu      ] GC(6) User=0.00s Sys=0.00s Real=0.00s
[2025-09-25T06:42:31.619+0000][gc,marking  ] GC(6) Concurrent Clear Claimed Marks
[2025-09-25T06:42:31.619+0000][gc,marking  ] GC(6) Concurrent Clear Claimed Marks 0.043ms
[2025-09-25T06:42:31.619+0000][gc,marking  ] GC(6) Concurrent Cleanup for Next Mark
[2025-09-25T06:42:31.624+0000][gc,marking  ] GC(6) Concurrent Cleanup for Next Mark 4.931ms
[2025-09-25T06:42:31.624+0000][gc          ] GC(6) Concurrent Mark Cycle 64.065ms
[2025-09-25T06:44:00.750+0000][gc,start    ] GC(7) Pause Young (Normal) (G1 Evacuation Pause)
[2025-09-25T06:44:00.750+0000][gc,task     ] GC(7) Using 8 workers of 8 for evacuation
[2025-09-25T06:44:00.754+0000][gc,phases   ] GC(7)   Pre Evacuate Collection Set: 0.2ms
[2025-09-25T06:44:00.754+0000][gc,phases   ] GC(7)   Merge Heap Roots: 0.2ms
[2025-09-25T06:44:00.754+0000][gc,phases   ] GC(7)   Evacuate Collection Set: 3.4ms
[2025-09-25T06:44:00.754+0000][gc,phases   ] GC(7)   Post Evacuate Collection Set: 0.6ms
[2025-09-25T06:44:00.754+0000][gc,phases   ] GC(7)   Other: 0.1ms
[2025-09-25T06:44:00.754+0000][gc,heap     ] GC(7) Eden regions: 48->0(45)
[2025-09-25T06:44:00.754+0000][gc,heap     ] GC(7) Survivor regions: 3->6(7)
[2025-09-25T06:44:00.754+0000][gc,heap     ] GC(7) Old regions: 15->15
[2025-09-25T06:44:00.754+0000][gc,heap     ] GC(7) Humongous regions: 141->129
[2025-09-25T06:44:00.754+0000][gc,metaspace] GC(7) Metaspace: 43776K(44416K)->43776K(44416K) NonClass: 38705K(39104K)->38705K(39104K) Class: 5071K(5312K)->5071K(5312K)
[2025-09-25T06:44:00.754+0000][gc          ] GC(7) Pause Young (Normal) (G1 Evacuation Pause) 205M->149M(1024M) 4.581ms
[2025-09-25T06:44:00.754+0000][gc,cpu      ] GC(7) User=0.01s Sys=0.00s Real=0.01s
[2025-09-25T06:48:31.321+0000][gc,start    ] GC(8) Pause Young (Normal) (G1 Evacuation Pause)
[2025-09-25T06:48:31.321+0000][gc,task     ] GC(8) Using 8 workers of 8 for evacuation
[2025-09-25T06:48:31.329+0000][gc,phases   ] GC(8)   Pre Evacuate Collection Set: 0.6ms
[2025-09-25T06:48:31.329+0000][gc,phases   ] GC(8)   Merge Heap Roots: 0.2ms
[2025-09-25T06:48:31.329+0000][gc,phases   ] GC(8)   Evacuate Collection Set: 6.1ms
[2025-09-25T06:48:31.329+0000][gc,phases   ] GC(8)   Post Evacuate Collection Set: 0.9ms
[2025-09-25T06:48:31.329+0000][gc,phases   ] GC(8)   Other: 0.1ms
[2025-09-25T06:48:31.329+0000][gc,heap     ] GC(8) Eden regions: 45->0(49)
[2025-09-25T06:48:31.329+0000][gc,heap     ] GC(8) Survivor regions: 6->2(7)
[2025-09-25T06:48:31.329+0000][gc,heap     ] GC(8) Old regions: 15->19
[2025-09-25T06:48:31.329+0000][gc,heap     ] GC(8) Humongous regions: 129->129
[2025-09-25T06:48:31.329+0000][gc,metaspace] GC(8) Metaspace: 44462K(45120K)->44462K(45120K) NonClass: 39286K(39680K)->39286K(39680K) Class: 5175K(5440K)->5175K(5440K)
[2025-09-25T06:48:31.329+0000][gc          ] GC(8) Pause Young (Normal) (G1 Evacuation Pause) 194M->149M(1024M) 8.238ms
[2025-09-25T06:48:31.329+0000][gc,cpu      ] GC(8) User=0.05s Sys=0.00s Real=0.00s
[2025-09-25T06:54:24.947+0000][gc,start    ] GC(9) Pause Young (Normal) (G1 Evacuation Pause)
[2025-09-25T06:54:24.947+0000][gc,task     ] GC(9) Using 8 workers of 8 for evacuation
[2025-09-25T06:54:24.954+0000][gc,phases   ] GC(9)   Pre Evacuate Collection Set: 0.5ms
[2025-09-25T06:54:24.954+0000][gc,phases   ] GC(9)   Merge Heap Roots: 0.2ms
[2025-09-25T06:54:24.954+0000][gc,phases   ] GC(9)   Evacuate Collection Set: 5.1ms
[2025-09-25T06:54:24.954+0000][gc,phases   ] GC(9)   Post Evacuate Collection Set: 0.8ms
[2025-09-25T06:54:24.954+0000][gc,phases   ] GC(9)   Other: 0.1ms
[2025-09-25T06:54:24.954+0000][gc,heap     ] GC(9) Eden regions: 49->0(45)
[2025-09-25T06:54:24.954+0000][gc,heap     ] GC(9) Survivor regions: 2->6(7)
[2025-09-25T06:54:24.954+0000][gc,heap     ] GC(9) Old regions: 19->19
[2025-09-25T06:54:24.954+0000][gc,heap     ] GC(9) Humongous regions: 129->129
[2025-09-25T06:54:24.954+0000][gc,metaspace] GC(9) Metaspace: 44612K(45248K)->44612K(45248K) NonClass: 39420K(39808K)->39420K(39808K) Class: 5191K(5440K)->5191K(5440K)
[2025-09-25T06:54:24.954+0000][gc          ] GC(9) Pause Young (Normal) (G1 Evacuation Pause) 198M->153M(1024M) 7.127ms
[2025-09-25T06:54:24.954+0000][gc,cpu      ] GC(9) User=0.04s Sys=0.00s Real=0.01s
[2025-09-25T07:00:20.084+0000][gc,start    ] GC(10) Pause Young (Normal) (G1 Evacuation Pause)
[2025-09-25T07:00:20.084+0000][gc,task     ] GC(10) Using 8 workers of 8 for evacuation
[2025-09-25T07:00:20.096+0000][gc,phases   ] GC(10)   Pre Evacuate Collection Set: 0.7ms
[2025-09-25T07:00:20.096+0000][gc,phases   ] GC(10)   Merge Heap Roots: 0.2ms
[2025-09-25T07:00:20.096+0000][gc,phases   ] GC(10)   Evacuate Collection Set: 9.5ms
[2025-09-25T07:00:20.096+0000][gc,phases   ] GC(10)   Post Evacuate Collection Set: 0.7ms
[2025-09-25T07:00:20.096+0000][gc,phases   ] GC(10)   Other: 0.1ms
[2025-09-25T07:00:20.096+0000][gc,heap     ] GC(10) Eden regions: 45->0(46)
[2025-09-25T07:00:20.096+0000][gc,heap     ] GC(10) Survivor regions: 6->5(7)
[2025-09-25T07:00:20.096+0000][gc,heap     ] GC(10) Old regions: 19->24
[2025-09-25T07:00:20.096+0000][gc,heap     ] GC(10) Humongous regions: 129->129
[2025-09-25T07:00:20.096+0000][gc,metaspace] GC(10) Metaspace: 44661K(45312K)->44661K(45312K) NonClass: 39467K(39872K)->39467K(39872K) Class: 5193K(5440K)->5193K(5440K)
[2025-09-25T07:00:20.096+0000][gc          ] GC(10) Pause Young (Normal) (G1 Evacuation Pause) 198M->156M(1024M) 11.728ms
[2025-09-25T07:00:20.096+0000][gc,cpu      ] GC(10) User=0.06s Sys=0.01s Real=0.01s
[2025-09-25T07:06:33.944+0000][gc,start    ] GC(11) Pause Young (Normal) (G1 Evacuation Pause)
[2025-09-25T07:06:33.944+0000][gc,task     ] GC(11) Using 8 workers of 8 for evacuation
[2025-09-25T07:06:33.954+0000][gc,phases   ] GC(11)   Pre Evacuate Collection Set: 0.5ms
[2025-09-25T07:06:33.955+0000][gc,phases   ] GC(11)   Merge Heap Roots: 0.3ms
[2025-09-25T07:06:33.955+0000][gc,phases   ] GC(11)   Evacuate Collection Set: 9.1ms
[2025-09-25T07:06:33.955+0000][gc,phases   ] GC(11)   Post Evacuate Collection Set: 0.7ms
[2025-09-25T07:06:33.955+0000][gc,phases   ] GC(11)   Other: 0.2ms
[2025-09-25T07:06:33.955+0000][gc,heap     ] GC(11) Eden regions: 46->0(46)
[2025-09-25T07:06:33.955+0000][gc,heap     ] GC(11) Survivor regions: 5->5(7)
[2025-09-25T07:06:33.955+0000][gc,heap     ] GC(11) Old regions: 24->27
[2025-09-25T07:06:33.955+0000][gc,heap     ] GC(11) Humongous regions: 129->129
[2025-09-25T07:06:33.955+0000][gc,metaspace] GC(11) Metaspace: 44726K(45376K)->44726K(45376K) NonClass: 39532K(39936K)->39532K(39936K) Class: 5194K(5440K)->5194K(5440K)
[2025-09-25T07:06:33.955+0000][gc          ] GC(11) Pause Young (Normal) (G1 Evacuation Pause) 202M->160M(1024M) 11.083ms
[2025-09-25T07:06:33.955+0000][gc,cpu      ] GC(11) User=0.07s Sys=0.00s Real=0.01s
[2025-09-25T07:12:45.833+0000][gc,start    ] GC(12) Pause Young (Normal) (G1 Evacuation Pause)
[2025-09-25T07:12:45.833+0000][gc,task     ] GC(12) Using 8 workers of 8 for evacuation
[2025-09-25T07:12:45.844+0000][gc,phases   ] GC(12)   Pre Evacuate Collection Set: 0.5ms
[2025-09-25T07:12:45.844+0000][gc,phases   ] GC(12)   Merge Heap Roots: 0.2ms
[2025-09-25T07:12:45.844+0000][gc,phases   ] GC(12)   Evacuate Collection Set: 9.0ms
[2025-09-25T07:12:45.844+0000][gc,phases   ] GC(12)   Post Evacuate Collection Set: 1.1ms
[2025-09-25T07:12:45.844+0000][gc,phases   ] GC(12)   Other: 0.1ms
[2025-09-25T07:12:45.844+0000][gc,heap     ] GC(12) Eden regions: 46->0(45)
[2025-09-25T07:12:45.844+0000][gc,heap     ] GC(12) Survivor regions: 5->6(7)
[2025-09-25T07:12:45.844+0000][gc,heap     ] GC(12) Old regions: 27->31
[2025-09-25T07:12:45.844+0000][gc,heap     ] GC(12) Humongous regions: 129->129
[2025-09-25T07:12:45.844+0000][gc,metaspace] GC(12) Metaspace: 44811K(45440K)->44811K(45440K) NonClass: 39616K(40000K)->39616K(40000K) Class: 5194K(5440K)->5194K(5440K)
[2025-09-25T07:12:45.844+0000][gc          ] GC(12) Pause Young (Normal) (G1 Evacuation Pause) 206M->164M(1024M) 11.319ms
[2025-09-25T07:12:45.844+0000][gc,cpu      ] GC(12) User=0.07s Sys=0.01s Real=0.01s
[2025-09-25T07:18:53.279+0000][gc,start    ] GC(13) Pause Young (Normal) (G1 Evacuation Pause)
[2025-09-25T07:18:53.279+0000][gc,task     ] GC(13) Using 8 workers of 8 for evacuation
[2025-09-25T07:18:53.290+0000][gc,phases   ] GC(13)   Pre Evacuate Collection Set: 0.6ms
[2025-09-25T07:18:53.290+0000][gc,phases   ] GC(13)   Merge Heap Roots: 0.3ms
[2025-09-25T07:18:53.290+0000][gc,phases   ] GC(13)   Evacuate Collection Set: 9.3ms
[2025-09-25T07:18:53.290+0000][gc,phases   ] GC(13)   Post Evacuate Collection Set: 0.6ms
[2025-09-25T07:18:53.290+0000][gc,phases   ] GC(13)   Other: 0.1ms
[2025-09-25T07:18:53.290+0000][gc,heap     ] GC(13) Eden regions: 45->0(45)
[2025-09-25T07:18:53.290+0000][gc,heap     ] GC(13) Survivor regions: 6->6(7)
[2025-09-25T07:18:53.290+0000][gc,heap     ] GC(13) Old regions: 31->35
[2025-09-25T07:18:53.290+0000][gc,heap     ] GC(13) Humongous regions: 129->129
[2025-09-25T07:18:53.290+0000][gc,metaspace] GC(13) Metaspace: 44854K(45504K)->44854K(45504K) NonClass: 39659K(40064K)->39659K(40064K) Class: 5194K(5440K)->5194K(5440K)
[2025-09-25T07:18:53.290+0000][gc          ] GC(13) Pause Young (Normal) (G1 Evacuation Pause) 209M->169M(1024M) 11.368ms
[2025-09-25T07:18:53.290+0000][gc,cpu      ] GC(13) User=0.06s Sys=0.01s Real=0.01s
[2025-09-25T07:25:03.590+0000][gc,start    ] GC(14) Pause Young (Normal) (G1 Evacuation Pause)
[2025-09-25T07:25:03.590+0000][gc,task     ] GC(14) Using 8 workers of 8 for evacuation
[2025-09-25T07:25:03.602+0000][gc,phases   ] GC(14)   Pre Evacuate Collection Set: 0.7ms
[2025-09-25T07:25:03.602+0000][gc,phases   ] GC(14)   Merge Heap Roots: 0.4ms
[2025-09-25T07:25:03.602+0000][gc,phases   ] GC(14)   Evacuate Collection Set: 10.0ms
[2025-09-25T07:25:03.602+0000][gc,phases   ] GC(14)   Post Evacuate Collection Set: 1.0ms
[2025-09-25T07:25:03.602+0000][gc,phases   ] GC(14)   Other: 0.2ms
[2025-09-25T07:25:03.602+0000][gc,heap     ] GC(14) Eden regions: 45->0(46)
[2025-09-25T07:25:03.602+0000][gc,heap     ] GC(14) Survivor regions: 6->5(7)
[2025-09-25T07:25:03.602+0000][gc,heap     ] GC(14) Old regions: 35->39
[2025-09-25T07:25:03.602+0000][gc,heap     ] GC(14) Humongous regions: 129->129
[2025-09-25T07:25:03.602+0000][gc,metaspace] GC(14) Metaspace: 44902K(45504K)->44902K(45504K) NonClass: 39707K(40064K)->39707K(40064K) Class: 5194K(5440K)->5194K(5440K)
[2025-09-25T07:25:03.602+0000][gc          ] GC(14) Pause Young (Normal) (G1 Evacuation Pause) 214M->171M(1024M) 12.734ms
[2025-09-25T07:25:03.602+0000][gc,cpu      ] GC(14) User=0.06s Sys=0.01s Real=0.02s
[2025-09-25T07:30:38.712+0000][gc,start    ] GC(15) Pause Young (Normal) (G1 Evacuation Pause)
[2025-09-25T07:30:38.712+0000][gc,task     ] GC(15) Using 8 workers of 8 for evacuation
[2025-09-25T07:30:38.718+0000][gc,phases   ] GC(15)   Pre Evacuate Collection Set: 0.2ms
[2025-09-25T07:30:38.718+0000][gc,phases   ] GC(15)   Merge Heap Roots: 0.2ms
[2025-09-25T07:30:38.718+0000][gc,phases   ] GC(15)   Evacuate Collection Set: 4.6ms
[2025-09-25T07:30:38.718+0000][gc,phases   ] GC(15)   Post Evacuate Collection Set: 0.3ms
[2025-09-25T07:30:38.718+0000][gc,phases   ] GC(15)   Other: 0.1ms
[2025-09-25T07:30:38.718+0000][gc,heap     ] GC(15) Eden regions: 46->0(81)
[2025-09-25T07:30:38.718+0000][gc,heap     ] GC(15) Survivor regions: 5->4(7)
[2025-09-25T07:30:38.718+0000][gc,heap     ] GC(15) Old regions: 39->42
[2025-09-25T07:30:38.718+0000][gc,heap     ] GC(15) Humongous regions: 129->129
[2025-09-25T07:30:38.718+0000][gc,metaspace] GC(15) Metaspace: 45346K(46016K)->45346K(46016K) NonClass: 40045K(40448K)->40045K(40448K) Class: 5301K(5568K)->5301K(5568K)
[2025-09-25T07:30:38.718+0000][gc          ] GC(15) Pause Young (Normal) (G1 Evacuation Pause) 217M->175M(1024M) 5.623ms
[2025-09-25T07:30:38.718+0000][gc,cpu      ] GC(15) User=0.02s Sys=0.00s Real=0.00s
[2025-09-25T07:30:39.014+0000][gc,heap,exit] Heap
[2025-09-25T07:30:39.015+0000][gc,heap,exit]  garbage-first heap   total 1048576K, used 184999K [0x00000000c0000000, 0x0000000100000000)
[2025-09-25T07:30:39.015+0000][gc,heap,exit]   region size 1024K, 10 young (10240K), 4 survivors (4096K)
[2025-09-25T07:30:39.015+0000][gc,heap,exit]  Metaspace       used 45941K, committed 46592K, reserved 1114112K
[2025-09-25T07:30:39.015+0000][gc,heap,exit]   class space    used 5408K, committed 5696K, reserved 1048576K
