[2025-09-26T02:54:53.392+0000][gc,init] CardTable entry size: 512
[2025-09-26T02:54:53.392+0000][gc     ] Using G1
[2025-09-26T02:54:53.401+0000][gc,init] Version: 21.0.8+9-Ubuntu-0ubuntu124.04.1 (release)
[2025-09-26T02:54:53.401+0000][gc,init] CPUs: 8 total, 8 available
[2025-09-26T02:54:53.401+0000][gc,init] Memory: 15638M
[2025-09-26T02:54:53.401+0000][gc,init] Large Page Support: Disabled
[2025-09-26T02:54:53.401+0000][gc,init] NUMA Support: Disabled
[2025-09-26T02:54:53.401+0000][gc,init] Compressed Oops: Enabled (32-bit)
[2025-09-26T02:54:53.401+0000][gc,init] Heap Region Size: 1M
[2025-09-26T02:54:53.401+0000][gc,init] Heap Min Capacity: 1G
[2025-09-26T02:54:53.401+0000][gc,init] Heap Initial Capacity: 1G
[2025-09-26T02:54:53.401+0000][gc,init] Heap Max Capacity: 1G
[2025-09-26T02:54:53.401+0000][gc,init] Pre-touch: Disabled
[2025-09-26T02:54:53.401+0000][gc,init] Parallel Workers: 8
[2025-09-26T02:54:53.401+0000][gc,init] Concurrent Workers: 2
[2025-09-26T02:54:53.401+0000][gc,init] Concurrent Refinement Workers: 8
[2025-09-26T02:54:53.401+0000][gc,init] Periodic GC: Disabled
[2025-09-26T02:54:53.413+0000][gc,metaspace] CDS archive(s) mapped at: [0x000070f417000000-0x000070f417ca0000-0x000070f417ca0000), size 13238272, SharedBaseAddress: 0x000070f417000000, ArchiveRelocationMode: 1.
[2025-09-26T02:54:53.413+0000][gc,metaspace] Compressed class space mapped at: 0x000070f418000000-0x000070f458000000, reserved size: 1073741824
[2025-09-26T02:54:53.413+0000][gc,metaspace] Narrow klass base: 0x000070f417000000, Narrow klass shift: 0, Narrow klass range: 0x100000000
[2025-09-26T02:54:55.883+0000][gc,start    ] GC(0) Pause Young (Normal) (G1 Evacuation Pause)
[2025-09-26T02:54:55.909+0000][gc,task     ] GC(0) Using 8 workers of 8 for evacuation
[2025-09-26T02:54:55.940+0000][gc,mmu      ] GC(0) MMU target violated: 21.0ms (20.0ms/21.0ms)
[2025-09-26T02:54:55.940+0000][gc,phases   ] GC(0)   Pre Evacuate Collection Set: 0.3ms
[2025-09-26T02:54:55.940+0000][gc,phases   ] GC(0)   Merge Heap Roots: 0.1ms
[2025-09-26T02:54:55.940+0000][gc,phases   ] GC(0)   Evacuate Collection Set: 29.1ms
[2025-09-26T02:54:55.940+0000][gc,phases   ] GC(0)   Post Evacuate Collection Set: 0.7ms
[2025-09-26T02:54:55.940+0000][gc,phases   ] GC(0)   Other: 26.2ms
[2025-09-26T02:54:55.940+0000][gc,heap     ] GC(0) Eden regions: 51->0(44)
[2025-09-26T02:54:55.940+0000][gc,heap     ] GC(0) Survivor regions: 0->7(7)
[2025-09-26T02:54:55.940+0000][gc,heap     ] GC(0) Old regions: 2->3
[2025-09-26T02:54:55.940+0000][gc,heap     ] GC(0) Humongous regions: 0->0
[2025-09-26T02:54:55.940+0000][gc,metaspace] GC(0) Metaspace: 17612K(17792K)->17612K(17792K) NonClass: 15557K(15680K)->15557K(15680K) Class: 2055K(2112K)->2055K(2112K)
[2025-09-26T02:54:55.940+0000][gc          ] GC(0) Pause Young (Normal) (G1 Evacuation Pause) 52M->9M(1024M) 56.513ms
[2025-09-26T02:54:55.940+0000][gc,cpu      ] GC(0) User=0.02s Sys=0.01s Real=0.06s
[2025-09-26T02:54:56.519+0000][gc,start    ] GC(1) Pause Young (Concurrent Start) (Metadata GC Threshold)
[2025-09-26T02:54:56.519+0000][gc,task     ] GC(1) Using 8 workers of 8 for evacuation
[2025-09-26T02:54:56.538+0000][gc,phases   ] GC(1)   Pre Evacuate Collection Set: 0.3ms
[2025-09-26T02:54:56.538+0000][gc,phases   ] GC(1)   Merge Heap Roots: 0.1ms
[2025-09-26T02:54:56.538+0000][gc,phases   ] GC(1)   Evacuate Collection Set: 17.3ms
[2025-09-26T02:54:56.538+0000][gc,phases   ] GC(1)   Post Evacuate Collection Set: 0.7ms
[2025-09-26T02:54:56.538+0000][gc,phases   ] GC(1)   Other: 0.1ms
[2025-09-26T02:54:56.538+0000][gc,heap     ] GC(1) Eden regions: 15->0(49)
[2025-09-26T02:54:56.538+0000][gc,heap     ] GC(1) Survivor regions: 7->2(7)
[2025-09-26T02:54:56.538+0000][gc,heap     ] GC(1) Old regions: 3->10
[2025-09-26T02:54:56.538+0000][gc,heap     ] GC(1) Humongous regions: 0->0
[2025-09-26T02:54:56.538+0000][gc,metaspace] GC(1) Metaspace: 21269K(21504K)->21269K(21504K) NonClass: 18763K(18880K)->18763K(18880K) Class: 2505K(2624K)->2505K(2624K)
[2025-09-26T02:54:56.538+0000][gc          ] GC(1) Pause Young (Concurrent Start) (Metadata GC Threshold) 23M->10M(1024M) 18.624ms
[2025-09-26T02:54:56.538+0000][gc,cpu      ] GC(1) User=0.01s Sys=0.00s Real=0.02s
[2025-09-26T02:54:56.538+0000][gc          ] GC(2) Concurrent Mark Cycle
[2025-09-26T02:54:56.538+0000][gc,marking  ] GC(2) Concurrent Scan Root Regions
[2025-09-26T02:54:56.540+0000][gc,marking  ] GC(2) Concurrent Scan Root Regions 2.287ms
[2025-09-26T02:54:56.540+0000][gc,marking  ] GC(2) Concurrent Mark
[2025-09-26T02:54:56.540+0000][gc,marking  ] GC(2) Concurrent Mark From Roots
[2025-09-26T02:54:56.540+0000][gc,task     ] GC(2) Using 2 workers of 2 for marking
[2025-09-26T02:54:56.543+0000][gc,marking  ] GC(2) Concurrent Mark From Roots 3.040ms
[2025-09-26T02:54:56.543+0000][gc,marking  ] GC(2) Concurrent Preclean
[2025-09-26T02:54:56.543+0000][gc,marking  ] GC(2) Concurrent Preclean 0.009ms
[2025-09-26T02:54:56.544+0000][gc,start    ] GC(2) Pause Remark
[2025-09-26T02:54:56.548+0000][gc          ] GC(2) Pause Remark 10M->10M(1024M) 4.290ms
[2025-09-26T02:54:56.548+0000][gc,cpu      ] GC(2) User=0.01s Sys=0.01s Real=0.01s
[2025-09-26T02:54:56.548+0000][gc,marking  ] GC(2) Concurrent Mark 8.022ms
[2025-09-26T02:54:56.548+0000][gc,marking  ] GC(2) Concurrent Rebuild Remembered Sets and Scrub Regions
[2025-09-26T02:54:56.555+0000][gc,marking  ] GC(2) Concurrent Rebuild Remembered Sets and Scrub Regions 6.735ms
[2025-09-26T02:54:56.555+0000][gc,start    ] GC(2) Pause Cleanup
[2025-09-26T02:54:56.555+0000][gc          ] GC(2) Pause Cleanup 10M->10M(1024M) 0.216ms
[2025-09-26T02:54:56.555+0000][gc,cpu      ] GC(2) User=0.01s Sys=0.00s Real=0.00s
[2025-09-26T02:54:56.556+0000][gc,marking  ] GC(2) Concurrent Clear Claimed Marks
[2025-09-26T02:54:56.556+0000][gc,marking  ] GC(2) Concurrent Clear Claimed Marks 0.040ms
[2025-09-26T02:54:56.556+0000][gc,marking  ] GC(2) Concurrent Cleanup for Next Mark
[2025-09-26T02:54:56.569+0000][gc,marking  ] GC(2) Concurrent Cleanup for Next Mark 12.620ms
[2025-09-26T02:54:56.569+0000][gc          ] GC(2) Concurrent Mark Cycle 30.889ms
[2025-09-26T02:54:58.416+0000][gc,start    ] GC(3) Pause Young (Prepare Mixed) (G1 Evacuation Pause)
[2025-09-26T02:54:58.416+0000][gc,task     ] GC(3) Using 8 workers of 8 for evacuation
[2025-09-26T02:54:58.435+0000][gc,phases   ] GC(3)   Pre Evacuate Collection Set: 0.3ms
[2025-09-26T02:54:58.435+0000][gc,phases   ] GC(3)   Merge Heap Roots: 0.1ms
[2025-09-26T02:54:58.435+0000][gc,phases   ] GC(3)   Evacuate Collection Set: 17.3ms
[2025-09-26T02:54:58.435+0000][gc,phases   ] GC(3)   Post Evacuate Collection Set: 0.8ms
[2025-09-26T02:54:58.435+0000][gc,phases   ] GC(3)   Other: 0.1ms
[2025-09-26T02:54:58.435+0000][gc,heap     ] GC(3) Eden regions: 49->0(44)
[2025-09-26T02:54:58.435+0000][gc,heap     ] GC(3) Survivor regions: 2->7(7)
[2025-09-26T02:54:58.435+0000][gc,heap     ] GC(3) Old regions: 10->10
[2025-09-26T02:54:58.435+0000][gc,heap     ] GC(3) Humongous regions: 129->129
[2025-09-26T02:54:58.435+0000][gc,metaspace] GC(3) Metaspace: 33061K(33280K)->33061K(33280K) NonClass: 29448K(29568K)->29448K(29568K) Class: 3613K(3712K)->3613K(3712K)
[2025-09-26T02:54:58.435+0000][gc          ] GC(3) Pause Young (Prepare Mixed) (G1 Evacuation Pause) 188M->144M(1024M) 18.739ms
[2025-09-26T02:54:58.435+0000][gc,cpu      ] GC(3) User=0.02s Sys=0.00s Real=0.02s
[2025-09-26T02:54:58.751+0000][gc,start    ] GC(4) Pause Young (Mixed) (Metadata GC Threshold)
[2025-09-26T02:54:58.751+0000][gc,task     ] GC(4) Using 8 workers of 8 for evacuation
[2025-09-26T02:54:58.768+0000][gc,phases   ] GC(4)   Pre Evacuate Collection Set: 0.3ms
[2025-09-26T02:54:58.768+0000][gc,phases   ] GC(4)   Merge Heap Roots: 0.1ms
[2025-09-26T02:54:58.768+0000][gc,phases   ] GC(4)   Evacuate Collection Set: 16.1ms
[2025-09-26T02:54:58.768+0000][gc,phases   ] GC(4)   Post Evacuate Collection Set: 0.8ms
[2025-09-26T02:54:58.768+0000][gc,phases   ] GC(4)   Other: 0.1ms
[2025-09-26T02:54:58.768+0000][gc,heap     ] GC(4) Eden regions: 11->0(50)
[2025-09-26T02:54:58.768+0000][gc,heap     ] GC(4) Survivor regions: 7->1(7)
[2025-09-26T02:54:58.768+0000][gc,heap     ] GC(4) Old regions: 10->16
[2025-09-26T02:54:58.768+0000][gc,heap     ] GC(4) Humongous regions: 129->129
[2025-09-26T02:54:58.768+0000][gc,metaspace] GC(4) Metaspace: 35836K(36096K)->35836K(36096K) NonClass: 31907K(32064K)->31907K(32064K) Class: 3928K(4032K)->3928K(4032K)
[2025-09-26T02:54:58.768+0000][gc          ] GC(4) Pause Young (Mixed) (Metadata GC Threshold) 155M->145M(1024M) 17.427ms
[2025-09-26T02:54:58.768+0000][gc,cpu      ] GC(4) User=0.01s Sys=0.01s Real=0.02s
[2025-09-26T02:54:58.813+0000][gc,start    ] GC(5) Pause Young (Concurrent Start) (Metadata GC Threshold)
[2025-09-26T02:54:58.813+0000][gc,task     ] GC(5) Using 8 workers of 8 for evacuation
[2025-09-26T02:54:58.818+0000][gc,phases   ] GC(5)   Pre Evacuate Collection Set: 0.4ms
[2025-09-26T02:54:58.818+0000][gc,phases   ] GC(5)   Merge Heap Roots: 0.1ms
[2025-09-26T02:54:58.818+0000][gc,phases   ] GC(5)   Evacuate Collection Set: 3.7ms
[2025-09-26T02:54:58.818+0000][gc,phases   ] GC(5)   Post Evacuate Collection Set: 0.5ms
[2025-09-26T02:54:58.818+0000][gc,phases   ] GC(5)   Other: 0.1ms
[2025-09-26T02:54:58.818+0000][gc,heap     ] GC(5) Eden regions: 3->0(50)
[2025-09-26T02:54:58.818+0000][gc,heap     ] GC(5) Survivor regions: 1->1(7)
[2025-09-26T02:54:58.818+0000][gc,heap     ] GC(5) Old regions: 16->16
[2025-09-26T02:54:58.818+0000][gc,heap     ] GC(5) Humongous regions: 129->129
[2025-09-26T02:54:58.818+0000][gc,metaspace] GC(5) Metaspace: 36132K(36416K)->36132K(36416K) NonClass: 32177K(32320K)->32177K(32320K) Class: 3954K(4096K)->3954K(4096K)
[2025-09-26T02:54:58.818+0000][gc          ] GC(5) Pause Young (Concurrent Start) (Metadata GC Threshold) 147M->144M(1024M) 4.946ms
[2025-09-26T02:54:58.818+0000][gc          ] GC(6) Concurrent Mark Cycle
[2025-09-26T02:54:58.818+0000][gc,marking  ] GC(6) Concurrent Scan Root Regions
[2025-09-26T02:54:58.818+0000][gc,cpu      ] GC(5) User=0.00s Sys=0.00s Real=0.01s
[2025-09-26T02:54:58.819+0000][gc,marking  ] GC(6) Concurrent Scan Root Regions 1.519ms
[2025-09-26T02:54:58.819+0000][gc,marking  ] GC(6) Concurrent Mark
[2025-09-26T02:54:58.819+0000][gc,marking  ] GC(6) Concurrent Mark From Roots
[2025-09-26T02:54:58.819+0000][gc,task     ] GC(6) Using 2 workers of 2 for marking
[2025-09-26T02:54:58.833+0000][gc,marking  ] GC(6) Concurrent Mark From Roots 13.817ms
[2025-09-26T02:54:58.833+0000][gc,marking  ] GC(6) Concurrent Preclean
[2025-09-26T02:54:58.833+0000][gc,marking  ] GC(6) Concurrent Preclean 0.056ms
[2025-09-26T02:54:58.833+0000][gc,start    ] GC(6) Pause Remark
[2025-09-26T02:54:58.848+0000][gc          ] GC(6) Pause Remark 145M->145M(1024M) 14.707ms
[2025-09-26T02:54:58.848+0000][gc,cpu      ] GC(6) User=0.01s Sys=0.00s Real=0.02s
[2025-09-26T02:54:58.848+0000][gc,marking  ] GC(6) Concurrent Mark 29.224ms
[2025-09-26T02:54:58.849+0000][gc,marking  ] GC(6) Concurrent Rebuild Remembered Sets and Scrub Regions
[2025-09-26T02:54:58.866+0000][gc,marking  ] GC(6) Concurrent Rebuild Remembered Sets and Scrub Regions 17.049ms
[2025-09-26T02:54:58.866+0000][gc,start    ] GC(6) Pause Cleanup
[2025-09-26T02:54:58.866+0000][gc          ] GC(6) Pause Cleanup 145M->145M(1024M) 0.212ms
[2025-09-26T02:54:58.866+0000][gc,cpu      ] GC(6) User=0.00s Sys=0.00s Real=0.00s
[2025-09-26T02:54:58.868+0000][gc,marking  ] GC(6) Concurrent Clear Claimed Marks
[2025-09-26T02:54:58.868+0000][gc,marking  ] GC(6) Concurrent Clear Claimed Marks 0.053ms
[2025-09-26T02:54:58.868+0000][gc,marking  ] GC(6) Concurrent Cleanup for Next Mark
[2025-09-26T02:54:58.871+0000][gc,marking  ] GC(6) Concurrent Cleanup for Next Mark 2.250ms
[2025-09-26T02:54:58.871+0000][gc          ] GC(6) Concurrent Mark Cycle 52.973ms
[2025-09-26T02:55:35.930+0000][gc,start    ] GC(7) Pause Young (Prepare Mixed) (G1 Evacuation Pause)
[2025-09-26T02:55:35.931+0000][gc,task     ] GC(7) Using 8 workers of 8 for evacuation
[2025-09-26T02:55:35.940+0000][gc,phases   ] GC(7)   Pre Evacuate Collection Set: 1.7ms
[2025-09-26T02:55:35.941+0000][gc,phases   ] GC(7)   Merge Heap Roots: 0.4ms
[2025-09-26T02:55:35.941+0000][gc,phases   ] GC(7)   Evacuate Collection Set: 6.6ms
[2025-09-26T02:55:35.941+0000][gc,phases   ] GC(7)   Post Evacuate Collection Set: 1.2ms
[2025-09-26T02:55:35.941+0000][gc,phases   ] GC(7)   Other: 0.1ms
[2025-09-26T02:55:35.941+0000][gc,heap     ] GC(7) Eden regions: 50->0(46)
[2025-09-26T02:55:35.941+0000][gc,heap     ] GC(7) Survivor regions: 1->5(7)
[2025-09-26T02:55:35.941+0000][gc,heap     ] GC(7) Old regions: 16->16
[2025-09-26T02:55:35.941+0000][gc,heap     ] GC(7) Humongous regions: 129->129
[2025-09-26T02:55:35.941+0000][gc,metaspace] GC(7) Metaspace: 43829K(44480K)->43829K(44480K) NonClass: 38644K(39040K)->38644K(39040K) Class: 5184K(5440K)->5184K(5440K)
[2025-09-26T02:55:35.941+0000][gc          ] GC(7) Pause Young (Prepare Mixed) (G1 Evacuation Pause) 194M->149M(1024M) 10.371ms
[2025-09-26T02:55:35.941+0000][gc,cpu      ] GC(7) User=0.04s Sys=0.00s Real=0.01s
[2025-09-26T03:00:20.986+0000][gc,start    ] GC(8) Pause Young (Mixed) (G1 Evacuation Pause)
[2025-09-26T03:00:20.986+0000][gc,task     ] GC(8) Using 8 workers of 8 for evacuation
[2025-09-26T03:00:20.997+0000][gc,phases   ] GC(8)   Pre Evacuate Collection Set: 0.6ms
[2025-09-26T03:00:20.997+0000][gc,phases   ] GC(8)   Merge Heap Roots: 0.2ms
[2025-09-26T03:00:20.997+0000][gc,phases   ] GC(8)   Evacuate Collection Set: 8.9ms
[2025-09-26T03:00:20.997+0000][gc,phases   ] GC(8)   Post Evacuate Collection Set: 1.1ms
[2025-09-26T03:00:20.997+0000][gc,phases   ] GC(8)   Other: 0.2ms
[2025-09-26T03:00:20.997+0000][gc,heap     ] GC(8) Eden regions: 46->0(47)
[2025-09-26T03:00:20.997+0000][gc,heap     ] GC(8) Survivor regions: 5->4(7)
[2025-09-26T03:00:20.997+0000][gc,heap     ] GC(8) Old regions: 16->20
[2025-09-26T03:00:20.997+0000][gc,heap     ] GC(8) Humongous regions: 129->129
[2025-09-26T03:00:20.997+0000][gc,metaspace] GC(8) Metaspace: 44960K(45632K)->44960K(45632K) NonClass: 39708K(40128K)->39708K(40128K) Class: 5251K(5504K)->5251K(5504K)
[2025-09-26T03:00:20.997+0000][gc          ] GC(8) Pause Young (Mixed) (G1 Evacuation Pause) 195M->151M(1024M) 11.329ms
[2025-09-26T03:00:20.997+0000][gc,cpu      ] GC(8) User=0.08s Sys=0.00s Real=0.02s
[2025-09-26T03:05:51.006+0000][gc,start    ] GC(9) Pause Young (Normal) (G1 Evacuation Pause)
[2025-09-26T03:05:51.006+0000][gc,task     ] GC(9) Using 8 workers of 8 for evacuation
[2025-09-26T03:05:51.014+0000][gc,phases   ] GC(9)   Pre Evacuate Collection Set: 0.4ms
[2025-09-26T03:05:51.014+0000][gc,phases   ] GC(9)   Merge Heap Roots: 0.1ms
[2025-09-26T03:05:51.014+0000][gc,phases   ] GC(9)   Evacuate Collection Set: 7.0ms
[2025-09-26T03:05:51.014+0000][gc,phases   ] GC(9)   Post Evacuate Collection Set: 0.7ms
[2025-09-26T03:05:51.014+0000][gc,phases   ] GC(9)   Other: 0.1ms
[2025-09-26T03:05:51.015+0000][gc,heap     ] GC(9) Eden regions: 47->0(45)
[2025-09-26T03:05:51.015+0000][gc,heap     ] GC(9) Survivor regions: 4->6(7)
[2025-09-26T03:05:51.015+0000][gc,heap     ] GC(9) Old regions: 20->20
[2025-09-26T03:05:51.015+0000][gc,heap     ] GC(9) Humongous regions: 129->129
[2025-09-26T03:05:51.015+0000][gc,metaspace] GC(9) Metaspace: 45115K(45760K)->45115K(45760K) NonClass: 39847K(40256K)->39847K(40256K) Class: 5267K(5504K)->5267K(5504K)
[2025-09-26T03:05:51.015+0000][gc          ] GC(9) Pause Young (Normal) (G1 Evacuation Pause) 198M->154M(1024M) 8.684ms
[2025-09-26T03:05:51.015+0000][gc,cpu      ] GC(9) User=0.05s Sys=0.01s Real=0.01s
[2025-09-26T03:08:23.658+0000][gc,heap,exit] Heap
[2025-09-26T03:08:23.658+0000][gc,heap,exit]  garbage-first heap   total 1048576K, used 189817K [0x00000000c0000000, 0x0000000100000000)
[2025-09-26T03:08:23.658+0000][gc,heap,exit]   region size 1024K, 37 young (37888K), 6 survivors (6144K)
[2025-09-26T03:08:23.658+0000][gc,heap,exit]  Metaspace       used 46130K, committed 46848K, reserved 1114112K
[2025-09-26T03:08:23.658+0000][gc,heap,exit]   class space    used 5469K, committed 5760K, reserved 1048576K
