[2025-09-25T15:39:01.133+0000][gc,init] CardTable entry size: 512
[2025-09-25T15:39:01.133+0000][gc     ] Using G1
[2025-09-25T15:39:01.142+0000][gc,init] Version: 21.0.8+9-Ubuntu-0ubuntu124.04.1 (release)
[2025-09-25T15:39:01.142+0000][gc,init] CPUs: 8 total, 8 available
[2025-09-25T15:39:01.142+0000][gc,init] Memory: 15638M
[2025-09-25T15:39:01.142+0000][gc,init] Large Page Support: Disabled
[2025-09-25T15:39:01.142+0000][gc,init] NUMA Support: Disabled
[2025-09-25T15:39:01.142+0000][gc,init] Compressed Oops: Enabled (32-bit)
[2025-09-25T15:39:01.142+0000][gc,init] Heap Region Size: 1M
[2025-09-25T15:39:01.142+0000][gc,init] Heap Min Capacity: 1G
[2025-09-25T15:39:01.142+0000][gc,init] Heap Initial Capacity: 1G
[2025-09-25T15:39:01.142+0000][gc,init] Heap Max Capacity: 1G
[2025-09-25T15:39:01.142+0000][gc,init] Pre-touch: Disabled
[2025-09-25T15:39:01.142+0000][gc,init] Parallel Workers: 8
[2025-09-25T15:39:01.142+0000][gc,init] Concurrent Workers: 2
[2025-09-25T15:39:01.142+0000][gc,init] Concurrent Refinement Workers: 8
[2025-09-25T15:39:01.142+0000][gc,init] Periodic GC: Disabled
[2025-09-25T15:39:01.164+0000][gc,metaspace] CDS archive(s) mapped at: [0x000072b31f000000-0x000072b31fca0000-0x000072b31fca0000), size 13238272, SharedBaseAddress: 0x000072b31f000000, ArchiveRelocationMode: 1.
[2025-09-25T15:39:01.164+0000][gc,metaspace] Compressed class space mapped at: 0x000072b320000000-0x000072b360000000, reserved size: 1073741824
[2025-09-25T15:39:01.164+0000][gc,metaspace] Narrow klass base: 0x000072b31f000000, Narrow klass shift: 0, Narrow klass range: 0x100000000
[2025-09-25T15:39:04.194+0000][gc,start    ] GC(0) Pause Young (Normal) (G1 Evacuation Pause)
[2025-09-25T15:39:04.197+0000][gc,task     ] GC(0) Using 8 workers of 8 for evacuation
[2025-09-25T15:39:04.209+0000][gc,phases   ] GC(0)   Pre Evacuate Collection Set: 0.3ms
[2025-09-25T15:39:04.209+0000][gc,phases   ] GC(0)   Merge Heap Roots: 0.1ms
[2025-09-25T15:39:04.209+0000][gc,phases   ] GC(0)   Evacuate Collection Set: 10.2ms
[2025-09-25T15:39:04.209+0000][gc,phases   ] GC(0)   Post Evacuate Collection Set: 1.4ms
[2025-09-25T15:39:04.209+0000][gc,phases   ] GC(0)   Other: 3.2ms
[2025-09-25T15:39:04.209+0000][gc,heap     ] GC(0) Eden regions: 51->0(44)
[2025-09-25T15:39:04.209+0000][gc,heap     ] GC(0) Survivor regions: 0->7(7)
[2025-09-25T15:39:04.209+0000][gc,heap     ] GC(0) Old regions: 2->3
[2025-09-25T15:39:04.209+0000][gc,heap     ] GC(0) Humongous regions: 0->0
[2025-09-25T15:39:04.209+0000][gc,metaspace] GC(0) Metaspace: 17603K(17792K)->17603K(17792K) NonClass: 15548K(15680K)->15548K(15680K) Class: 2055K(2112K)->2055K(2112K)
[2025-09-25T15:39:04.209+0000][gc          ] GC(0) Pause Young (Normal) (G1 Evacuation Pause) 52M->9M(1024M) 15.375ms
[2025-09-25T15:39:04.209+0000][gc,cpu      ] GC(0) User=0.01s Sys=0.00s Real=0.02s
[2025-09-25T15:39:04.823+0000][gc,start    ] GC(1) Pause Young (Concurrent Start) (Metadata GC Threshold)
[2025-09-25T15:39:04.823+0000][gc,task     ] GC(1) Using 8 workers of 8 for evacuation
[2025-09-25T15:39:04.841+0000][gc,phases   ] GC(1)   Pre Evacuate Collection Set: 0.3ms
[2025-09-25T15:39:04.841+0000][gc,phases   ] GC(1)   Merge Heap Roots: 0.0ms
[2025-09-25T15:39:04.841+0000][gc,phases   ] GC(1)   Evacuate Collection Set: 17.6ms
[2025-09-25T15:39:04.841+0000][gc,phases   ] GC(1)   Post Evacuate Collection Set: 0.7ms
[2025-09-25T15:39:04.841+0000][gc,phases   ] GC(1)   Other: 0.1ms
[2025-09-25T15:39:04.841+0000][gc,heap     ] GC(1) Eden regions: 14->0(49)
[2025-09-25T15:39:04.841+0000][gc,heap     ] GC(1) Survivor regions: 7->2(7)
[2025-09-25T15:39:04.841+0000][gc,heap     ] GC(1) Old regions: 3->10
[2025-09-25T15:39:04.841+0000][gc,heap     ] GC(1) Humongous regions: 0->0
[2025-09-25T15:39:04.841+0000][gc,metaspace] GC(1) Metaspace: 21362K(21504K)->21362K(21504K) NonClass: 18856K(18944K)->18856K(18944K) Class: 2505K(2560K)->2505K(2560K)
[2025-09-25T15:39:04.841+0000][gc          ] GC(1) Pause Young (Concurrent Start) (Metadata GC Threshold) 23M->10M(1024M) 18.806ms
[2025-09-25T15:39:04.841+0000][gc,cpu      ] GC(1) User=0.01s Sys=0.00s Real=0.02s
[2025-09-25T15:39:04.841+0000][gc          ] GC(2) Concurrent Mark Cycle
[2025-09-25T15:39:04.848+0000][gc,marking  ] GC(2) Concurrent Scan Root Regions
[2025-09-25T15:39:04.854+0000][gc,marking  ] GC(2) Concurrent Scan Root Regions 5.409ms
[2025-09-25T15:39:04.854+0000][gc,marking  ] GC(2) Concurrent Mark
[2025-09-25T15:39:04.854+0000][gc,marking  ] GC(2) Concurrent Mark From Roots
[2025-09-25T15:39:04.854+0000][gc,task     ] GC(2) Using 2 workers of 2 for marking
[2025-09-25T15:39:04.871+0000][gc,marking  ] GC(2) Concurrent Mark From Roots 16.845ms
[2025-09-25T15:39:04.871+0000][gc,marking  ] GC(2) Concurrent Preclean
[2025-09-25T15:39:04.871+0000][gc,marking  ] GC(2) Concurrent Preclean 0.009ms
[2025-09-25T15:39:04.871+0000][gc,start    ] GC(2) Pause Remark
[2025-09-25T15:39:04.878+0000][gc          ] GC(2) Pause Remark 11M->11M(1024M) 7.680ms
[2025-09-25T15:39:04.878+0000][gc,cpu      ] GC(2) User=0.01s Sys=0.00s Real=0.01s
[2025-09-25T15:39:04.878+0000][gc,marking  ] GC(2) Concurrent Mark 24.715ms
[2025-09-25T15:39:04.878+0000][gc,marking  ] GC(2) Concurrent Rebuild Remembered Sets and Scrub Regions
[2025-09-25T15:39:04.882+0000][gc,marking  ] GC(2) Concurrent Rebuild Remembered Sets and Scrub Regions 3.322ms
[2025-09-25T15:39:04.884+0000][gc,start    ] GC(2) Pause Cleanup
[2025-09-25T15:39:04.884+0000][gc          ] GC(2) Pause Cleanup 11M->11M(1024M) 0.199ms
[2025-09-25T15:39:04.884+0000][gc,cpu      ] GC(2) User=0.00s Sys=0.00s Real=0.00s
[2025-09-25T15:39:04.884+0000][gc,marking  ] GC(2) Concurrent Clear Claimed Marks
[2025-09-25T15:39:04.884+0000][gc,marking  ] GC(2) Concurrent Clear Claimed Marks 0.023ms
[2025-09-25T15:39:04.884+0000][gc,marking  ] GC(2) Concurrent Cleanup for Next Mark
[2025-09-25T15:39:04.893+0000][gc,marking  ] GC(2) Concurrent Cleanup for Next Mark 9.279ms
[2025-09-25T15:39:04.893+0000][gc          ] GC(2) Concurrent Mark Cycle 51.905ms
[2025-09-25T15:39:06.470+0000][gc,start    ] GC(3) Pause Young (Prepare Mixed) (G1 Evacuation Pause)
[2025-09-25T15:39:06.470+0000][gc,task     ] GC(3) Using 8 workers of 8 for evacuation
[2025-09-25T15:39:06.487+0000][gc,phases   ] GC(3)   Pre Evacuate Collection Set: 0.3ms
[2025-09-25T15:39:06.487+0000][gc,phases   ] GC(3)   Merge Heap Roots: 0.1ms
[2025-09-25T15:39:06.487+0000][gc,phases   ] GC(3)   Evacuate Collection Set: 14.7ms
[2025-09-25T15:39:06.487+0000][gc,phases   ] GC(3)   Post Evacuate Collection Set: 0.9ms
[2025-09-25T15:39:06.487+0000][gc,phases   ] GC(3)   Other: 0.1ms
[2025-09-25T15:39:06.487+0000][gc,heap     ] GC(3) Eden regions: 49->0(44)
[2025-09-25T15:39:06.487+0000][gc,heap     ] GC(3) Survivor regions: 2->7(7)
[2025-09-25T15:39:06.487+0000][gc,heap     ] GC(3) Old regions: 10->10
[2025-09-25T15:39:06.487+0000][gc,heap     ] GC(3) Humongous regions: 129->129
[2025-09-25T15:39:06.487+0000][gc,metaspace] GC(3) Metaspace: 32858K(33152K)->32858K(33152K) NonClass: 29296K(29440K)->29296K(29440K) Class: 3562K(3712K)->3562K(3712K)
[2025-09-25T15:39:06.487+0000][gc          ] GC(3) Pause Young (Prepare Mixed) (G1 Evacuation Pause) 188M->144M(1024M) 16.230ms
[2025-09-25T15:39:06.487+0000][gc,cpu      ] GC(3) User=0.02s Sys=0.00s Real=0.02s
[2025-09-25T15:39:06.762+0000][gc,start    ] GC(4) Pause Young (Mixed) (Metadata GC Threshold)
[2025-09-25T15:39:06.762+0000][gc,task     ] GC(4) Using 8 workers of 8 for evacuation
[2025-09-25T15:39:06.777+0000][gc,phases   ] GC(4)   Pre Evacuate Collection Set: 0.3ms
[2025-09-25T15:39:06.777+0000][gc,phases   ] GC(4)   Merge Heap Roots: 0.1ms
[2025-09-25T15:39:06.777+0000][gc,phases   ] GC(4)   Evacuate Collection Set: 14.5ms
[2025-09-25T15:39:06.777+0000][gc,phases   ] GC(4)   Post Evacuate Collection Set: 0.7ms
[2025-09-25T15:39:06.777+0000][gc,phases   ] GC(4)   Other: 0.1ms
[2025-09-25T15:39:06.777+0000][gc,heap     ] GC(4) Eden regions: 13->0(50)
[2025-09-25T15:39:06.777+0000][gc,heap     ] GC(4) Survivor regions: 7->1(7)
[2025-09-25T15:39:06.777+0000][gc,heap     ] GC(4) Old regions: 10->15
[2025-09-25T15:39:06.777+0000][gc,heap     ] GC(4) Humongous regions: 129->129
[2025-09-25T15:39:06.777+0000][gc,metaspace] GC(4) Metaspace: 35908K(36160K)->35908K(36160K) NonClass: 32013K(32128K)->32013K(32128K) Class: 3895K(4032K)->3895K(4032K)
[2025-09-25T15:39:06.777+0000][gc          ] GC(4) Pause Young (Mixed) (Metadata GC Threshold) 156M->144M(1024M) 15.822ms
[2025-09-25T15:39:06.777+0000][gc,cpu      ] GC(4) User=0.02s Sys=0.00s Real=0.02s
[2025-09-25T15:39:06.803+0000][gc,start    ] GC(5) Pause Young (Concurrent Start) (Metadata GC Threshold)
[2025-09-25T15:39:06.803+0000][gc,task     ] GC(5) Using 8 workers of 8 for evacuation
[2025-09-25T15:39:06.807+0000][gc,phases   ] GC(5)   Pre Evacuate Collection Set: 0.3ms
[2025-09-25T15:39:06.807+0000][gc,phases   ] GC(5)   Merge Heap Roots: 0.1ms
[2025-09-25T15:39:06.807+0000][gc,phases   ] GC(5)   Evacuate Collection Set: 3.0ms
[2025-09-25T15:39:06.807+0000][gc,phases   ] GC(5)   Post Evacuate Collection Set: 0.4ms
[2025-09-25T15:39:06.807+0000][gc,phases   ] GC(5)   Other: 0.1ms
[2025-09-25T15:39:06.807+0000][gc,heap     ] GC(5) Eden regions: 3->0(50)
[2025-09-25T15:39:06.807+0000][gc,heap     ] GC(5) Survivor regions: 1->1(7)
[2025-09-25T15:39:06.807+0000][gc,heap     ] GC(5) Old regions: 15->15
[2025-09-25T15:39:06.807+0000][gc,heap     ] GC(5) Humongous regions: 129->129
[2025-09-25T15:39:06.807+0000][gc,metaspace] GC(5) Metaspace: 36174K(36480K)->36174K(36480K) NonClass: 32229K(32384K)->32229K(32384K) Class: 3944K(4096K)->3944K(4096K)
[2025-09-25T15:39:06.807+0000][gc          ] GC(5) Pause Young (Concurrent Start) (Metadata GC Threshold) 147M->144M(1024M) 3.940ms
[2025-09-25T15:39:06.807+0000][gc          ] GC(6) Concurrent Mark Cycle
[2025-09-25T15:39:06.807+0000][gc,marking  ] GC(6) Concurrent Scan Root Regions
[2025-09-25T15:39:06.808+0000][gc,cpu      ] GC(5) User=0.00s Sys=0.00s Real=0.01s
[2025-09-25T15:39:06.810+0000][gc,marking  ] GC(6) Concurrent Scan Root Regions 2.956ms
[2025-09-25T15:39:06.810+0000][gc,marking  ] GC(6) Concurrent Mark
[2025-09-25T15:39:06.810+0000][gc,marking  ] GC(6) Concurrent Mark From Roots
[2025-09-25T15:39:06.810+0000][gc,task     ] GC(6) Using 2 workers of 2 for marking
[2025-09-25T15:39:06.901+0000][gc,marking  ] GC(6) Concurrent Mark From Roots 90.644ms
[2025-09-25T15:39:06.901+0000][gc,marking  ] GC(6) Concurrent Preclean
[2025-09-25T15:39:06.901+0000][gc,marking  ] GC(6) Concurrent Preclean 0.034ms
[2025-09-25T15:39:06.902+0000][gc,start    ] GC(6) Pause Remark
[2025-09-25T15:39:06.906+0000][gc          ] GC(6) Pause Remark 147M->147M(1024M) 4.678ms
[2025-09-25T15:39:06.907+0000][gc,cpu      ] GC(6) User=0.01s Sys=0.00s Real=0.01s
[2025-09-25T15:39:06.907+0000][gc,marking  ] GC(6) Concurrent Mark 96.210ms
[2025-09-25T15:39:06.907+0000][gc,marking  ] GC(6) Concurrent Rebuild Remembered Sets and Scrub Regions
[2025-09-25T15:39:06.914+0000][gc,marking  ] GC(6) Concurrent Rebuild Remembered Sets and Scrub Regions 7.571ms
[2025-09-25T15:39:06.915+0000][gc,start    ] GC(6) Pause Cleanup
[2025-09-25T15:39:06.915+0000][gc          ] GC(6) Pause Cleanup 147M->147M(1024M) 0.174ms
[2025-09-25T15:39:06.915+0000][gc,cpu      ] GC(6) User=0.00s Sys=0.00s Real=0.00s
[2025-09-25T15:39:06.916+0000][gc,marking  ] GC(6) Concurrent Clear Claimed Marks
[2025-09-25T15:39:06.916+0000][gc,marking  ] GC(6) Concurrent Clear Claimed Marks 0.053ms
[2025-09-25T15:39:06.916+0000][gc,marking  ] GC(6) Concurrent Cleanup for Next Mark
[2025-09-25T15:39:06.918+0000][gc,marking  ] GC(6) Concurrent Cleanup for Next Mark 1.767ms
[2025-09-25T15:39:06.918+0000][gc          ] GC(6) Concurrent Mark Cycle 110.985ms
[2025-09-25T15:39:50.102+0000][gc,start    ] GC(7) Pause Young (Normal) (G1 Evacuation Pause)
[2025-09-25T15:39:50.102+0000][gc,task     ] GC(7) Using 8 workers of 8 for evacuation
[2025-09-25T15:39:50.106+0000][gc,phases   ] GC(7)   Pre Evacuate Collection Set: 0.2ms
[2025-09-25T15:39:50.106+0000][gc,phases   ] GC(7)   Merge Heap Roots: 0.1ms
[2025-09-25T15:39:50.106+0000][gc,phases   ] GC(7)   Evacuate Collection Set: 2.4ms
[2025-09-25T15:39:50.106+0000][gc,phases   ] GC(7)   Post Evacuate Collection Set: 0.6ms
[2025-09-25T15:39:50.106+0000][gc,phases   ] GC(7)   Other: 0.1ms
[2025-09-25T15:39:50.106+0000][gc,heap     ] GC(7) Eden regions: 50->0(46)
[2025-09-25T15:39:50.106+0000][gc,heap     ] GC(7) Survivor regions: 1->5(7)
[2025-09-25T15:39:50.106+0000][gc,heap     ] GC(7) Old regions: 15->15
[2025-09-25T15:39:50.106+0000][gc,heap     ] GC(7) Humongous regions: 129->129
[2025-09-25T15:39:50.106+0000][gc,metaspace] GC(7) Metaspace: 44023K(44672K)->44023K(44672K) NonClass: 38806K(39168K)->38806K(39168K) Class: 5217K(5504K)->5217K(5504K)
[2025-09-25T15:39:50.106+0000][gc          ] GC(7) Pause Young (Normal) (G1 Evacuation Pause) 194M->148M(1024M) 3.498ms
[2025-09-25T15:39:50.106+0000][gc,cpu      ] GC(7) User=0.01s Sys=0.00s Real=0.01s
[2025-09-25T15:44:49.993+0000][gc,start    ] GC(8) Pause Young (Normal) (G1 Evacuation Pause)
[2025-09-25T15:44:49.993+0000][gc,task     ] GC(8) Using 8 workers of 8 for evacuation
[2025-09-25T15:44:50.002+0000][gc,phases   ] GC(8)   Pre Evacuate Collection Set: 0.6ms
[2025-09-25T15:44:50.003+0000][gc,phases   ] GC(8)   Merge Heap Roots: 0.2ms
[2025-09-25T15:44:50.003+0000][gc,phases   ] GC(8)   Evacuate Collection Set: 7.7ms
[2025-09-25T15:44:50.003+0000][gc,phases   ] GC(8)   Post Evacuate Collection Set: 1.1ms
[2025-09-25T15:44:50.003+0000][gc,phases   ] GC(8)   Other: 0.2ms
[2025-09-25T15:44:50.003+0000][gc,heap     ] GC(8) Eden regions: 46->0(47)
[2025-09-25T15:44:50.003+0000][gc,heap     ] GC(8) Survivor regions: 5->4(7)
[2025-09-25T15:44:50.003+0000][gc,heap     ] GC(8) Old regions: 15->20
[2025-09-25T15:44:50.003+0000][gc,heap     ] GC(8) Humongous regions: 129->129
[2025-09-25T15:44:50.003+0000][gc,metaspace] GC(8) Metaspace: 45090K(45760K)->45090K(45760K) NonClass: 39803K(40192K)->39803K(40192K) Class: 5287K(5568K)->5287K(5568K)
[2025-09-25T15:44:50.003+0000][gc          ] GC(8) Pause Young (Normal) (G1 Evacuation Pause) 194M->151M(1024M) 10.121ms
[2025-09-25T15:44:50.003+0000][gc,cpu      ] GC(8) User=0.06s Sys=0.01s Real=0.01s
[2025-09-25T15:50:34.968+0000][gc,start    ] GC(9) Pause Young (Normal) (G1 Evacuation Pause)
[2025-09-25T15:50:34.968+0000][gc,task     ] GC(9) Using 8 workers of 8 for evacuation
[2025-09-25T15:50:34.976+0000][gc,phases   ] GC(9)   Pre Evacuate Collection Set: 0.5ms
[2025-09-25T15:50:34.976+0000][gc,phases   ] GC(9)   Merge Heap Roots: 0.2ms
[2025-09-25T15:50:34.976+0000][gc,phases   ] GC(9)   Evacuate Collection Set: 6.2ms
[2025-09-25T15:50:34.976+0000][gc,phases   ] GC(9)   Post Evacuate Collection Set: 0.6ms
[2025-09-25T15:50:34.976+0000][gc,phases   ] GC(9)   Other: 0.1ms
[2025-09-25T15:50:34.976+0000][gc,heap     ] GC(9) Eden regions: 47->0(44)
[2025-09-25T15:50:34.976+0000][gc,heap     ] GC(9) Survivor regions: 4->7(7)
[2025-09-25T15:50:34.976+0000][gc,heap     ] GC(9) Old regions: 20->20
[2025-09-25T15:50:34.976+0000][gc,heap     ] GC(9) Humongous regions: 129->129
[2025-09-25T15:50:34.976+0000][gc,metaspace] GC(9) Metaspace: 45253K(45952K)->45253K(45952K) NonClass: 39949K(40384K)->39949K(40384K) Class: 5303K(5568K)->5303K(5568K)
[2025-09-25T15:50:34.976+0000][gc          ] GC(9) Pause Young (Normal) (G1 Evacuation Pause) 198M->154M(1024M) 7.989ms
[2025-09-25T15:50:34.976+0000][gc,cpu      ] GC(9) User=0.05s Sys=0.00s Real=0.01s
[2025-09-25T15:56:15.950+0000][gc,start    ] GC(10) Pause Young (Normal) (G1 Evacuation Pause)
[2025-09-25T15:56:15.950+0000][gc,task     ] GC(10) Using 8 workers of 8 for evacuation
[2025-09-25T15:56:15.958+0000][gc,phases   ] GC(10)   Pre Evacuate Collection Set: 0.4ms
[2025-09-25T15:56:15.958+0000][gc,phases   ] GC(10)   Merge Heap Roots: 0.1ms
[2025-09-25T15:56:15.958+0000][gc,phases   ] GC(10)   Evacuate Collection Set: 7.3ms
[2025-09-25T15:56:15.958+0000][gc,phases   ] GC(10)   Post Evacuate Collection Set: 0.5ms
[2025-09-25T15:56:15.958+0000][gc,phases   ] GC(10)   Other: 0.1ms
[2025-09-25T15:56:15.958+0000][gc,heap     ] GC(10) Eden regions: 44->0(47)
[2025-09-25T15:56:15.958+0000][gc,heap     ] GC(10) Survivor regions: 7->4(7)
[2025-09-25T15:56:15.958+0000][gc,heap     ] GC(10) Old regions: 20->24
[2025-09-25T15:56:15.958+0000][gc,heap     ] GC(10) Humongous regions: 129->129
[2025-09-25T15:56:15.958+0000][gc,metaspace] GC(10) Metaspace: 45295K(45952K)->45295K(45952K) NonClass: 39990K(40384K)->39990K(40384K) Class: 5305K(5568K)->5305K(5568K)
[2025-09-25T15:56:15.959+0000][gc          ] GC(10) Pause Young (Normal) (G1 Evacuation Pause) 198M->156M(1024M) 8.758ms
[2025-09-25T15:56:15.959+0000][gc,cpu      ] GC(10) User=0.05s Sys=0.01s Real=0.01s
[2025-09-25T16:05:58.442+0000][gc,start    ] GC(11) Pause Young (Normal) (G1 Evacuation Pause)
[2025-09-25T16:05:58.442+0000][gc,task     ] GC(11) Using 8 workers of 8 for evacuation
[2025-09-25T16:05:58.451+0000][gc,phases   ] GC(11)   Pre Evacuate Collection Set: 0.5ms
[2025-09-25T16:05:58.451+0000][gc,phases   ] GC(11)   Merge Heap Roots: 0.1ms
[2025-09-25T16:05:58.451+0000][gc,phases   ] GC(11)   Evacuate Collection Set: 7.5ms
[2025-09-25T16:05:58.451+0000][gc,phases   ] GC(11)   Post Evacuate Collection Set: 0.7ms
[2025-09-25T16:05:58.451+0000][gc,phases   ] GC(11)   Other: 0.1ms
[2025-09-25T16:05:58.451+0000][gc,heap     ] GC(11) Eden regions: 47->0(44)
[2025-09-25T16:05:58.451+0000][gc,heap     ] GC(11) Survivor regions: 4->7(7)
[2025-09-25T16:05:58.451+0000][gc,heap     ] GC(11) Old regions: 24->25
[2025-09-25T16:05:58.451+0000][gc,heap     ] GC(11) Humongous regions: 129->129
[2025-09-25T16:05:58.451+0000][gc,metaspace] GC(11) Metaspace: 45397K(46080K)->45397K(46080K) NonClass: 40091K(40448K)->40091K(40448K) Class: 5306K(5632K)->5306K(5632K)
[2025-09-25T16:05:58.451+0000][gc          ] GC(11) Pause Young (Normal) (G1 Evacuation Pause) 203M->160M(1024M) 9.299ms
[2025-09-25T16:05:58.451+0000][gc,cpu      ] GC(11) User=0.06s Sys=0.00s Real=0.01s
[2025-09-25T16:11:57.338+0000][gc,start    ] GC(12) Pause Young (Normal) (G1 Evacuation Pause)
[2025-09-25T16:11:57.338+0000][gc,task     ] GC(12) Using 8 workers of 8 for evacuation
[2025-09-25T16:11:57.352+0000][gc,phases   ] GC(12)   Pre Evacuate Collection Set: 0.5ms
[2025-09-25T16:11:57.352+0000][gc,phases   ] GC(12)   Merge Heap Roots: 0.2ms
[2025-09-25T16:11:57.352+0000][gc,phases   ] GC(12)   Evacuate Collection Set: 12.4ms
[2025-09-25T16:11:57.352+0000][gc,phases   ] GC(12)   Post Evacuate Collection Set: 1.0ms
[2025-09-25T16:11:57.352+0000][gc,phases   ] GC(12)   Other: 0.1ms
[2025-09-25T16:11:57.352+0000][gc,heap     ] GC(12) Eden regions: 44->0(46)
[2025-09-25T16:11:57.352+0000][gc,heap     ] GC(12) Survivor regions: 7->5(7)
[2025-09-25T16:11:57.352+0000][gc,heap     ] GC(12) Old regions: 25->31
[2025-09-25T16:11:57.352+0000][gc,heap     ] GC(12) Humongous regions: 129->129
[2025-09-25T16:11:57.352+0000][gc,metaspace] GC(12) Metaspace: 45432K(46144K)->45432K(46144K) NonClass: 40125K(40512K)->40125K(40512K) Class: 5306K(5632K)->5306K(5632K)
[2025-09-25T16:11:57.352+0000][gc          ] GC(12) Pause Young (Normal) (G1 Evacuation Pause) 204M->164M(1024M) 14.521ms
[2025-09-25T16:11:57.353+0000][gc,cpu      ] GC(12) User=0.09s Sys=0.02s Real=0.01s
[2025-09-25T16:18:17.388+0000][gc,start    ] GC(13) Pause Young (Normal) (G1 Evacuation Pause)
[2025-09-25T16:18:17.389+0000][gc,task     ] GC(13) Using 8 workers of 8 for evacuation
[2025-09-25T16:18:17.395+0000][gc,phases   ] GC(13)   Pre Evacuate Collection Set: 0.3ms
[2025-09-25T16:18:17.395+0000][gc,phases   ] GC(13)   Merge Heap Roots: 0.1ms
[2025-09-25T16:18:17.395+0000][gc,phases   ] GC(13)   Evacuate Collection Set: 5.1ms
[2025-09-25T16:18:17.395+0000][gc,phases   ] GC(13)   Post Evacuate Collection Set: 0.5ms
[2025-09-25T16:18:17.395+0000][gc,phases   ] GC(13)   Other: 0.1ms
[2025-09-25T16:18:17.395+0000][gc,heap     ] GC(13) Eden regions: 46->0(45)
[2025-09-25T16:18:17.395+0000][gc,heap     ] GC(13) Survivor regions: 5->6(7)
[2025-09-25T16:18:17.395+0000][gc,heap     ] GC(13) Old regions: 31->35
[2025-09-25T16:18:17.395+0000][gc,heap     ] GC(13) Humongous regions: 129->129
[2025-09-25T16:18:17.395+0000][gc,metaspace] GC(13) Metaspace: 45463K(46144K)->45463K(46144K) NonClass: 40157K(40512K)->40157K(40512K) Class: 5306K(5632K)->5306K(5632K)
[2025-09-25T16:18:17.395+0000][gc          ] GC(13) Pause Young (Normal) (G1 Evacuation Pause) 210M->169M(1024M) 6.363ms
[2025-09-25T16:18:17.395+0000][gc,cpu      ] GC(13) User=0.04s Sys=0.00s Real=0.00s
[2025-09-25T16:24:23.349+0000][gc,start    ] GC(14) Pause Young (Normal) (G1 Evacuation Pause)
[2025-09-25T16:24:23.350+0000][gc,task     ] GC(14) Using 8 workers of 8 for evacuation
[2025-09-25T16:24:23.362+0000][gc,phases   ] GC(14)   Pre Evacuate Collection Set: 0.7ms
[2025-09-25T16:24:23.362+0000][gc,phases   ] GC(14)   Merge Heap Roots: 0.3ms
[2025-09-25T16:24:23.362+0000][gc,phases   ] GC(14)   Evacuate Collection Set: 10.7ms
[2025-09-25T16:24:23.362+0000][gc,phases   ] GC(14)   Post Evacuate Collection Set: 0.7ms
[2025-09-25T16:24:23.362+0000][gc,phases   ] GC(14)   Other: 0.2ms
[2025-09-25T16:24:23.362+0000][gc,heap     ] GC(14) Eden regions: 45->0(49)
[2025-09-25T16:24:23.362+0000][gc,heap     ] GC(14) Survivor regions: 6->6(7)
[2025-09-25T16:24:23.362+0000][gc,heap     ] GC(14) Old regions: 35->39
[2025-09-25T16:24:23.362+0000][gc,heap     ] GC(14) Humongous regions: 129->129
[2025-09-25T16:24:23.362+0000][gc,metaspace] GC(14) Metaspace: 45533K(46272K)->45533K(46272K) NonClass: 40226K(40640K)->40226K(40640K) Class: 5306K(5632K)->5306K(5632K)
[2025-09-25T16:24:23.363+0000][gc          ] GC(14) Pause Young (Normal) (G1 Evacuation Pause) 214M->173M(1024M) 13.045ms
[2025-09-25T16:24:23.363+0000][gc,cpu      ] GC(14) User=0.08s Sys=0.01s Real=0.01s
[2025-09-25T16:30:57.737+0000][gc,start    ] GC(15) Pause Young (Normal) (G1 Evacuation Pause)
[2025-09-25T16:30:57.737+0000][gc,task     ] GC(15) Using 8 workers of 8 for evacuation
[2025-09-25T16:30:57.748+0000][gc,phases   ] GC(15)   Pre Evacuate Collection Set: 0.5ms
[2025-09-25T16:30:57.748+0000][gc,phases   ] GC(15)   Merge Heap Roots: 0.1ms
[2025-09-25T16:30:57.748+0000][gc,phases   ] GC(15)   Evacuate Collection Set: 8.7ms
[2025-09-25T16:30:57.748+0000][gc,phases   ] GC(15)   Post Evacuate Collection Set: 0.8ms
[2025-09-25T16:30:57.748+0000][gc,phases   ] GC(15)   Other: 0.1ms
[2025-09-25T16:30:57.748+0000][gc,heap     ] GC(15) Eden regions: 49->0(77)
[2025-09-25T16:30:57.748+0000][gc,heap     ] GC(15) Survivor regions: 6->5(7)
[2025-09-25T16:30:57.748+0000][gc,heap     ] GC(15) Old regions: 39->43
[2025-09-25T16:30:57.748+0000][gc,heap     ] GC(15) Humongous regions: 129->129
[2025-09-25T16:30:57.748+0000][gc,metaspace] GC(15) Metaspace: 45613K(46336K)->45613K(46336K) NonClass: 40306K(40704K)->40306K(40704K) Class: 5307K(5632K)->5307K(5632K)
[2025-09-25T16:30:57.748+0000][gc          ] GC(15) Pause Young (Normal) (G1 Evacuation Pause) 222M->175M(1024M) 10.704ms
[2025-09-25T16:30:57.748+0000][gc,cpu      ] GC(15) User=0.06s Sys=0.01s Real=0.01s
[2025-09-25T16:34:36.319+0000][gc,heap,exit] Heap
[2025-09-25T16:34:36.319+0000][gc,heap,exit]  garbage-first heap   total 1048576K, used 218565K [0x00000000c0000000, 0x0000000100000000)
[2025-09-25T16:34:36.319+0000][gc,heap,exit]   region size 1024K, 43 young (44032K), 5 survivors (5120K)
[2025-09-25T16:34:36.319+0000][gc,heap,exit]  Metaspace       used 46615K, committed 47360K, reserved 1114112K
[2025-09-25T16:34:36.319+0000][gc,heap,exit]   class space    used 5511K, committed 5824K, reserved 1048576K
