[2025-09-25T11:26:03.954+0000][gc,init] CardTable entry size: 512
[2025-09-25T11:26:03.954+0000][gc     ] Using G1
[2025-09-25T11:26:03.960+0000][gc,init] Version: 21.0.8+9-Ubuntu-0ubuntu124.04.1 (release)
[2025-09-25T11:26:03.960+0000][gc,init] CPUs: 8 total, 8 available
[2025-09-25T11:26:03.960+0000][gc,init] Memory: 15638M
[2025-09-25T11:26:03.960+0000][gc,init] Large Page Support: Disabled
[2025-09-25T11:26:03.960+0000][gc,init] NUMA Support: Disabled
[2025-09-25T11:26:03.960+0000][gc,init] Compressed Oops: Enabled (32-bit)
[2025-09-25T11:26:03.960+0000][gc,init] Heap Region Size: 1M
[2025-09-25T11:26:03.960+0000][gc,init] Heap Min Capacity: 512M
[2025-09-25T11:26:03.960+0000][gc,init] Heap Initial Capacity: 512M
[2025-09-25T11:26:03.960+0000][gc,init] Heap Max Capacity: 512M
[2025-09-25T11:26:03.960+0000][gc,init] Pre-touch: Disabled
[2025-09-25T11:26:03.960+0000][gc,init] Parallel Workers: 8
[2025-09-25T11:26:03.960+0000][gc,init] Concurrent Workers: 2
[2025-09-25T11:26:03.960+0000][gc,init] Concurrent Refinement Workers: 8
[2025-09-25T11:26:03.960+0000][gc,init] Periodic GC: Disabled
[2025-09-25T11:26:03.970+0000][gc,metaspace] CDS archive(s) mapped at: [0x000079a28b000000-0x000079a28bca0000-0x000079a28bca0000), size 13238272, SharedBaseAddress: 0x000079a28b000000, ArchiveRelocationMode: 1.
[2025-09-25T11:26:03.970+0000][gc,metaspace] Compressed class space mapped at: 0x000079a28c000000-0x000079a2cc000000, reserved size: 1073741824
[2025-09-25T11:26:03.970+0000][gc,metaspace] Narrow klass base: 0x000079a28b000000, Narrow klass shift: 0, Narrow klass range: 0x100000000
[2025-09-25T11:26:05.674+0000][gc,start    ] GC(0) Pause Young (Normal) (G1 Evacuation Pause)
[2025-09-25T11:26:05.678+0000][gc,task     ] GC(0) Using 8 workers of 8 for evacuation
[2025-09-25T11:26:05.707+0000][gc,mmu      ] GC(0) MMU target violated: 21.0ms (20.0ms/21.0ms)
[2025-09-25T11:26:05.707+0000][gc,phases   ] GC(0)   Pre Evacuate Collection Set: 0.2ms
[2025-09-25T11:26:05.707+0000][gc,phases   ] GC(0)   Merge Heap Roots: 0.1ms
[2025-09-25T11:26:05.707+0000][gc,phases   ] GC(0)   Evacuate Collection Set: 27.9ms
[2025-09-25T11:26:05.707+0000][gc,phases   ] GC(0)   Post Evacuate Collection Set: 0.6ms
[2025-09-25T11:26:05.707+0000][gc,phases   ] GC(0)   Other: 3.9ms
[2025-09-25T11:26:05.707+0000][gc,heap     ] GC(0) Eden regions: 25->0(21)
[2025-09-25T11:26:05.707+0000][gc,heap     ] GC(0) Survivor regions: 0->4(4)
[2025-09-25T11:26:05.707+0000][gc,heap     ] GC(0) Old regions: 2->6
[2025-09-25T11:26:05.707+0000][gc,heap     ] GC(0) Humongous regions: 0->0
[2025-09-25T11:26:05.707+0000][gc,metaspace] GC(0) Metaspace: 7901K(8064K)->7901K(8064K) NonClass: 7064K(7168K)->7064K(7168K) Class: 836K(896K)->836K(896K)
[2025-09-25T11:26:05.707+0000][gc          ] GC(0) Pause Young (Normal) (G1 Evacuation Pause) 26M->9M(512M) 32.811ms
[2025-09-25T11:26:05.707+0000][gc,cpu      ] GC(0) User=0.03s Sys=0.00s Real=0.03s
[2025-09-25T12:12:23.266+0000][gc,heap,exit] Heap
[2025-09-25T12:12:23.266+0000][gc,heap,exit]  garbage-first heap   total 524288K, used 21679K [0x00000000e0000000, 0x0000000100000000)
[2025-09-25T12:12:23.266+0000][gc,heap,exit]   region size 1024K, 17 young (17408K), 4 survivors (4096K)
[2025-09-25T12:12:23.266+0000][gc,heap,exit]  Metaspace       used 9644K, committed 9856K, reserved 1114112K
[2025-09-25T12:12:23.266+0000][gc,heap,exit]   class space    used 979K, committed 1088K, reserved 1048576K
