[2025-09-26T07:18:14.590+0000][gc,init] CardTable entry size: 512
[2025-09-26T07:18:14.590+0000][gc     ] Using G1
[2025-09-26T07:18:14.597+0000][gc,init] Version: 21.0.8+9-Ubuntu-0ubuntu124.04.1 (release)
[2025-09-26T07:18:14.597+0000][gc,init] CPUs: 8 total, 8 available
[2025-09-26T07:18:14.597+0000][gc,init] Memory: 15638M
[2025-09-26T07:18:14.597+0000][gc,init] Large Page Support: Disabled
[2025-09-26T07:18:14.597+0000][gc,init] NUMA Support: Disabled
[2025-09-26T07:18:14.597+0000][gc,init] Compressed Oops: Enabled (32-bit)
[2025-09-26T07:18:14.597+0000][gc,init] Heap Region Size: 1M
[2025-09-26T07:18:14.597+0000][gc,init] Heap Min Capacity: 512M
[2025-09-26T07:18:14.598+0000][gc,init] Heap Initial Capacity: 512M
[2025-09-26T07:18:14.598+0000][gc,init] Heap Max Capacity: 512M
[2025-09-26T07:18:14.598+0000][gc,init] Pre-touch: Disabled
[2025-09-26T07:18:14.598+0000][gc,init] Parallel Workers: 8
[2025-09-26T07:18:14.598+0000][gc,init] Concurrent Workers: 2
[2025-09-26T07:18:14.598+0000][gc,init] Concurrent Refinement Workers: 8
[2025-09-26T07:18:14.598+0000][gc,init] Periodic GC: Disabled
[2025-09-26T07:18:14.608+0000][gc,metaspace] CDS archive(s) mapped at: [0x00007c0f0f000000-0x00007c0f0fca0000-0x00007c0f0fca0000), size 13238272, SharedBaseAddress: 0x00007c0f0f000000, ArchiveRelocationMode: 1.
[2025-09-26T07:18:14.608+0000][gc,metaspace] Compressed class space mapped at: 0x00007c0f10000000-0x00007c0f50000000, reserved size: 1073741824
[2025-09-26T07:18:14.608+0000][gc,metaspace] Narrow klass base: 0x00007c0f0f000000, Narrow klass shift: 0, Narrow klass range: 0x100000000
[2025-09-26T07:18:16.654+0000][gc,start    ] GC(0) Pause Young (Normal) (G1 Evacuation Pause)
[2025-09-26T07:18:16.655+0000][gc,task     ] GC(0) Using 8 workers of 8 for evacuation
[2025-09-26T07:18:16.786+0000][gc,mmu      ] GC(0) MMU target violated: 21.0ms (20.0ms/21.0ms)
[2025-09-26T07:18:16.786+0000][gc,phases   ] GC(0)   Pre Evacuate Collection Set: 0.1ms
[2025-09-26T07:18:16.786+0000][gc,phases   ] GC(0)   Merge Heap Roots: 0.1ms
[2025-09-26T07:18:16.786+0000][gc,phases   ] GC(0)   Evacuate Collection Set: 129.4ms
[2025-09-26T07:18:16.786+0000][gc,phases   ] GC(0)   Post Evacuate Collection Set: 0.7ms
[2025-09-26T07:18:16.786+0000][gc,phases   ] GC(0)   Other: 1.4ms
[2025-09-26T07:18:16.786+0000][gc,heap     ] GC(0) Eden regions: 25->0(21)
[2025-09-26T07:18:16.786+0000][gc,heap     ] GC(0) Survivor regions: 0->4(4)
[2025-09-26T07:18:16.786+0000][gc,heap     ] GC(0) Old regions: 2->7
[2025-09-26T07:18:16.786+0000][gc,heap     ] GC(0) Humongous regions: 0->0
[2025-09-26T07:18:16.786+0000][gc,metaspace] GC(0) Metaspace: 7935K(8064K)->7935K(8064K) NonClass: 7099K(7168K)->7099K(7168K) Class: 836K(896K)->836K(896K)
[2025-09-26T07:18:16.786+0000][gc          ] GC(0) Pause Young (Normal) (G1 Evacuation Pause) 26M->9M(512M) 131.835ms
[2025-09-26T07:18:16.786+0000][gc,cpu      ] GC(0) User=0.10s Sys=0.01s Real=0.13s
[2025-09-26T08:21:27.128+0000][gc,heap,exit] Heap
[2025-09-26T08:21:27.128+0000][gc,heap,exit]  garbage-first heap   total 524288K, used 22950K [0x00000000e0000000, 0x0000000100000000)
[2025-09-26T08:21:27.128+0000][gc,heap,exit]   region size 1024K, 18 young (18432K), 4 survivors (4096K)
[2025-09-26T08:21:27.128+0000][gc,heap,exit]  Metaspace       used 9680K, committed 9856K, reserved 1114112K
[2025-09-26T08:21:27.128+0000][gc,heap,exit]   class space    used 979K, committed 1088K, reserved 1048576K
