[2025-09-25T06:16:22.796+0000][gc,init] CardTable entry size: 512
[2025-09-25T06:16:22.796+0000][gc     ] Using G1
[2025-09-25T06:16:22.801+0000][gc,init] Version: 21.0.8+9-Ubuntu-0ubuntu124.04.1 (release)
[2025-09-25T06:16:22.801+0000][gc,init] CPUs: 8 total, 8 available
[2025-09-25T06:16:22.801+0000][gc,init] Memory: 15638M
[2025-09-25T06:16:22.801+0000][gc,init] Large Page Support: Disabled
[2025-09-25T06:16:22.801+0000][gc,init] NUMA Support: Disabled
[2025-09-25T06:16:22.801+0000][gc,init] Compressed Oops: Enabled (32-bit)
[2025-09-25T06:16:22.801+0000][gc,init] Heap Region Size: 1M
[2025-09-25T06:16:22.801+0000][gc,init] Heap Min Capacity: 512M
[2025-09-25T06:16:22.801+0000][gc,init] Heap Initial Capacity: 512M
[2025-09-25T06:16:22.801+0000][gc,init] Heap Max Capacity: 512M
[2025-09-25T06:16:22.801+0000][gc,init] Pre-touch: Disabled
[2025-09-25T06:16:22.801+0000][gc,init] Parallel Workers: 8
[2025-09-25T06:16:22.801+0000][gc,init] Concurrent Workers: 2
[2025-09-25T06:16:22.801+0000][gc,init] Concurrent Refinement Workers: 8
[2025-09-25T06:16:22.801+0000][gc,init] Periodic GC: Disabled
[2025-09-25T06:16:22.809+0000][gc,metaspace] CDS archive(s) mapped at: [0x0000796607000000-0x0000796607ca0000-0x0000796607ca0000), size 13238272, SharedBaseAddress: 0x0000796607000000, ArchiveRelocationMode: 1.
[2025-09-25T06:16:22.809+0000][gc,metaspace] Compressed class space mapped at: 0x0000796608000000-0x0000796648000000, reserved size: 1073741824
[2025-09-25T06:16:22.809+0000][gc,metaspace] Narrow klass base: 0x0000796607000000, Narrow klass shift: 0, Narrow klass range: 0x100000000
[2025-09-25T06:16:23.507+0000][gc,start    ] GC(0) Pause Young (Normal) (G1 Evacuation Pause)
[2025-09-25T06:16:23.508+0000][gc,task     ] GC(0) Using 8 workers of 8 for evacuation
[2025-09-25T06:16:23.523+0000][gc,phases   ] GC(0)   Pre Evacuate Collection Set: 0.2ms
[2025-09-25T06:16:23.523+0000][gc,phases   ] GC(0)   Merge Heap Roots: 0.1ms
[2025-09-25T06:16:23.523+0000][gc,phases   ] GC(0)   Evacuate Collection Set: 12.6ms
[2025-09-25T06:16:23.523+0000][gc,phases   ] GC(0)   Post Evacuate Collection Set: 1.8ms
[2025-09-25T06:16:23.523+0000][gc,phases   ] GC(0)   Other: 1.1ms
[2025-09-25T06:16:23.523+0000][gc,heap     ] GC(0) Eden regions: 25->0(21)
[2025-09-25T06:16:23.523+0000][gc,heap     ] GC(0) Survivor regions: 0->4(4)
[2025-09-25T06:16:23.523+0000][gc,heap     ] GC(0) Old regions: 2->6
[2025-09-25T06:16:23.523+0000][gc,heap     ] GC(0) Humongous regions: 0->0
[2025-09-25T06:16:23.523+0000][gc,metaspace] GC(0) Metaspace: 7944K(8064K)->7944K(8064K) NonClass: 7108K(7168K)->7108K(7168K) Class: 836K(896K)->836K(896K)
[2025-09-25T06:16:23.523+0000][gc          ] GC(0) Pause Young (Normal) (G1 Evacuation Pause) 26M->8M(512M) 16.028ms
[2025-09-25T06:16:23.523+0000][gc,cpu      ] GC(0) User=0.02s Sys=0.00s Real=0.01s
[2025-09-25T06:19:02.222+0000][gc,heap,exit] Heap
[2025-09-25T06:19:02.222+0000][gc,heap,exit]  garbage-first heap   total 524288K, used 16464K [0x00000000e0000000, 0x0000000100000000)
[2025-09-25T06:19:02.222+0000][gc,heap,exit]   region size 1024K, 12 young (12288K), 4 survivors (4096K)
[2025-09-25T06:19:02.222+0000][gc,heap,exit]  Metaspace       used 9196K, committed 9472K, reserved 1114112K
[2025-09-25T06:19:02.222+0000][gc,heap,exit]   class space    used 975K, committed 1088K, reserved 1048576K
